Archive member included to satisfy reference by file (symbol)

D:/CODIng/Embedded C/MCU1/SETUP/STM32CubeIDE_1.16.0/STM32CubeIDE/plugins/com.st.stm32cube.ide.mcu.externaltools.gnu-tools-for-stm32.13.3.rel1.win32_1.0.0.202411081344/tools/bin/../lib/gcc/arm-none-eabi/13.3.1/../../../../arm-none-eabi/lib/thumb/v7e-m+fp/hard\libc_nano.a(libc_a-exit.o)
                              D:/CODIng/Embedded C/MCU1/SETUP/STM32CubeIDE_1.16.0/STM32CubeIDE/plugins/com.st.stm32cube.ide.mcu.externaltools.gnu-tools-for-stm32.13.3.rel1.win32_1.0.0.202411081344/tools/bin/../lib/gcc/arm-none-eabi/13.3.1/../../../../arm-none-eabi/lib/thumb/v7e-m+fp/hard/crt0.o (exit)
D:/CODIng/Embedded C/MCU1/SETUP/STM32CubeIDE_1.16.0/STM32CubeIDE/plugins/com.st.stm32cube.ide.mcu.externaltools.gnu-tools-for-stm32.13.3.rel1.win32_1.0.0.202411081344/tools/bin/../lib/gcc/arm-none-eabi/13.3.1/../../../../arm-none-eabi/lib/thumb/v7e-m+fp/hard\libc_nano.a(libc_a-findfp.o)
                              D:/CODIng/Embedded C/MCU1/SETUP/STM32CubeIDE_1.16.0/STM32CubeIDE/plugins/com.st.stm32cube.ide.mcu.externaltools.gnu-tools-for-stm32.13.3.rel1.win32_1.0.0.202411081344/tools/bin/../lib/gcc/arm-none-eabi/13.3.1/../../../../arm-none-eabi/lib/thumb/v7e-m+fp/hard\libc_nano.a(libc_a-exit.o) (__stdio_exit_handler)
D:/CODIng/Embedded C/MCU1/SETUP/STM32CubeIDE_1.16.0/STM32CubeIDE/plugins/com.st.stm32cube.ide.mcu.externaltools.gnu-tools-for-stm32.13.3.rel1.win32_1.0.0.202411081344/tools/bin/../lib/gcc/arm-none-eabi/13.3.1/../../../../arm-none-eabi/lib/thumb/v7e-m+fp/hard\libc_nano.a(libc_a-fwalk.o)
                              D:/CODIng/Embedded C/MCU1/SETUP/STM32CubeIDE_1.16.0/STM32CubeIDE/plugins/com.st.stm32cube.ide.mcu.externaltools.gnu-tools-for-stm32.13.3.rel1.win32_1.0.0.202411081344/tools/bin/../lib/gcc/arm-none-eabi/13.3.1/../../../../arm-none-eabi/lib/thumb/v7e-m+fp/hard\libc_nano.a(libc_a-findfp.o) (_fwalk_sglue)
D:/CODIng/Embedded C/MCU1/SETUP/STM32CubeIDE_1.16.0/STM32CubeIDE/plugins/com.st.stm32cube.ide.mcu.externaltools.gnu-tools-for-stm32.13.3.rel1.win32_1.0.0.202411081344/tools/bin/../lib/gcc/arm-none-eabi/13.3.1/../../../../arm-none-eabi/lib/thumb/v7e-m+fp/hard\libc_nano.a(libc_a-sprintf.o)
                              ./Core/Src/main.o (sprintf)
D:/CODIng/Embedded C/MCU1/SETUP/STM32CubeIDE_1.16.0/STM32CubeIDE/plugins/com.st.stm32cube.ide.mcu.externaltools.gnu-tools-for-stm32.13.3.rel1.win32_1.0.0.202411081344/tools/bin/../lib/gcc/arm-none-eabi/13.3.1/../../../../arm-none-eabi/lib/thumb/v7e-m+fp/hard\libc_nano.a(libc_a-stdio.o)
                              D:/CODIng/Embedded C/MCU1/SETUP/STM32CubeIDE_1.16.0/STM32CubeIDE/plugins/com.st.stm32cube.ide.mcu.externaltools.gnu-tools-for-stm32.13.3.rel1.win32_1.0.0.202411081344/tools/bin/../lib/gcc/arm-none-eabi/13.3.1/../../../../arm-none-eabi/lib/thumb/v7e-m+fp/hard\libc_nano.a(libc_a-findfp.o) (__sread)
D:/CODIng/Embedded C/MCU1/SETUP/STM32CubeIDE_1.16.0/STM32CubeIDE/plugins/com.st.stm32cube.ide.mcu.externaltools.gnu-tools-for-stm32.13.3.rel1.win32_1.0.0.202411081344/tools/bin/../lib/gcc/arm-none-eabi/13.3.1/../../../../arm-none-eabi/lib/thumb/v7e-m+fp/hard\libc_nano.a(libc_a-memset.o)
                              D:/CODIng/Embedded C/MCU1/SETUP/STM32CubeIDE_1.16.0/STM32CubeIDE/plugins/com.st.stm32cube.ide.mcu.externaltools.gnu-tools-for-stm32.13.3.rel1.win32_1.0.0.202411081344/tools/bin/../lib/gcc/arm-none-eabi/13.3.1/../../../../arm-none-eabi/lib/thumb/v7e-m+fp/hard/crt0.o (memset)
D:/CODIng/Embedded C/MCU1/SETUP/STM32CubeIDE_1.16.0/STM32CubeIDE/plugins/com.st.stm32cube.ide.mcu.externaltools.gnu-tools-for-stm32.13.3.rel1.win32_1.0.0.202411081344/tools/bin/../lib/gcc/arm-none-eabi/13.3.1/../../../../arm-none-eabi/lib/thumb/v7e-m+fp/hard\libc_nano.a(libc_a-closer.o)
                              D:/CODIng/Embedded C/MCU1/SETUP/STM32CubeIDE_1.16.0/STM32CubeIDE/plugins/com.st.stm32cube.ide.mcu.externaltools.gnu-tools-for-stm32.13.3.rel1.win32_1.0.0.202411081344/tools/bin/../lib/gcc/arm-none-eabi/13.3.1/../../../../arm-none-eabi/lib/thumb/v7e-m+fp/hard\libc_nano.a(libc_a-stdio.o) (_close_r)
D:/CODIng/Embedded C/MCU1/SETUP/STM32CubeIDE_1.16.0/STM32CubeIDE/plugins/com.st.stm32cube.ide.mcu.externaltools.gnu-tools-for-stm32.13.3.rel1.win32_1.0.0.202411081344/tools/bin/../lib/gcc/arm-none-eabi/13.3.1/../../../../arm-none-eabi/lib/thumb/v7e-m+fp/hard\libc_nano.a(libc_a-reent.o)
                              D:/CODIng/Embedded C/MCU1/SETUP/STM32CubeIDE_1.16.0/STM32CubeIDE/plugins/com.st.stm32cube.ide.mcu.externaltools.gnu-tools-for-stm32.13.3.rel1.win32_1.0.0.202411081344/tools/bin/../lib/gcc/arm-none-eabi/13.3.1/../../../../arm-none-eabi/lib/thumb/v7e-m+fp/hard\libc_nano.a(libc_a-closer.o) (errno)
D:/CODIng/Embedded C/MCU1/SETUP/STM32CubeIDE_1.16.0/STM32CubeIDE/plugins/com.st.stm32cube.ide.mcu.externaltools.gnu-tools-for-stm32.13.3.rel1.win32_1.0.0.202411081344/tools/bin/../lib/gcc/arm-none-eabi/13.3.1/../../../../arm-none-eabi/lib/thumb/v7e-m+fp/hard\libc_nano.a(libc_a-impure.o)
[...]
Memory Configuration

Name             Origin             Length             Attributes
CCMRAM           0x10000000         0x00010000         xrw
RAM              0x20000000         0x00030000         xrw
FLASH            0x08000000         0x00200000         xr
*default*        0x00000000         0xffffffff

Linker script and memory map

LOAD D:/CODIng/Embedded C/MCU1/SETUP/STM32CubeIDE_1.16.0/STM32CubeIDE/plugins/com.st.stm32cube.ide.mcu.externaltools.gnu-tools-for-stm32.13.3.rel1.win32_1.0.0.202411081344/tools/bin/../lib/gcc/arm-none-eabi/13.3.1/thumb/v7e-m+fp/hard/crti.o
LOAD D:/CODIng/Embedded C/MCU1/SETUP/STM32CubeIDE_1.16.0/STM32CubeIDE/plugins/com.st.stm32cube.ide.mcu.externaltools.gnu-tools-for-stm32.13.3.rel1.win32_1.0.0.202411081344/tools/bin/../lib/gcc/arm-none-eabi/13.3.1/thumb/v7e-m+fp/hard/crtbegin.o
LOAD D:/CODIng/Embedded C/MCU1/SETUP/STM32CubeIDE_1.16.0/STM32CubeIDE/plugins/com.st.stm32cube.ide.mcu.externaltools.gnu-tools-for-stm32.13.3.rel1.win32_1.0.0.202411081344/tools/bin/../lib/gcc/arm-none-eabi/13.3.1/../../../../arm-none-eabi/lib/thumb/v7e-m+fp/hard/crt0.o
LOAD ./Core/Src/i2c.o
LOAD ./Core/Src/main.o
LOAD ./Core/Src/mpu6050.o
LOAD ./Core/Src/stm32f4xx_hal_msp.o
LOAD ./Core/Src/stm32f4xx_it.o
LOAD ./Core/Src/syscalls.o
LOAD ./Core/Src/sysmem.o
LOAD ./Core/Src/system_stm32f4xx.o
LOAD ./Core/Startup/startup_stm32f429zitx.o
LOAD ./Drivers/STM32F4xx_HAL_Driver/Src/stm32f4xx_hal.o
LOAD ./Drivers/STM32F4xx_HAL_Driver/Src/stm32f4xx_hal_cortex.o
LOAD ./Drivers/STM32F4xx_HAL_Driver/Src/stm32f4xx_hal_dma.o
LOAD ./Drivers/STM32F4xx_HAL_Driver/Src/stm32f4xx_hal_dma_ex.o
LOAD ./Drivers/STM32F4xx_HAL_Driver/Src/stm32f4xx_hal_exti.o
LOAD ./Drivers/STM32F4xx_HAL_Driver/Src/stm32f4xx_hal_flash.o
LOAD ./Drivers/STM32F4xx_HAL_Driver/Src/stm32f4xx_hal_flash_ex.o
LOAD ./Drivers/STM32F4xx_HAL_Driver/Src/stm32f4xx_hal_flash_ramfunc.o
LOAD ./Drivers/STM32F4xx_HAL_Driver/Src/stm32f4xx_hal_gpio.o
LOAD ./Drivers/STM32F4xx_HAL_Driver/Src/stm32f4xx_hal_i2c.o
LOAD ./Drivers/STM32F4xx_HAL_Driver/Src/stm32f4xx_hal_i2c_ex.o
LOAD ./Drivers/STM32F4xx_HAL_Driver/Src/stm32f4xx_hal_pcd.o
LOAD ./Drivers/STM32F4xx_HAL_Driver/Src/stm32f4xx_hal_pcd_ex.o
LOAD ./Drivers/STM32F4xx_HAL_Driver/Src/stm32f4xx_hal_pwr.o
LOAD ./Drivers/STM32F4xx_HAL_Driver/Src/stm32f4xx_hal_pwr_ex.o
LOAD ./Drivers/STM32F4xx_HAL_Driver/Src/stm32f4xx_hal_rcc.o
LOAD ./Drivers/STM32F4xx_HAL_Driver/Src/stm32f4xx_hal_rcc_ex.o
LOAD ./Drivers/STM32F4xx_HAL_Driver/Src/stm32f4xx_hal_uart.o
LOAD ./Drivers/STM32F4xx_HAL_Driver/Src/stm32f4xx_ll_usb.o
LOAD ./Middlewares/ST/STM32_USB_Device_Library/Class/HID/Src/usbd_hid.o
LOAD ./Middlewares/ST/STM32_USB_Device_Library/Core/Src/usbd_core.o
LOAD ./Middlewares/ST/STM32_USB_Device_Library/Core/Src/usbd_ctlreq.o
LOAD ./Middlewares/ST/STM32_USB_Device_Library/Core/Src/usbd_ioreq.o
LOAD ./USB_DEVICE/App/usb_device.o
LOAD ./USB_DEVICE/App/usbd_desc.o
LOAD ./USB_DEVICE/Target/usbd_conf.o
START GROUP
LOAD D:/CODIng/Embedded C/MCU1/SETUP/STM32CubeIDE_1.16.0/STM32CubeIDE/plugins/com.st.stm32cube.ide.mcu.externaltools.gnu-tools-for-stm32.13.3.rel1.win32_1.0.0.202411081344/tools/bin/../lib/gcc/arm-none-eabi/13.3.1/../../../../arm-none-eabi/lib/thumb/v7e-m+fp/hard\libc_nano.a
LOAD D:/CODIng/Embedded C/MCU1/SETUP/STM32CubeIDE_1.16.0/STM32CubeIDE/plugins/com.st.stm32cube.ide.mcu.externaltools.gnu-tools-for-stm32.13.3.rel1.win32_1.0.0.202411081344/tools/bin/../lib/gcc/arm-none-eabi/13.3.1/../../../../arm-none-eabi/lib/thumb/v7e-m+fp/hard\libm.a
END GROUP
START GROUP
LOAD D:/CODIng/Embedded C/MCU1/SETUP/STM32CubeIDE_1.16.0/STM32CubeIDE/plugins/com.st.stm32cube.ide.mcu.externaltools.gnu-tools-for-stm32.13.3.rel1.win32_1.0.0.202411081344/tools/bin/../lib/gcc/arm-none-eabi/13.3.1/thumb/v7e-m+fp/hard\libgcc.a
LOAD D:/CODIng/Embedded C/MCU1/SETUP/STM32CubeIDE_1.16.0/STM32CubeIDE/plugins/com.st.stm32cube.ide.mcu.externaltools.gnu-tools-for-stm32.13.3.rel1.win32_1.0.0.202411081344/tools/bin/../lib/gcc/arm-none-eabi/13.3.1/../../../../arm-none-eabi/lib/thumb/v7e-m+fp/hard\libc_nano.a
END GROUP
START GROUP
LOAD D:/CODIng/Embedded C/MCU1/SETUP/STM32CubeIDE_1.16.0/STM32CubeIDE/plugins/com.st.stm32cube.ide.mcu.externaltools.gnu-tools-for-stm32.13.3.rel1.win32_1.0.0.202411081344/tools/bin/../lib/gcc/arm-none-eabi/13.3.1/thumb/v7e-m+fp/hard\libgcc.a
LOAD D:/CODIng/Embedded C/MCU1/SETUP/STM32CubeIDE_1.16.0/STM32CubeIDE/plugins/com.st.stm32cube.ide.mcu.externaltools.gnu-tools-for-stm32.13.3.rel1.win32_1.0.0.202411081344/tools/bin/../lib/gcc/arm-none-eabi/13.3.1/../../../../arm-none-eabi/lib/thumb/v7e-m+fp/hard\libc_nano.a
LOAD D:/CODIng/Embedded C/MCU1/SETUP/STM32CubeIDE_1.16.0/STM32CubeIDE/plugins/com.st.stm32cube.ide.mcu.externaltools.gnu-tools-for-stm32.13.3.rel1.win32_1.0.0.202411081344/tools/bin/../lib/gcc/arm-none-eabi/13.3.1/../../../../arm-none-eabi/lib/thumb/v7e-m+fp/hard\libnosys.a
END GROUP
START GROUP
LOAD D:/CODIng/Embedded C/MCU1/SETUP/STM32CubeIDE_1.16.0/STM32CubeIDE/plugins/com.st.stm32cube.ide.mcu.externaltools.gnu-tools-for-stm32.13.3.rel1.win32_1.0.0.202411081344/tools/bin/../lib/gcc/arm-none-eabi/13.3.1/thumb/v7e-m+fp/hard\libgcc.a
LOAD D:/CODIng/Embedded C/MCU1/SETUP/STM32CubeIDE_1.16.0/STM32CubeIDE/plugins/com.st.stm32cube.ide.mcu.externaltools.gnu-tools-for-stm32.13.3.rel1.win32_1.0.0.202411081344/tools/bin/../lib/gcc/arm-none-eabi/13.3.1/../../../../arm-none-eabi/lib/thumb/v7e-m+fp/hard\libc_nano.a
LOAD D:/CODIng/Embedded C/MCU1/SETUP/STM32CubeIDE_1.16.0/STM32CubeIDE/plugins/com.st.stm32cube.ide.mcu.externaltools.gnu-tools-for-stm32.13.3.rel1.win32_1.0.0.202411081344/tools/bin/../lib/gcc/arm-none-eabi/13.3.1/../../../../arm-none-eabi/lib/thumb/v7e-m+fp/hard\libnosys.a
END GROUP
LOAD D:/CODIng/Embedded C/MCU1/SETUP/STM32CubeIDE_1.16.0/STM32CubeIDE/plugins/com.st.stm32cube.ide.mcu.externaltools.gnu-tools-for-stm32.13.3.rel1.win32_1.0.0.202411081344/tools/bin/../lib/gcc/arm-none-eabi/13.3.1/thumb/v7e-m+fp/hard/crtend.o
LOAD D:/CODIng/Embedded C/MCU1/SETUP/STM32CubeIDE_1.16.0/STM32CubeIDE/plugins/com.st.stm32cube.ide.mcu.externaltools.gnu-tools-for-stm32.13.3.rel1.win32_1.0.0.202411081344/tools/bin/../lib/gcc/arm-none-eabi/13.3.1/thumb/v7e-m+fp/hard/crtn.o
                0x20030000                        _estack = (ORIGIN (RAM) + LENGTH (RAM))
                0x00000200                        _Min_Heap_Size = 0x200
                0x00000400                        _Min_Stack_Size = 0x400

.isr_vector     0x08000000      0x1ac
                0x08000000                        . = ALIGN (0x4)
 *(.isr_vector)
 .isr_vector    0x08000000      0x1ac ./Core/Startup/startup_stm32f429zitx.o
                0x08000000                g_pfnVectors
                0x080001ac                        . = ALIGN (0x4)

.text           0x080001b0     0xa6d4
                0x080001b0                        . = ALIGN (0x4)
 *(.text)
 .text          0x080001b0       0x40 D:/CODIng/Embedded C/MCU1/SETUP/STM32CubeIDE_1.16.0/STM32CubeIDE/plugins/com.st.stm32cube.ide.mcu.externaltools.gnu-tools-for-stm32.13.3.rel1.win32_1.0.0.202411081344/tools/bin/../lib/gcc/arm-none-eabi/13.3.1/thumb/v7e-m+fp/hard/crtbegin.o
 .text          0x080001f0       0x10 D:/CODIng/Embedded C/MCU1/SETUP/STM32CubeIDE_1.16.0/STM32CubeIDE/plugins/com.st.stm32cube.ide.mcu.externaltools.gnu-tools-for-stm32.13.3.rel1.win32_1.0.0.202411081344/tools/bin/../lib/gcc/arm-none-eabi/13.3.1/../../../../arm-none-eabi/lib/thumb/v7e-m+fp/hard\libc_nano.a(libc_a-strlen.o)
                0x080001f0                strlen
 .text          0x08000200       0xa0 D:/CODIng/Embedded C/MCU1/SETUP/STM32CubeIDE_1.16.0/STM32CubeIDE/plugins/com.st.stm32cube.ide.mcu.externaltools.gnu-tools-for-stm32.13.3.rel1.win32_1.0.0.202411081344/tools/bin/../lib/gcc/arm-none-eabi/13.3.1/../../../../arm-none-eabi/lib/thumb/v7e-m+fp/hard\libc_nano.a(libc_a-memchr.o)
                0x08000200                memchr
 .text          0x080002a0      0x378 D:/CODIng/Embedded C/MCU1/SETUP/STM32CubeIDE_1.16.0/STM32CubeIDE/plugins/com.st.stm32cube.ide.mcu.externaltools.gnu-tools-for-stm32.13.3.rel1.win32_1.0.0.202411081344/tools/bin/../lib/gcc/arm-none-eabi/13.3.1/thumb/v7e-m+fp/hard\libgcc.a(_arm_addsubdf3.o)
                0x080002a0                __aeabi_drsub
                0x080002a8                __aeabi_dsub
                0x080002a8                __subdf3
                0x080002ac                __aeabi_dadd
                0x080002ac                __adddf3
                0x08000524                __floatunsidf
                0x08000524                __aeabi_ui2d
                0x08000544                __floatsidf
                0x08000544                __aeabi_i2d
                0x08000568                __aeabi_f2d
                0x08000568                __extendsfdf2
                0x080005ac                __floatundidf
                0x080005ac                __aeabi_ul2d
                0x080005bc                __floatdidf
                0x080005bc                __aeabi_l2d
 .text          0x08000618      0x424 D:/CODIng/Embedded C/MCU1/SETUP/STM32CubeIDE_1.16.0/STM32CubeIDE/plugins/com.st.stm32cube.ide.mcu.externaltools.gnu-tools-for-stm32.13.3.rel1.win32_1.0.0.202411081344/tools/bin/../lib/gcc/arm-none-eabi/13.3.1/thumb/v7e-m+fp/hard\libgcc.a(_arm_muldivdf3.o)
                0x08000618                __aeabi_dmul
                0x08000618                __muldf3
                0x0800086c                __divdf3
                0x0800086c                __aeabi_ddiv
 .text          0x08000a3c      0x110 D:/CODIng/Embedded C/MCU1/SETUP/STM32CubeIDE_1.16.0/STM32CubeIDE/plugins/com.st.stm32cube.ide.mcu.externaltools.gnu-tools-for-stm32.13.3.rel1.win32_1.0.0.202411081344/tools/bin/../lib/gcc/arm-none-eabi/13.3.1/thumb/v7e-m+fp/hard\libgcc.a(_arm_cmpdf2.o)
                0x08000a3c                __gtdf2
                0x08000a3c                __gedf2
                0x08000a44                __ltdf2
                0x08000a44                __ledf2
                0x08000a4c                __nedf2
                0x08000a4c                __eqdf2
                0x08000a4c                __cmpdf2
                0x08000ac8                __aeabi_cdrcmple
                0x08000ad8                __aeabi_cdcmpeq
                0x08000ad8                __aeabi_cdcmple
                0x08000ae8                __aeabi_dcmpeq
                0x08000afc                __aeabi_dcmplt
                0x08000b10                __aeabi_dcmple
                0x08000b24                __aeabi_dcmpge
                0x08000b38                __aeabi_dcmpgt
 .text          0x08000b4c       0x2c D:/CODIng/Embedded C/MCU1/SETUP/STM32CubeIDE_1.16.0/STM32CubeIDE/plugins/com.st.stm32cube.ide.mcu.externaltools.gnu-tools-for-stm32.13.3.rel1.win32_1.0.0.202411081344/tools/bin/../lib/gcc/arm-none-eabi/13.3.1/thumb/v7e-m+fp/hard\libgcc.a(_arm_unorddf2.o)
                0x08000b4c                __unorddf2
                0x08000b4c                __aeabi_dcmpun
 .text          0x08000b78       0x50 D:/CODIng/Embedded C/MCU1/SETUP/STM32CubeIDE_1.16.0/STM32CubeIDE/plugins/com.st.stm32cube.ide.mcu.externaltools.gnu-tools-for-stm32.13.3.rel1.win32_1.0.0.202411081344/tools/bin/../lib/gcc/arm-none-eabi/13.3.1/thumb/v7e-m+fp/hard\libgcc.a(_arm_fixdfsi.o)
                0x08000b78                __aeabi_d2iz
                0x08000b78                __fixdfsi
 .text          0x08000bc8       0x30 D:/CODIng/Embedded C/MCU1/SETUP/STM32CubeIDE_1.16.0/STM32CubeIDE/plugins/com.st.stm32cube.ide.mcu.externaltools.gnu-tools-for-stm32.13.3.rel1.win32_1.0.0.202411081344/tools/bin/../lib/gcc/arm-none-eabi/13.3.1/thumb/v7e-m+fp/hard\libgcc.a(_aeabi_uldivmod.o)
                0x08000bc8                __aeabi_uldivmod
 .text          0x08000bf8      0x2f8 D:/CODIng/Embedded C/MCU1/SETUP/STM32CubeIDE_1.16.0/STM32CubeIDE/plugins/com.st.stm32cube.ide.mcu.externaltools.gnu-tools-for-stm32.13.3.rel1.win32_1.0.0.202411081344/tools/bin/../lib/gcc/arm-none-eabi/13.3.1/thumb/v7e-m+fp/hard\libgcc.a(_udivmoddi4.o)
                0x08000bf8                __udivmoddi4
 .text          0x08000ef0        0x4 D:/CODIng/Embedded C/MCU1/SETUP/STM32CubeIDE_1.16.0/STM32CubeIDE/plugins/com.st.stm32cube.ide.mcu.externaltools.gnu-tools-for-stm32.13.3.rel1.win32_1.0.0.202411081344/tools/bin/../lib/gcc/arm-none-eabi/13.3.1/thumb/v7e-m+fp/hard\libgcc.a(_dvmd_tls.o)
                0x08000ef0                __aeabi_idiv0
                0x08000ef0                __aeabi_ldiv0
 *(.text*)
 .text.MX_I2C1_Init
                0x08000ef4       0x5c ./Core/Src/i2c.o
                0x08000ef4                MX_I2C1_Init
 .text.SendDataOverUART
                0x08000f50      0x128 ./Core/Src/main.o
                0x08000f50                SendDataOverUART
 .text.Scan_I2C_Addresses
                0x08001078       0xd8 ./Core/Src/main.o
                0x08001078                Scan_I2C_Addresses
 .text.main     0x08001150      0x18c ./Core/Src/main.o
                0x08001150                main
 .text.SystemClock_Config
                0x080012dc       0xd4 ./Core/Src/main.o
                0x080012dc                SystemClock_Config
 .text.MX_USART1_UART_Init
                0x080013b0       0x54 ./Core/Src/main.o
 .text.MX_GPIO_Init
                0x08001404      0x120 ./Core/Src/main.o
 .text.Error_Handler
                0x08001524        0xc ./Core/Src/main.o
                0x08001524                Error_Handler
 .text.MPU6050_Init
                0x08001530       0xc0 ./Core/Src/mpu6050.o
                0x08001530                MPU6050_Init
 .text.MPU6050_Read_All
                0x080015f0      0x3ec ./Core/Src/mpu6050.o
                0x080015f0                MPU6050_Read_All
 .text.Kalman_getAngle
                0x080019dc      0x2b6 ./Core/Src/mpu6050.o
                0x080019dc                Kalman_getAngle
 *fill*         0x08001c92        0x2 
 .text.HAL_MspInit
                0x08001c94       0x50 ./Core/Src/stm32f4xx_hal_msp.o
                0x08001c94                HAL_MspInit
 .text.HAL_I2C_MspInit
                0x08001ce4       0x90 ./Core/Src/stm32f4xx_hal_msp.o
                0x08001ce4                HAL_I2C_MspInit
 .text.HAL_UART_MspInit
                0x08001d74       0x90 ./Core/Src/stm32f4xx_hal_msp.o
                0x08001d74                HAL_UART_MspInit
 .text.NMI_Handler
                0x08001e04        0x8 ./Core/Src/stm32f4xx_it.o
                0x08001e04                NMI_Handler
 .text.HardFault_Handler
                0x08001e0c        0x8 ./Core/Src/stm32f4xx_it.o
                0x08001e0c                HardFault_Handler
 .text.MemManage_Handler
                0x08001e14        0x8 ./Core/Src/stm32f4xx_it.o
                0x08001e14                MemManage_Handler
 .text.BusFault_Handler
                0x08001e1c        0x8 ./Core/Src/stm32f4xx_it.o
                0x08001e1c                BusFault_Handler
 .text.UsageFault_Handler
                0x08001e24        0x8 ./Core/Src/stm32f4xx_it.o
                0x08001e24                UsageFault_Handler
 .text.SVC_Handler
                0x08001e2c        0xe ./Core/Src/stm32f4xx_it.o
                0x08001e2c                SVC_Handler
 .text.DebugMon_Handler
                0x08001e3a        0xe ./Core/Src/stm32f4xx_it.o
                0x08001e3a                DebugMon_Handler
 .text.PendSV_Handler
                0x08001e48        0xe ./Core/Src/stm32f4xx_it.o
                0x08001e48                PendSV_Handler
 .text.SysTick_Handler
                0x08001e56        0xc ./Core/Src/stm32f4xx_it.o
                0x08001e56                SysTick_Handler
 *fill*         0x08001e62        0x2 
 .text.OTG_FS_IRQHandler
                0x08001e64       0x14 ./Core/Src/stm32f4xx_it.o
                0x08001e64                OTG_FS_IRQHandler
 .text._sbrk    0x08001e78       0x6c ./Core/Src/sysmem.o
                0x08001e78                _sbrk
 .text.SystemInit
                0x08001ee4       0x24 ./Core/Src/system_stm32f4xx.o
                0x08001ee4                SystemInit
 .text.Reset_Handler
                0x08001f08       0x50 ./Core/Startup/startup_stm32f429zitx.o
                0x08001f08                Reset_Handler
 .text.Default_Handler
                0x08001f58        0x2 ./Core/Startup/startup_stm32f429zitx.o
                0x08001f58                RTC_Alarm_IRQHandler
                0x08001f58                HASH_RNG_IRQHandler
                0x08001f58                EXTI2_IRQHandler
                0x08001f58                TIM8_CC_IRQHandler
                0x08001f58                UART8_IRQHandler
                0x08001f58                SPI4_IRQHandler
                0x08001f58                TIM1_CC_IRQHandler
                0x08001f58                DMA2_Stream5_IRQHandler
                0x08001f58                DMA1_Stream5_IRQHandler
                0x08001f58                PVD_IRQHandler
                0x08001f58                SDIO_IRQHandler
                0x08001f58                TAMP_STAMP_IRQHandler
                0x08001f58                CAN2_RX1_IRQHandler
                0x08001f58                EXTI3_IRQHandler
                0x08001f58                TIM8_TRG_COM_TIM14_IRQHandler
                0x08001f58                TIM1_UP_TIM10_IRQHandler
                0x08001f58                TIM8_UP_TIM13_IRQHandler
                0x08001f58                I2C3_ER_IRQHandler
                0x08001f58                EXTI0_IRQHandler
                0x08001f58                I2C2_EV_IRQHandler
                0x08001f58                DMA1_Stream2_IRQHandler
                0x08001f58                CAN1_RX0_IRQHandler
                0x08001f58                FPU_IRQHandler
                0x08001f58                OTG_HS_WKUP_IRQHandler
                0x08001f58                LTDC_ER_IRQHandler
                0x08001f58                CAN2_SCE_IRQHandler
                0x08001f58                DMA2_Stream2_IRQHandler
                0x08001f58                SPI1_IRQHandler
                0x08001f58                TIM6_DAC_IRQHandler
                0x08001f58                TIM1_BRK_TIM9_IRQHandler
                0x08001f58                DCMI_IRQHandler
                0x08001f58                CAN2_RX0_IRQHandler
                0x08001f58                DMA2_Stream3_IRQHandler
                0x08001f58                USART6_IRQHandler
                0x08001f58                USART3_IRQHandler
                0x08001f58                CAN1_RX1_IRQHandler
                0x08001f58                UART5_IRQHandler
                0x08001f58                DMA2_Stream0_IRQHandler
                0x08001f58                TIM4_IRQHandler
                0x08001f58                I2C1_EV_IRQHandler
                0x08001f58                DMA1_Stream6_IRQHandler
                0x08001f58                DMA1_Stream1_IRQHandler
                0x08001f58                UART4_IRQHandler
                0x08001f58                TIM3_IRQHandler
                0x08001f58                RCC_IRQHandler
                0x08001f58                TIM8_BRK_TIM12_IRQHandler
                0x08001f58                Default_Handler
                0x08001f58                EXTI15_10_IRQHandler
                0x08001f58                ADC_IRQHandler
                0x08001f58                DMA1_Stream7_IRQHandler
                0x08001f58                SPI5_IRQHandler
                0x08001f58                TIM7_IRQHandler
                0x08001f58                CAN2_TX_IRQHandler
                0x08001f58                TIM5_IRQHandler
                0x08001f58                DMA2_Stream7_IRQHandler
                0x08001f58                I2C3_EV_IRQHandler
                0x08001f58                EXTI9_5_IRQHandler
                0x08001f58                RTC_WKUP_IRQHandler
                0x08001f58                LTDC_IRQHandler
                0x08001f58                ETH_WKUP_IRQHandler
                0x08001f58                SPI2_IRQHandler
                0x08001f58                OTG_HS_EP1_IN_IRQHandler
                0x08001f58                DMA1_Stream0_IRQHandler
                0x08001f58                CAN1_TX_IRQHandler
                0x08001f58                EXTI4_IRQHandler
                0x08001f58                ETH_IRQHandler
                0x08001f58                OTG_HS_EP1_OUT_IRQHandler
                0x08001f58                WWDG_IRQHandler
                0x08001f58                SPI6_IRQHandler
                0x08001f58                TIM2_IRQHandler
                0x08001f58                OTG_FS_WKUP_IRQHandler
                0x08001f58                TIM1_TRG_COM_TIM11_IRQHandler
                0x08001f58                OTG_HS_IRQHandler
                0x08001f58                DMA2D_IRQHandler
                0x08001f58                EXTI1_IRQHandler
                0x08001f58                UART7_IRQHandler
                0x08001f58                USART2_IRQHandler
                0x08001f58                I2C2_ER_IRQHandler
                0x08001f58                DMA2_Stream1_IRQHandler
                0x08001f58                CAN1_SCE_IRQHandler
                0x08001f58                FLASH_IRQHandler
                0x08001f58                DMA2_Stream4_IRQHandler
                0x08001f58                USART1_IRQHandler
                0x08001f58                SPI3_IRQHandler
                0x08001f58                DMA1_Stream4_IRQHandler
                0x08001f58                I2C1_ER_IRQHandler
                0x08001f58                FMC_IRQHandler
                0x08001f58                DMA2_Stream6_IRQHandler
                0x08001f58                SAI1_IRQHandler
                0x08001f58                DMA1_Stream3_IRQHandler
 *fill*         0x08001f5a        0x2 
 .text.HAL_Init
                0x08001f5c       0x44 ./Drivers/STM32F4xx_HAL_Driver/Src/stm32f4xx_hal.o
                0x08001f5c                HAL_Init
 .text.HAL_InitTick
                0x08001fa0       0x60 ./Drivers/STM32F4xx_HAL_Driver/Src/stm32f4xx_hal.o
                0x08001fa0                HAL_InitTick
 .text.HAL_IncTick
                0x08002000       0x28 ./Drivers/STM32F4xx_HAL_Driver/Src/stm32f4xx_hal.o
                0x08002000                HAL_IncTick
 .text.HAL_GetTick
                0x08002028       0x18 ./Drivers/STM32F4xx_HAL_Driver/Src/stm32f4xx_hal.o
                0x08002028                HAL_GetTick
 .text.HAL_Delay
                0x08002040       0x48 ./Drivers/STM32F4xx_HAL_Driver/Src/stm32f4xx_hal.o
                0x08002040                HAL_Delay
 .text.__NVIC_SetPriorityGrouping
                0x08002088       0x48 ./Drivers/STM32F4xx_HAL_Driver/Src/stm32f4xx_hal_cortex.o
 .text.__NVIC_GetPriorityGrouping
                0x080020d0       0x1c ./Drivers/STM32F4xx_HAL_Driver/Src/stm32f4xx_hal_cortex.o
 .text.__NVIC_EnableIRQ
                0x080020ec       0x3c ./Drivers/STM32F4xx_HAL_Driver/Src/stm32f4xx_hal_cortex.o
 .text.__NVIC_SetPriority
                0x08002128       0x54 ./Drivers/STM32F4xx_HAL_Driver/Src/stm32f4xx_hal_cortex.o
 .text.NVIC_EncodePriority
                0x0800217c       0x66 ./Drivers/STM32F4xx_HAL_Driver/Src/stm32f4xx_hal_cortex.o
 *fill*         0x080021e2        0x2 
 .text.SysTick_Config
                0x080021e4       0x44 ./Drivers/STM32F4xx_HAL_Driver/Src/stm32f4xx_hal_cortex.o
 .text.HAL_NVIC_SetPriorityGrouping
                0x08002228       0x16 ./Drivers/STM32F4xx_HAL_Driver/Src/stm32f4xx_hal_cortex.o
                0x08002228                HAL_NVIC_SetPriorityGrouping
 .text.HAL_NVIC_SetPriority
                0x0800223e       0x38 ./Drivers/STM32F4xx_HAL_Driver/Src/stm32f4xx_hal_cortex.o
                0x0800223e                HAL_NVIC_SetPriority
 .text.HAL_NVIC_EnableIRQ
                0x08002276       0x1c ./Drivers/STM32F4xx_HAL_Driver/Src/stm32f4xx_hal_cortex.o
                0x08002276                HAL_NVIC_EnableIRQ
 .text.HAL_SYSTICK_Config
                0x08002292       0x18 ./Drivers/STM32F4xx_HAL_Driver/Src/stm32f4xx_hal_cortex.o
                0x08002292                HAL_SYSTICK_Config
 *fill*         0x080022aa        0x2 
 .text.HAL_GPIO_Init
                0x080022ac      0x358 ./Drivers/STM32F4xx_HAL_Driver/Src/stm32f4xx_hal_gpio.o
                0x080022ac                HAL_GPIO_Init
 .text.HAL_GPIO_WritePin
                0x08002604       0x32 ./Drivers/STM32F4xx_HAL_Driver/Src/stm32f4xx_hal_gpio.o
                0x08002604                HAL_GPIO_WritePin
 *fill*         0x08002636        0x2 
 .text.HAL_I2C_Init
                0x08002638      0x288 ./Drivers/STM32F4xx_HAL_Driver/Src/stm32f4xx_hal_i2c.o
                0x08002638                HAL_I2C_Init
 .text.HAL_I2C_Mem_Write
                0x080028c0      0x1f4 ./Drivers/STM32F4xx_HAL_Driver/Src/stm32f4xx_hal_i2c.o
                0x080028c0                HAL_I2C_Mem_Write
 .text.HAL_I2C_Mem_Read
                0x08002ab4      0x464 ./Drivers/STM32F4xx_HAL_Driver/Src/stm32f4xx_hal_i2c.o
                0x08002ab4                HAL_I2C_Mem_Read
 .text.HAL_I2C_IsDeviceReady
                0x08002f18      0x25c ./Drivers/STM32F4xx_HAL_Driver/Src/stm32f4xx_hal_i2c.o
                0x08002f18                HAL_I2C_IsDeviceReady
 .text.I2C_RequestMemoryWrite
                0x08003174      0x12c ./Drivers/STM32F4xx_HAL_Driver/Src/stm32f4xx_hal_i2c.o
 .text.I2C_RequestMemoryRead
                0x080032a0      0x1d0 ./Drivers/STM32F4xx_HAL_Driver/Src/stm32f4xx_hal_i2c.o
 .text.I2C_WaitOnFlagUntilTimeout
                0x08003470       0xf4 ./Drivers/STM32F4xx_HAL_Driver/Src/stm32f4xx_hal_i2c.o
 .text.I2C_WaitOnMasterAddressFlagUntilTimeout
                0x08003564      0x140 ./Drivers/STM32F4xx_HAL_Driver/Src/stm32f4xx_hal_i2c.o
 .text.I2C_WaitOnTXEFlagUntilTimeout
                0x080036a4       0x90 ./Drivers/STM32F4xx_HAL_Driver/Src/stm32f4xx_hal_i2c.o
 .text.I2C_WaitOnBTFFlagUntilTimeout
                0x08003734       0x90 ./Drivers/STM32F4xx_HAL_Driver/Src/stm32f4xx_hal_i2c.o
 .text.I2C_WaitOnRXNEFlagUntilTimeout
                0x080037c4       0xba ./Drivers/STM32F4xx_HAL_Driver/Src/stm32f4xx_hal_i2c.o
 .text.I2C_IsAcknowledgeFailed
                0x0800387e       0x5e ./Drivers/STM32F4xx_HAL_Driver/Src/stm32f4xx_hal_i2c.o
 .text.HAL_PCD_Init
                0x080038dc      0x21e ./Drivers/STM32F4xx_HAL_Driver/Src/stm32f4xx_hal_pcd.o
                0x080038dc                HAL_PCD_Init
 .text.HAL_PCD_Start
                0x08003afa       0x6a ./Drivers/STM32F4xx_HAL_Driver/Src/stm32f4xx_hal_pcd.o
                0x08003afa                HAL_PCD_Start
 .text.HAL_PCD_IRQHandler
                0x08003b64      0x942 ./Drivers/STM32F4xx_HAL_Driver/Src/stm32f4xx_hal_pcd.o
                0x08003b64                HAL_PCD_IRQHandler
 .text.HAL_PCD_SetAddress
                0x080044a6       0x48 ./Drivers/STM32F4xx_HAL_Driver/Src/stm32f4xx_hal_pcd.o
                0x080044a6                HAL_PCD_SetAddress
 .text.HAL_PCD_EP_Open
                0x080044ee       0xd4 ./Drivers/STM32F4xx_HAL_Driver/Src/stm32f4xx_hal_pcd.o
                0x080044ee                HAL_PCD_EP_Open
 .text.HAL_PCD_EP_Close
                0x080045c2       0x94 ./Drivers/STM32F4xx_HAL_Driver/Src/stm32f4xx_hal_pcd.o
                0x080045c2                HAL_PCD_EP_Close
 .text.HAL_PCD_EP_Receive
                0x08004656       0x76 ./Drivers/STM32F4xx_HAL_Driver/Src/stm32f4xx_hal_pcd.o
                0x08004656                HAL_PCD_EP_Receive
 .text.HAL_PCD_EP_Transmit
                0x080046cc       0x74 ./Drivers/STM32F4xx_HAL_Driver/Src/stm32f4xx_hal_pcd.o
                0x080046cc                HAL_PCD_EP_Transmit
 .text.HAL_PCD_EP_SetStall
                0x08004740       0xc6 ./Drivers/STM32F4xx_HAL_Driver/Src/stm32f4xx_hal_pcd.o
                0x08004740                HAL_PCD_EP_SetStall
 .text.HAL_PCD_EP_ClrStall
                0x08004806       0xac ./Drivers/STM32F4xx_HAL_Driver/Src/stm32f4xx_hal_pcd.o
                0x08004806                HAL_PCD_EP_ClrStall
 .text.HAL_PCD_EP_Abort
                0x080048b2       0x62 ./Drivers/STM32F4xx_HAL_Driver/Src/stm32f4xx_hal_pcd.o
                0x080048b2                HAL_PCD_EP_Abort
 .text.PCD_WriteEmptyTxFifo
                0x08004914      0x118 ./Drivers/STM32F4xx_HAL_Driver/Src/stm32f4xx_hal_pcd.o
 .text.PCD_EP_OutXfrComplete_int
                0x08004a2c      0x1d0 ./Drivers/STM32F4xx_HAL_Driver/Src/stm32f4xx_hal_pcd.o
 .text.PCD_EP_OutSetupPacket_int
                0x08004bfc       0x8c ./Drivers/STM32F4xx_HAL_Driver/Src/stm32f4xx_hal_pcd.o
 .text.HAL_PCDEx_SetTxFiFo
                0x08004c88       0x8e ./Drivers/STM32F4xx_HAL_Driver/Src/stm32f4xx_hal_pcd_ex.o
                0x08004c88                HAL_PCDEx_SetTxFiFo
 .text.HAL_PCDEx_SetRxFiFo
                0x08004d16       0x22 ./Drivers/STM32F4xx_HAL_Driver/Src/stm32f4xx_hal_pcd_ex.o
                0x08004d16                HAL_PCDEx_SetRxFiFo
 .text.HAL_PCDEx_LPM_Callback
                0x08004d38       0x18 ./Drivers/STM32F4xx_HAL_Driver/Src/stm32f4xx_hal_pcd_ex.o
                0x08004d38                HAL_PCDEx_LPM_Callback
 .text.HAL_RCC_OscConfig
                0x08004d50      0x4f0 ./Drivers/STM32F4xx_HAL_Driver/Src/stm32f4xx_hal_rcc.o
                0x08004d50                HAL_RCC_OscConfig
 .text.HAL_RCC_ClockConfig
                0x08005240      0x1cc ./Drivers/STM32F4xx_HAL_Driver/Src/stm32f4xx_hal_rcc.o
                0x08005240                HAL_RCC_ClockConfig
 .text.HAL_RCC_GetSysClockFreq
                0x0800540c      0x20c ./Drivers/STM32F4xx_HAL_Driver/Src/stm32f4xx_hal_rcc.o
                0x0800540c                HAL_RCC_GetSysClockFreq
 .text.HAL_RCC_GetHCLKFreq
                0x08005618       0x18 ./Drivers/STM32F4xx_HAL_Driver/Src/stm32f4xx_hal_rcc.o
                0x08005618                HAL_RCC_GetHCLKFreq
 .text.HAL_RCC_GetPCLK1Freq
                0x08005630       0x28 ./Drivers/STM32F4xx_HAL_Driver/Src/stm32f4xx_hal_rcc.o
                0x08005630                HAL_RCC_GetPCLK1Freq
 .text.HAL_RCC_GetPCLK2Freq
                0x08005658       0x28 ./Drivers/STM32F4xx_HAL_Driver/Src/stm32f4xx_hal_rcc.o
                0x08005658                HAL_RCC_GetPCLK2Freq
 .text.HAL_UART_Init
                0x08005680       0xa0 ./Drivers/STM32F4xx_HAL_Driver/Src/stm32f4xx_hal_uart.o
                0x08005680                HAL_UART_Init
 .text.HAL_UART_Transmit
                0x08005720      0x116 ./Drivers/STM32F4xx_HAL_Driver/Src/stm32f4xx_hal_uart.o
                0x08005720                HAL_UART_Transmit
 .text.UART_WaitOnFlagUntilTimeout
                0x08005836       0xb2 ./Drivers/STM32F4xx_HAL_Driver/Src/stm32f4xx_hal_uart.o
 .text.UART_EndRxTransfer
                0x080058e8       0xc6 ./Drivers/STM32F4xx_HAL_Driver/Src/stm32f4xx_hal_uart.o
 *fill*         0x080059ae        0x2 
 .text.UART_SetConfig
                0x080059b0      0x4e8 ./Drivers/STM32F4xx_HAL_Driver/Src/stm32f4xx_hal_uart.o
 .text.USB_CoreInit
                0x08005e98       0xc8 ./Drivers/STM32F4xx_HAL_Driver/Src/stm32f4xx_ll_usb.o
                0x08005e98                USB_CoreInit
 .text.USB_SetTurnaroundTime
                0x08005f60      0x144 ./Drivers/STM32F4xx_HAL_Driver/Src/stm32f4xx_ll_usb.o
                0x08005f60                USB_SetTurnaroundTime
 .text.USB_EnableGlobalInt
                0x080060a4       0x22 ./Drivers/STM32F4xx_HAL_Driver/Src/stm32f4xx_ll_usb.o
                0x080060a4                USB_EnableGlobalInt
 .text.USB_DisableGlobalInt
                0x080060c6       0x22 ./Drivers/STM32F4xx_HAL_Driver/Src/stm32f4xx_ll_usb.o
                0x080060c6                USB_DisableGlobalInt
 .text.USB_SetCurrentMode
                0x080060e8       0x98 ./Drivers/STM32F4xx_HAL_Driver/Src/stm32f4xx_ll_usb.o
                0x080060e8                USB_SetCurrentMode
 .text.USB_DevInit
                0x08006180      0x2c8 ./Drivers/STM32F4xx_HAL_Driver/Src/stm32f4xx_ll_usb.o
                0x08006180                USB_DevInit
 .text.USB_FlushTxFifo
                0x08006448       0x64 ./Drivers/STM32F4xx_HAL_Driver/Src/stm32f4xx_ll_usb.o
                0x08006448                USB_FlushTxFifo
 .text.USB_FlushRxFifo
                0x080064ac       0x5c ./Drivers/STM32F4xx_HAL_Driver/Src/stm32f4xx_ll_usb.o
                0x080064ac                USB_FlushRxFifo
 .text.USB_SetDevSpeed
                0x08006508       0x32 ./Drivers/STM32F4xx_HAL_Driver/Src/stm32f4xx_ll_usb.o
                0x08006508                USB_SetDevSpeed
 .text.USB_GetDevSpeed
                0x0800653a       0x4a ./Drivers/STM32F4xx_HAL_Driver/Src/stm32f4xx_ll_usb.o
                0x0800653a                USB_GetDevSpeed
 .text.USB_ActivateEndpoint
                0x08006584      0x10e ./Drivers/STM32F4xx_HAL_Driver/Src/stm32f4xx_ll_usb.o
                0x08006584                USB_ActivateEndpoint
 *fill*         0x08006692        0x2 
 .text.USB_DeactivateEndpoint
                0x08006694      0x1b8 ./Drivers/STM32F4xx_HAL_Driver/Src/stm32f4xx_ll_usb.o
                0x08006694                USB_DeactivateEndpoint
 .text.USB_EPStartXfer
                0x0800684c      0x53c ./Drivers/STM32F4xx_HAL_Driver/Src/stm32f4xx_ll_usb.o
                0x0800684c                USB_EPStartXfer
 .text.USB_EPStopXfer
                0x08006d88      0x154 ./Drivers/STM32F4xx_HAL_Driver/Src/stm32f4xx_ll_usb.o
                0x08006d88                USB_EPStopXfer
 .text.USB_WritePacket
                0x08006edc       0x7c ./Drivers/STM32F4xx_HAL_Driver/Src/stm32f4xx_ll_usb.o
                0x08006edc                USB_WritePacket
 .text.USB_ReadPacket
                0x08006f58       0xb0 ./Drivers/STM32F4xx_HAL_Driver/Src/stm32f4xx_ll_usb.o
                0x08006f58                USB_ReadPacket
 .text.USB_EPSetStall
                0x08007008       0xdc ./Drivers/STM32F4xx_HAL_Driver/Src/stm32f4xx_ll_usb.o
                0x08007008                USB_EPSetStall
 .text.USB_EPClearStall
                0x080070e4       0xcc ./Drivers/STM32F4xx_HAL_Driver/Src/stm32f4xx_ll_usb.o
                0x080070e4                USB_EPClearStall
 .text.USB_SetDevAddress
                0x080071b0       0x4c ./Drivers/STM32F4xx_HAL_Driver/Src/stm32f4xx_ll_usb.o
                0x080071b0                USB_SetDevAddress
 .text.USB_DevConnect
                0x080071fc       0x42 ./Drivers/STM32F4xx_HAL_Driver/Src/stm32f4xx_ll_usb.o
                0x080071fc                USB_DevConnect
 .text.USB_DevDisconnect
                0x0800723e       0x42 ./Drivers/STM32F4xx_HAL_Driver/Src/stm32f4xx_ll_usb.o
                0x0800723e                USB_DevDisconnect
 .text.USB_ReadInterrupts
                0x08007280       0x26 ./Drivers/STM32F4xx_HAL_Driver/Src/stm32f4xx_ll_usb.o
                0x08007280                USB_ReadInterrupts
 .text.USB_ReadDevAllOutEpInterrupt
                0x080072a6       0x34 ./Drivers/STM32F4xx_HAL_Driver/Src/stm32f4xx_ll_usb.o
                0x080072a6                USB_ReadDevAllOutEpInterrupt
 .text.USB_ReadDevAllInEpInterrupt
                0x080072da       0x34 ./Drivers/STM32F4xx_HAL_Driver/Src/stm32f4xx_ll_usb.o
                0x080072da                USB_ReadDevAllInEpInterrupt
 .text.USB_ReadDevOutEPInterrupt
                0x0800730e       0x3c ./Drivers/STM32F4xx_HAL_Driver/Src/stm32f4xx_ll_usb.o
                0x0800730e                USB_ReadDevOutEPInterrupt
 .text.USB_ReadDevInEPInterrupt
                0x0800734a       0x5c ./Drivers/STM32F4xx_HAL_Driver/Src/stm32f4xx_ll_usb.o
                0x0800734a                USB_ReadDevInEPInterrupt
 .text.USB_GetMode
                0x080073a6       0x1c ./Drivers/STM32F4xx_HAL_Driver/Src/stm32f4xx_ll_usb.o
                0x080073a6                USB_GetMode
 .text.USB_ActivateSetup
                0x080073c2       0x46 ./Drivers/STM32F4xx_HAL_Driver/Src/stm32f4xx_ll_usb.o
                0x080073c2                USB_ActivateSetup
 .text.USB_EP0_OutStart
                0x08007408       0xbc ./Drivers/STM32F4xx_HAL_Driver/Src/stm32f4xx_ll_usb.o
                0x08007408                USB_EP0_OutStart
 .text.USB_CoreReset
                0x080074c4       0x70 ./Drivers/STM32F4xx_HAL_Driver/Src/stm32f4xx_ll_usb.o
 .text.USBD_HID_Init
                0x08007534       0xcc ./Middlewares/ST/STM32_USB_Device_Library/Class/HID/Src/usbd_hid.o
 .text.USBD_HID_DeInit
                0x08007600       0x90 ./Middlewares/ST/STM32_USB_Device_Library/Class/HID/Src/usbd_hid.o
 .text.USBD_HID_Setup
                0x08007690      0x210 ./Middlewares/ST/STM32_USB_Device_Library/Class/HID/Src/usbd_hid.o
 .text.USBD_HID_SendReport
                0x080078a0       0x60 ./Middlewares/ST/STM32_USB_Device_Library/Class/HID/Src/usbd_hid.o
                0x080078a0                USBD_HID_SendReport
 .text.USBD_HID_GetFSCfgDesc
                0x08007900       0x34 ./Middlewares/ST/STM32_USB_Device_Library/Class/HID/Src/usbd_hid.o
 .text.USBD_HID_GetHSCfgDesc
                0x08007934       0x34 ./Middlewares/ST/STM32_USB_Device_Library/Class/HID/Src/usbd_hid.o
 .text.USBD_HID_GetOtherSpeedCfgDesc
                0x08007968       0x34 ./Middlewares/ST/STM32_USB_Device_Library/Class/HID/Src/usbd_hid.o
 .text.USBD_HID_DataIn
                0x0800799c       0x2c ./Middlewares/ST/STM32_USB_Device_Library/Class/HID/Src/usbd_hid.o
 .text.USBD_HID_GetDeviceQualifierDesc
                0x080079c8       0x20 ./Middlewares/ST/STM32_USB_Device_Library/Class/HID/Src/usbd_hid.o
 .text.USBD_Init
                0x080079e8       0x60 ./Middlewares/ST/STM32_USB_Device_Library/Core/Src/usbd_core.o
                0x080079e8                USBD_Init
 .text.USBD_RegisterClass
                0x08007a48       0x6c ./Middlewares/ST/STM32_USB_Device_Library/Core/Src/usbd_core.o
                0x08007a48                USBD_RegisterClass
 .text.USBD_Start
                0x08007ab4       0x18 ./Middlewares/ST/STM32_USB_Device_Library/Core/Src/usbd_core.o
                0x08007ab4                USBD_Start
 .text.USBD_RunTestMode
                0x08007acc       0x16 ./Middlewares/ST/STM32_USB_Device_Library/Core/Src/usbd_core.o
                0x08007acc                USBD_RunTestMode
 .text.USBD_SetClassConfig
                0x08007ae2       0x38 ./Middlewares/ST/STM32_USB_Device_Library/Core/Src/usbd_core.o
                0x08007ae2                USBD_SetClassConfig
 .text.USBD_ClrClassConfig
                0x08007b1a       0x34 ./Middlewares/ST/STM32_USB_Device_Library/Core/Src/usbd_core.o
                0x08007b1a                USBD_ClrClassConfig
 .text.USBD_LL_SetupStage
                0x08007b4e       0xaa ./Middlewares/ST/STM32_USB_Device_Library/Core/Src/usbd_core.o
                0x08007b4e                USBD_LL_SetupStage
 .text.USBD_LL_DataOutStage
                0x08007bf8      0x178 ./Middlewares/ST/STM32_USB_Device_Library/Core/Src/usbd_core.o
                0x08007bf8                USBD_LL_DataOutStage
 .text.USBD_LL_DataInStage
                0x08007d70      0x176 ./Middlewares/ST/STM32_USB_Device_Library/Core/Src/usbd_core.o
                0x08007d70                USBD_LL_DataInStage
 .text.USBD_LL_Reset
                0x08007ee6       0xa6 ./Middlewares/ST/STM32_USB_Device_Library/Core/Src/usbd_core.o
                0x08007ee6                USBD_LL_Reset
 .text.USBD_LL_SetSpeed
                0x08007f8c       0x20 ./Middlewares/ST/STM32_USB_Device_Library/Core/Src/usbd_core.o
                0x08007f8c                USBD_LL_SetSpeed
 .text.USBD_LL_Suspend
                0x08007fac       0x38 ./Middlewares/ST/STM32_USB_Device_Library/Core/Src/usbd_core.o
                0x08007fac                USBD_LL_Suspend
 .text.USBD_LL_Resume
                0x08007fe4       0x30 ./Middlewares/ST/STM32_USB_Device_Library/Core/Src/usbd_core.o
                0x08007fe4                USBD_LL_Resume
 .text.USBD_LL_SOF
                0x08008014       0x40 ./Middlewares/ST/STM32_USB_Device_Library/Core/Src/usbd_core.o
                0x08008014                USBD_LL_SOF
 .text.USBD_LL_IsoINIncomplete
                0x08008054       0x64 ./Middlewares/ST/STM32_USB_Device_Library/Core/Src/usbd_core.o
                0x08008054                USBD_LL_IsoINIncomplete
 .text.USBD_LL_IsoOUTIncomplete
                0x080080b8       0x64 ./Middlewares/ST/STM32_USB_Device_Library/Core/Src/usbd_core.o
                0x080080b8                USBD_LL_IsoOUTIncomplete
 .text.USBD_LL_DevConnected
                0x0800811c       0x16 ./Middlewares/ST/STM32_USB_Device_Library/Core/Src/usbd_core.o
                0x0800811c                USBD_LL_DevConnected
 .text.USBD_LL_DevDisconnected
                0x08008132       0x46 ./Middlewares/ST/STM32_USB_Device_Library/Core/Src/usbd_core.o
                0x08008132                USBD_LL_DevDisconnected
 .text.USBD_CoreFindIF
                0x08008178       0x1a ./Middlewares/ST/STM32_USB_Device_Library/Core/Src/usbd_core.o
                0x08008178                USBD_CoreFindIF
 .text.USBD_CoreFindEP
                0x08008192       0x1a ./Middlewares/ST/STM32_USB_Device_Library/Core/Src/usbd_core.o
                0x08008192                USBD_CoreFindEP
 .text.USBD_GetEpDesc
                0x080081ac       0x70 ./Middlewares/ST/STM32_USB_Device_Library/Core/Src/usbd_core.o
                0x080081ac                USBD_GetEpDesc
 .text.USBD_GetNextDesc
                0x0800821c       0x38 ./Middlewares/ST/STM32_USB_Device_Library/Core/Src/usbd_core.o
                0x0800821c                USBD_GetNextDesc
 .text.SWAPBYTE
                0x08008254       0x3e ./Middlewares/ST/STM32_USB_Device_Library/Core/Src/usbd_ctlreq.o
 *fill*         0x08008292        0x2 
 .text.USBD_StdDevReq
                0x08008294       0xe4 ./Middlewares/ST/STM32_USB_Device_Library/Core/Src/usbd_ctlreq.o
                0x08008294                USBD_StdDevReq
 .text.USBD_StdItfReq
                0x08008378       0xd8 ./Middlewares/ST/STM32_USB_Device_Library/Core/Src/usbd_ctlreq.o
                0x08008378                USBD_StdItfReq
 .text.USBD_StdEPReq
                0x08008450      0x33e ./Middlewares/ST/STM32_USB_Device_Library/Core/Src/usbd_ctlreq.o
                0x08008450                USBD_StdEPReq
 *fill*         0x0800878e        0x2 
 .text.USBD_GetDescriptor
                0x08008790      0x2d4 ./Middlewares/ST/STM32_USB_Device_Library/Core/Src/usbd_ctlreq.o
 .text.USBD_SetAddress
                0x08008a64       0x88 ./Middlewares/ST/STM32_USB_Device_Library/Core/Src/usbd_ctlreq.o
 .text.USBD_SetConfig
                0x08008aec      0x154 ./Middlewares/ST/STM32_USB_Device_Library/Core/Src/usbd_ctlreq.o
 .text.USBD_GetConfig
                0x08008c40       0x6c ./Middlewares/ST/STM32_USB_Device_Library/Core/Src/usbd_ctlreq.o
 .text.USBD_GetStatus
                0x08008cac       0x68 ./Middlewares/ST/STM32_USB_Device_Library/Core/Src/usbd_ctlreq.o
 .text.USBD_SetFeature
                0x08008d14       0x52 ./Middlewares/ST/STM32_USB_Device_Library/Core/Src/usbd_ctlreq.o
 .text.USBD_ClrFeature
                0x08008d66       0x44 ./Middlewares/ST/STM32_USB_Device_Library/Core/Src/usbd_ctlreq.o
 .text.USBD_ParseSetupRequest
                0x08008daa       0x74 ./Middlewares/ST/STM32_USB_Device_Library/Core/Src/usbd_ctlreq.o
                0x08008daa                USBD_ParseSetupRequest
 .text.USBD_CtlError
                0x08008e1e       0x22 ./Middlewares/ST/STM32_USB_Device_Library/Core/Src/usbd_ctlreq.o
                0x08008e1e                USBD_CtlError
 .text.USBD_GetString
                0x08008e40       0xa4 ./Middlewares/ST/STM32_USB_Device_Library/Core/Src/usbd_ctlreq.o
                0x08008e40                USBD_GetString
 .text.USBD_GetLen
                0x08008ee4       0x34 ./Middlewares/ST/STM32_USB_Device_Library/Core/Src/usbd_ctlreq.o
 .text.USBD_CtlSendData
                0x08008f18       0x3c ./Middlewares/ST/STM32_USB_Device_Library/Core/Src/usbd_ioreq.o
                0x08008f18                USBD_CtlSendData
 .text.USBD_CtlContinueSendData
                0x08008f54       0x22 ./Middlewares/ST/STM32_USB_Device_Library/Core/Src/usbd_ioreq.o
                0x08008f54                USBD_CtlContinueSendData
 .text.USBD_CtlContinueRx
                0x08008f76       0x22 ./Middlewares/ST/STM32_USB_Device_Library/Core/Src/usbd_ioreq.o
                0x08008f76                USBD_CtlContinueRx
 .text.USBD_CtlSendStatus
                0x08008f98       0x26 ./Middlewares/ST/STM32_USB_Device_Library/Core/Src/usbd_ioreq.o
                0x08008f98                USBD_CtlSendStatus
 .text.USBD_CtlReceiveStatus
                0x08008fbe       0x26 ./Middlewares/ST/STM32_USB_Device_Library/Core/Src/usbd_ioreq.o
                0x08008fbe                USBD_CtlReceiveStatus
 .text.MX_USB_DEVICE_Init
                0x08008fe4       0x4c ./USB_DEVICE/App/usb_device.o
                0x08008fe4                MX_USB_DEVICE_Init
 .text.USBD_FS_DeviceDescriptor
                0x08009030       0x24 ./USB_DEVICE/App/usbd_desc.o
                0x08009030                USBD_FS_DeviceDescriptor
 .text.USBD_FS_LangIDStrDescriptor
                0x08009054       0x24 ./USB_DEVICE/App/usbd_desc.o
                0x08009054                USBD_FS_LangIDStrDescriptor
 .text.USBD_FS_ProductStrDescriptor
                0x08009078       0x3c ./USB_DEVICE/App/usbd_desc.o
                0x08009078                USBD_FS_ProductStrDescriptor
 .text.USBD_FS_ManufacturerStrDescriptor
                0x080090b4       0x28 ./USB_DEVICE/App/usbd_desc.o
                0x080090b4                USBD_FS_ManufacturerStrDescriptor
 .text.USBD_FS_SerialStrDescriptor
                0x080090dc       0x24 ./USB_DEVICE/App/usbd_desc.o
                0x080090dc                USBD_FS_SerialStrDescriptor
 .text.USBD_FS_ConfigStrDescriptor
                0x08009100       0x3c ./USB_DEVICE/App/usbd_desc.o
                0x08009100                USBD_FS_ConfigStrDescriptor
 .text.USBD_FS_InterfaceStrDescriptor
                0x0800913c       0x3c ./USB_DEVICE/App/usbd_desc.o
                0x0800913c                USBD_FS_InterfaceStrDescriptor
 .text.Get_SerialNum
                0x08009178       0x58 ./USB_DEVICE/App/usbd_desc.o
 .text.IntToUnicode
                0x080091d0       0x7e ./USB_DEVICE/App/usbd_desc.o
 *fill*         0x0800924e        0x2 
 .text.HAL_PCD_MspInit
                0x08009250       0xa8 ./USB_DEVICE/Target/usbd_conf.o
                0x08009250                HAL_PCD_MspInit
 .text.HAL_PCD_SetupStageCallback
                0x080092f8       0x24 ./USB_DEVICE/Target/usbd_conf.o
                0x080092f8                HAL_PCD_SetupStageCallback
 .text.HAL_PCD_DataOutStageCallback
                0x0800931c       0x36 ./USB_DEVICE/Target/usbd_conf.o
                0x0800931c                HAL_PCD_DataOutStageCallback
 .text.HAL_PCD_DataInStageCallback
                0x08009352       0x34 ./USB_DEVICE/Target/usbd_conf.o
                0x08009352                HAL_PCD_DataInStageCallback
 .text.HAL_PCD_SOFCallback
                0x08009386       0x1c ./USB_DEVICE/Target/usbd_conf.o
                0x08009386                HAL_PCD_SOFCallback
 .text.HAL_PCD_ResetCallback
                0x080093a2       0x50 ./USB_DEVICE/Target/usbd_conf.o
                0x080093a2                HAL_PCD_ResetCallback
 *fill*         0x080093f2        0x2 
 .text.HAL_PCD_SuspendCallback
                0x080093f4       0x4c ./USB_DEVICE/Target/usbd_conf.o
                0x080093f4                HAL_PCD_SuspendCallback
 .text.HAL_PCD_ResumeCallback
                0x08009440       0x1c ./USB_DEVICE/Target/usbd_conf.o
                0x08009440                HAL_PCD_ResumeCallback
 .text.HAL_PCD_ISOOUTIncompleteCallback
                0x0800945c       0x24 ./USB_DEVICE/Target/usbd_conf.o
                0x0800945c                HAL_PCD_ISOOUTIncompleteCallback
 .text.HAL_PCD_ISOINIncompleteCallback
                0x08009480       0x24 ./USB_DEVICE/Target/usbd_conf.o
                0x08009480                HAL_PCD_ISOINIncompleteCallback
 .text.HAL_PCD_ConnectCallback
                0x080094a4       0x1c ./USB_DEVICE/Target/usbd_conf.o
                0x080094a4                HAL_PCD_ConnectCallback
 .text.HAL_PCD_DisconnectCallback
                0x080094c0       0x1c ./USB_DEVICE/Target/usbd_conf.o
                0x080094c0                HAL_PCD_DisconnectCallback
 .text.USBD_LL_Init
                0x080094dc       0x98 ./USB_DEVICE/Target/usbd_conf.o
                0x080094dc                USBD_LL_Init
 .text.USBD_LL_Start
                0x08009574       0x36 ./USB_DEVICE/Target/usbd_conf.o
                0x08009574                USBD_LL_Start
 .text.USBD_LL_OpenEP
                0x080095aa       0x4c ./USB_DEVICE/Target/usbd_conf.o
                0x080095aa                USBD_LL_OpenEP
 .text.USBD_LL_CloseEP
                0x080095f6       0x3e ./USB_DEVICE/Target/usbd_conf.o
                0x080095f6                USBD_LL_CloseEP
 .text.USBD_LL_StallEP
                0x08009634       0x3e ./USB_DEVICE/Target/usbd_conf.o
                0x08009634                USBD_LL_StallEP
 .text.USBD_LL_ClearStallEP
                0x08009672       0x3e ./USB_DEVICE/Target/usbd_conf.o
                0x08009672                USBD_LL_ClearStallEP
 .text.USBD_LL_IsStallEP
                0x080096b0       0x58 ./USB_DEVICE/Target/usbd_conf.o
                0x080096b0                USBD_LL_IsStallEP
 .text.USBD_LL_SetUSBAddress
                0x08009708       0x3e ./USB_DEVICE/Target/usbd_conf.o
                0x08009708                USBD_LL_SetUSBAddress
 .text.USBD_LL_Transmit
                0x08009746       0x42 ./USB_DEVICE/Target/usbd_conf.o
                0x08009746                USBD_LL_Transmit
 .text.USBD_LL_PrepareReceive
                0x08009788       0x42 ./USB_DEVICE/Target/usbd_conf.o
                0x08009788                USBD_LL_PrepareReceive
 *fill*         0x080097ca        0x2 
 .text.USBD_static_malloc
                0x080097cc       0x1c ./USB_DEVICE/Target/usbd_conf.o
                0x080097cc                USBD_static_malloc
 .text.USBD_static_free
                0x080097e8       0x14 ./USB_DEVICE/Target/usbd_conf.o
                0x080097e8                USBD_static_free
 .text.USBD_Get_USB_Status
                0x080097fc       0x58 ./USB_DEVICE/Target/usbd_conf.o
                0x080097fc                USBD_Get_USB_Status
 .text.sprintf  0x08009854       0x44 D:/CODIng/Embedded C/MCU1/SETUP/STM32CubeIDE_1.16.0/STM32CubeIDE/plugins/com.st.stm32cube.ide.mcu.externaltools.gnu-tools-for-stm32.13.3.rel1.win32_1.0.0.202411081344/tools/bin/../lib/gcc/arm-none-eabi/13.3.1/../../../../arm-none-eabi/lib/thumb/v7e-m+fp/hard\libc_nano.a(libc_a-sprintf.o)
                0x08009854                siprintf
                0x08009854                sprintf
 .text.memset   0x08009898       0x10 D:/CODIng/Embedded C/MCU1/SETUP/STM32CubeIDE_1.16.0/STM32CubeIDE/plugins/com.st.stm32cube.ide.mcu.externaltools.gnu-tools-for-stm32.13.3.rel1.win32_1.0.0.202411081344/tools/bin/../lib/gcc/arm-none-eabi/13.3.1/../../../../arm-none-eabi/lib/thumb/v7e-m+fp/hard\libc_nano.a(libc_a-memset.o)
                0x08009898                memset
 .text.__errno  0x080098a8        0xc D:/CODIng/Embedded C/MCU1/SETUP/STM32CubeIDE_1.16.0/STM32CubeIDE/plugins/com.st.stm32cube.ide.mcu.externaltools.gnu-tools-for-stm32.13.3.rel1.win32_1.0.0.202411081344/tools/bin/../lib/gcc/arm-none-eabi/13.3.1/../../../../arm-none-eabi/lib/thumb/v7e-m+fp/hard\libc_nano.a(libc_a-errno.o)
                0x080098a8                __errno
 .text.__libc_init_array
                0x080098b4       0x48 D:/CODIng/Embedded C/MCU1/SETUP/STM32CubeIDE_1.16.0/STM32CubeIDE/plugins/com.st.stm32cube.ide.mcu.externaltools.gnu-tools-for-stm32.13.3.rel1.win32_1.0.0.202411081344/tools/bin/../lib/gcc/arm-none-eabi/13.3.1/../../../../arm-none-eabi/lib/thumb/v7e-m+fp/hard\libc_nano.a(libc_a-init.o)
                0x080098b4                __libc_init_array
 .text.__retarget_lock_acquire_recursive
                0x080098fc        0x2 D:/CODIng/Embedded C/MCU1/SETUP/STM32CubeIDE_1.16.0/STM32CubeIDE/plugins/com.st.stm32cube.ide.mcu.externaltools.gnu-tools-for-stm32.13.3.rel1.win32_1.0.0.202411081344/tools/bin/../lib/gcc/arm-none-eabi/13.3.1/../../../../arm-none-eabi/lib/thumb/v7e-m+fp/hard\libc_nano.a(libc_a-lock.o)
                0x080098fc                __retarget_lock_acquire_recursive
 .text.__retarget_lock_release_recursive
                0x080098fe        0x2 D:/CODIng/Embedded C/MCU1/SETUP/STM32CubeIDE_1.16.0/STM32CubeIDE/plugins/com.st.stm32cube.ide.mcu.externaltools.gnu-tools-for-stm32.13.3.rel1.win32_1.0.0.202411081344/tools/bin/../lib/gcc/arm-none-eabi/13.3.1/../../../../arm-none-eabi/lib/thumb/v7e-m+fp/hard\libc_nano.a(libc_a-lock.o)
                0x080098fe                __retarget_lock_release_recursive
 .text._free_r  0x08009900       0x94 D:/CODIng/Embedded C/MCU1/SETUP/STM32CubeIDE_1.16.0/STM32CubeIDE/plugins/com.st.stm32cube.ide.mcu.externaltools.gnu-tools-for-stm32.13.3.rel1.win32_1.0.0.202411081344/tools/bin/../lib/gcc/arm-none-eabi/13.3.1/../../../../arm-none-eabi/lib/thumb/v7e-m+fp/hard\libc_nano.a(libc_a-freer.o)
                0x08009900                _free_r
 .text.sbrk_aligned
                0x08009994       0x44 D:/CODIng/Embedded C/MCU1/SETUP/STM32CubeIDE_1.16.0/STM32CubeIDE/plugins/com.st.stm32cube.ide.mcu.externaltools.gnu-tools-for-stm32.13.3.rel1.win32_1.0.0.202411081344/tools/bin/../lib/gcc/arm-none-eabi/13.3.1/../../../../arm-none-eabi/lib/thumb/v7e-m+fp/hard\libc_nano.a(libc_a-mallocr.o)
 .text._malloc_r
                0x080099d8      0x100 D:/CODIng/Embedded C/MCU1/SETUP/STM32CubeIDE_1.16.0/STM32CubeIDE/plugins/com.st.stm32cube.ide.mcu.externaltools.gnu-tools-for-stm32.13.3.rel1.win32_1.0.0.202411081344/tools/bin/../lib/gcc/arm-none-eabi/13.3.1/../../../../arm-none-eabi/lib/thumb/v7e-m+fp/hard\libc_nano.a(libc_a-mallocr.o)
                0x080099d8                _malloc_r
 .text.__malloc_lock
                0x08009ad8        0xc D:/CODIng/Embedded C/MCU1/SETUP/STM32CubeIDE_1.16.0/STM32CubeIDE/plugins/com.st.stm32cube.ide.mcu.externaltools.gnu-tools-for-stm32.13.3.rel1.win32_1.0.0.202411081344/tools/bin/../lib/gcc/arm-none-eabi/13.3.1/../../../../arm-none-eabi/lib/thumb/v7e-m+fp/hard\libc_nano.a(libc_a-mlock.o)
                0x08009ad8                __malloc_lock
 .text.__malloc_unlock
                0x08009ae4        0xc D:/CODIng/Embedded C/MCU1/SETUP/STM32CubeIDE_1.16.0/STM32CubeIDE/plugins/com.st.stm32cube.ide.mcu.externaltools.gnu-tools-for-stm32.13.3.rel1.win32_1.0.0.202411081344/tools/bin/../lib/gcc/arm-none-eabi/13.3.1/../../../../arm-none-eabi/lib/thumb/v7e-m+fp/hard\libc_nano.a(libc_a-mlock.o)
                0x08009ae4                __malloc_unlock
 .text.__ssputs_r
                0x08009af0       0xb6 D:/CODIng/Embedded C/MCU1/SETUP/STM32CubeIDE_1.16.0/STM32CubeIDE/plugins/com.st.stm32cube.ide.mcu.externaltools.gnu-tools-for-stm32.13.3.rel1.win32_1.0.0.202411081344/tools/bin/../lib/gcc/arm-none-eabi/13.3.1/../../../../arm-none-eabi/lib/thumb/v7e-m+fp/hard\libc_nano.a(libc_a-nano-svfprintf.o)
                0x08009af0                __ssputs_r
 *fill*         0x08009ba6        0x2 
 .text._svfprintf_r
                0x08009ba8      0x1f8 D:/CODIng/Embedded C/MCU1/SETUP/STM32CubeIDE_1.16.0/STM32CubeIDE/plugins/com.st.stm32cube.ide.mcu.externaltools.gnu-tools-for-stm32.13.3.rel1.win32_1.0.0.202411081344/tools/bin/../lib/gcc/arm-none-eabi/13.3.1/../../../../arm-none-eabi/lib/thumb/v7e-m+fp/hard\libc_nano.a(libc_a-nano-svfprintf.o)
                0x08009ba8                _svfiprintf_r
                0x08009ba8                _svfprintf_r
 .text._printf_common
                0x08009da0       0xda D:/CODIng/Embedded C/MCU1/SETUP/STM32CubeIDE_1.16.0/STM32CubeIDE/plugins/com.st.stm32cube.ide.mcu.externaltools.gnu-tools-for-stm32.13.3.rel1.win32_1.0.0.202411081344/tools/bin/../lib/gcc/arm-none-eabi/13.3.1/../../../../arm-none-eabi/lib/thumb/v7e-m+fp/hard\libc_nano.a(libc_a-nano-vfprintf_i.o)
                0x08009da0                _printf_common
 *fill*         0x08009e7a        0x2 
 .text._printf_i
                0x08009e7c      0x23c D:/CODIng/Embedded C/MCU1/SETUP/STM32CubeIDE_1.16.0/STM32CubeIDE/plugins/com.st.stm32cube.ide.mcu.externaltools.gnu-tools-for-stm32.13.3.rel1.win32_1.0.0.202411081344/tools/bin/../lib/gcc/arm-none-eabi/13.3.1/../../../../arm-none-eabi/lib/thumb/v7e-m+fp/hard\libc_nano.a(libc_a-nano-vfprintf_i.o)
                0x08009e7c                _printf_i
 .text.memmove  0x0800a0b8       0x34 D:/CODIng/Embedded C/MCU1/SETUP/STM32CubeIDE_1.16.0/STM32CubeIDE/plugins/com.st.stm32cube.ide.mcu.externaltools.gnu-tools-for-stm32.13.3.rel1.win32_1.0.0.202411081344/tools/bin/../lib/gcc/arm-none-eabi/13.3.1/../../../../arm-none-eabi/lib/thumb/v7e-m+fp/hard\libc_nano.a(libc_a-memmove.o)
                0x0800a0b8                memmove
 .text._sbrk_r  0x0800a0ec       0x20 D:/CODIng/Embedded C/MCU1/SETUP/STM32CubeIDE_1.16.0/STM32CubeIDE/plugins/com.st.stm32cube.ide.mcu.externaltools.gnu-tools-for-stm32.13.3.rel1.win32_1.0.0.202411081344/tools/bin/../lib/gcc/arm-none-eabi/13.3.1/../../../../arm-none-eabi/lib/thumb/v7e-m+fp/hard\libc_nano.a(libc_a-sbrkr.o)
                0x0800a0ec                _sbrk_r
 .text.memcpy   0x0800a10c       0x1c D:/CODIng/Embedded C/MCU1/SETUP/STM32CubeIDE_1.16.0/STM32CubeIDE/plugins/com.st.stm32cube.ide.mcu.externaltools.gnu-tools-for-stm32.13.3.rel1.win32_1.0.0.202411081344/tools/bin/../lib/gcc/arm-none-eabi/13.3.1/../../../../arm-none-eabi/lib/thumb/v7e-m+fp/hard\libc_nano.a(libc_a-memcpy-stub.o)
                0x0800a10c                memcpy
 .text._realloc_r
                0x0800a128       0x5c D:/CODIng/Embedded C/MCU1/SETUP/STM32CubeIDE_1.16.0/STM32CubeIDE/plugins/com.st.stm32cube.ide.mcu.externaltools.gnu-tools-for-stm32.13.3.rel1.win32_1.0.0.202411081344/tools/bin/../lib/gcc/arm-none-eabi/13.3.1/../../../../arm-none-eabi/lib/thumb/v7e-m+fp/hard\libc_nano.a(libc_a-reallocr.o)
                0x0800a128                _realloc_r
 .text._malloc_usable_size_r
                0x0800a184       0x10 D:/CODIng/Embedded C/MCU1/SETUP/STM32CubeIDE_1.16.0/STM32CubeIDE/plugins/com.st.stm32cube.ide.mcu.externaltools.gnu-tools-for-stm32.13.3.rel1.win32_1.0.0.202411081344/tools/bin/../lib/gcc/arm-none-eabi/13.3.1/../../../../arm-none-eabi/lib/thumb/v7e-m+fp/hard\libc_nano.a(libc_a-msizer.o)
                0x0800a184                _malloc_usable_size_r
 .text.atan2    0x0800a194        0x4 D:/CODIng/Embedded C/MCU1/SETUP/STM32CubeIDE_1.16.0/STM32CubeIDE/plugins/com.st.stm32cube.ide.mcu.externaltools.gnu-tools-for-stm32.13.3.rel1.win32_1.0.0.202411081344/tools/bin/../lib/gcc/arm-none-eabi/13.3.1/../../../../arm-none-eabi/lib/thumb/v7e-m+fp/hard\libm.a(libm_a-w_atan2.o)
                0x0800a194                atan2
 .text.sqrt     0x0800a198       0x58 D:/CODIng/Embedded C/MCU1/SETUP/STM32CubeIDE_1.16.0/STM32CubeIDE/plugins/com.st.stm32cube.ide.mcu.externaltools.gnu-tools-for-stm32.13.3.rel1.win32_1.0.0.202411081344/tools/bin/../lib/gcc/arm-none-eabi/13.3.1/../../../../arm-none-eabi/lib/thumb/v7e-m+fp/hard\libm.a(libm_a-w_sqrt.o)
                0x0800a198                sqrt
 .text.atan     0x0800a1f0      0x330 D:/CODIng/Embedded C/MCU1/SETUP/STM32CubeIDE_1.16.0/STM32CubeIDE/plugins/com.st.stm32cube.ide.mcu.externaltools.gnu-tools-for-stm32.13.3.rel1.win32_1.0.0.202411081344/tools/bin/../lib/gcc/arm-none-eabi/13.3.1/../../../../arm-none-eabi/lib/thumb/v7e-m+fp/hard\libm.a(libm_a-s_atan.o)
                0x0800a1f0                atan
 .text.fabs     0x0800a520       0x10 D:/CODIng/Embedded C/MCU1/SETUP/STM32CubeIDE_1.16.0/STM32CubeIDE/plugins/com.st.stm32cube.ide.mcu.externaltools.gnu-tools-for-stm32.13.3.rel1.win32_1.0.0.202411081344/tools/bin/../lib/gcc/arm-none-eabi/13.3.1/../../../../arm-none-eabi/lib/thumb/v7e-m+fp/hard\libm.a(libm_a-s_fabs.o)
                0x0800a520                fabs
 .text.__ieee754_sqrt
                0x0800a530      0x1ac D:/CODIng/Embedded C/MCU1/SETUP/STM32CubeIDE_1.16.0/STM32CubeIDE/plugins/com.st.stm32cube.ide.mcu.externaltools.gnu-tools-for-stm32.13.3.rel1.win32_1.0.0.202411081344/tools/bin/../lib/gcc/arm-none-eabi/13.3.1/../../../../arm-none-eabi/lib/thumb/v7e-m+fp/hard\libm.a(libm_a-e_sqrt.o)
                0x0800a530                __ieee754_sqrt
 *fill*         0x0800a6dc        0x4 
 .text.__ieee754_atan2
                0x0800a6e0      0x18c D:/CODIng/Embedded C/MCU1/SETUP/STM32CubeIDE_1.16.0/STM32CubeIDE/plugins/com.st.stm32cube.ide.mcu.externaltools.gnu-tools-for-stm32.13.3.rel1.win32_1.0.0.202411081344/tools/bin/../lib/gcc/arm-none-eabi/13.3.1/../../../../arm-none-eabi/lib/thumb/v7e-m+fp/hard\libm.a(libm_a-e_atan2.o)
                0x0800a6e0                __ieee754_atan2
 *(.glue_7)
 .glue_7        0x0800a86c        0x0 linker stubs
 *(.glue_7t)
 .glue_7t       0x0800a86c        0x0 linker stubs
 *(.eh_frame)
 .eh_frame      0x0800a86c        0x0 D:/CODIng/Embedded C/MCU1/SETUP/STM32CubeIDE_1.16.0/STM32CubeIDE/plugins/com.st.stm32cube.ide.mcu.externaltools.gnu-tools-for-stm32.13.3.rel1.win32_1.0.0.202411081344/tools/bin/../lib/gcc/arm-none-eabi/13.3.1/thumb/v7e-m+fp/hard/crtbegin.o
 *(.init)
 .init          0x0800a86c        0x4 D:/CODIng/Embedded C/MCU1/SETUP/STM32CubeIDE_1.16.0/STM32CubeIDE/plugins/com.st.stm32cube.ide.mcu.externaltools.gnu-tools-for-stm32.13.3.rel1.win32_1.0.0.202411081344/tools/bin/../lib/gcc/arm-none-eabi/13.3.1/thumb/v7e-m+fp/hard/crti.o
                0x0800a86c                _init
 .init          0x0800a870        0x8 D:/CODIng/Embedded C/MCU1/SETUP/STM32CubeIDE_1.16.0/STM32CubeIDE/plugins/com.st.stm32cube.ide.mcu.externaltools.gnu-tools-for-stm32.13.3.rel1.win32_1.0.0.202411081344/tools/bin/../lib/gcc/arm-none-eabi/13.3.1/thumb/v7e-m+fp/hard/crtn.o
 *(.fini)
 .fini          0x0800a878        0x4 D:/CODIng/Embedded C/MCU1/SETUP/STM32CubeIDE_1.16.0/STM32CubeIDE/plugins/com.st.stm32cube.ide.mcu.externaltools.gnu-tools-for-stm32.13.3.rel1.win32_1.0.0.202411081344/tools/bin/../lib/gcc/arm-none-eabi/13.3.1/thumb/v7e-m+fp/hard/crti.o
                0x0800a878                _fini
 .fini          0x0800a87c        0x8 D:/CODIng/Embedded C/MCU1/SETUP/STM32CubeIDE_1.16.0/STM32CubeIDE/plugins/com.st.stm32cube.ide.mcu.externaltools.gnu-tools-for-stm32.13.3.rel1.win32_1.0.0.202411081344/tools/bin/../lib/gcc/arm-none-eabi/13.3.1/thumb/v7e-m+fp/hard/crtn.o
                0x0800a884                        . = ALIGN (0x4)
                0x0800a884                        _etext = .

.vfp11_veneer   0x0800a884        0x0
 .vfp11_veneer  0x0800a884        0x0 linker stubs

.v4_bx          0x0800a884        0x0
 .v4_bx         0x0800a884        0x0 linker stubs

.iplt           0x0800a884        0x0
 .iplt          0x0800a884        0x0 D:/CODIng/Embedded C/MCU1/SETUP/STM32CubeIDE_1.16.0/STM32CubeIDE/plugins/com.st.stm32cube.ide.mcu.externaltools.gnu-tools-for-stm32.13.3.rel1.win32_1.0.0.202411081344/tools/bin/../lib/gcc/arm-none-eabi/13.3.1/thumb/v7e-m+fp/hard/crtbegin.o

.rodata         0x0800a888      0x1f0
                0x0800a888                        . = ALIGN (0x4)
 *(.rodata)
 .rodata        0x0800a888       0xec ./Core/Src/main.o
 .rodata        0x0800a974       0x32 ./USB_DEVICE/App/usbd_desc.o
 *(.rodata*)
 *fill*         0x0800a9a6        0x2 
 .rodata.AHBPrescTable
                0x0800a9a8       0x10 ./Core/Src/system_stm32f4xx.o
                0x0800a9a8                AHBPrescTable
 .rodata.APBPrescTable
                0x0800a9b8        0x8 ./Core/Src/system_stm32f4xx.o
                0x0800a9b8                APBPrescTable
 .rodata._svfprintf_r.str1.1
                0x0800a9c0       0x33 D:/CODIng/Embedded C/MCU1/SETUP/STM32CubeIDE_1.16.0/STM32CubeIDE/plugins/com.st.stm32cube.ide.mcu.externaltools.gnu-tools-for-stm32.13.3.rel1.win32_1.0.0.202411081344/tools/bin/../lib/gcc/arm-none-eabi/13.3.1/../../../../arm-none-eabi/lib/thumb/v7e-m+fp/hard\libc_nano.a(libc_a-nano-svfprintf.o)
                                 0x11 (size before relaxing)
 .rodata._printf_i.str1.1
                0x0800a9f3       0x22 D:/CODIng/Embedded C/MCU1/SETUP/STM32CubeIDE_1.16.0/STM32CubeIDE/plugins/com.st.stm32cube.ide.mcu.externaltools.gnu-tools-for-stm32.13.3.rel1.win32_1.0.0.202411081344/tools/bin/../lib/gcc/arm-none-eabi/13.3.1/../../../../arm-none-eabi/lib/thumb/v7e-m+fp/hard\libc_nano.a(libc_a-nano-vfprintf_i.o)
 *fill*         0x0800a9f3        0x5 
 .rodata.atanlo
                0x0800a9f8       0x20 D:/CODIng/Embedded C/MCU1/SETUP/STM32CubeIDE_1.16.0/STM32CubeIDE/plugins/com.st.stm32cube.ide.mcu.externaltools.gnu-tools-for-stm32.13.3.rel1.win32_1.0.0.202411081344/tools/bin/../lib/gcc/arm-none-eabi/13.3.1/../../../../arm-none-eabi/lib/thumb/v7e-m+fp/hard\libm.a(libm_a-s_atan.o)
 .rodata.atanhi
                0x0800aa18       0x20 D:/CODIng/Embedded C/MCU1/SETUP/STM32CubeIDE_1.16.0/STM32CubeIDE/plugins/com.st.stm32cube.ide.mcu.externaltools.gnu-tools-for-stm32.13.3.rel1.win32_1.0.0.202411081344/tools/bin/../lib/gcc/arm-none-eabi/13.3.1/../../../../arm-none-eabi/lib/thumb/v7e-m+fp/hard\libm.a(libm_a-s_atan.o)
 .rodata.tiny   0x0800aa38        0x8 D:/CODIng/Embedded C/MCU1/SETUP/STM32CubeIDE_1.16.0/STM32CubeIDE/plugins/com.st.stm32cube.ide.mcu.externaltools.gnu-tools-for-stm32.13.3.rel1.win32_1.0.0.202411081344/tools/bin/../lib/gcc/arm-none-eabi/13.3.1/../../../../arm-none-eabi/lib/thumb/v7e-m+fp/hard\libm.a(libm_a-e_sqrt.o)
 .rodata.one    0x0800aa40        0x8 D:/CODIng/Embedded C/MCU1/SETUP/STM32CubeIDE_1.16.0/STM32CubeIDE/plugins/com.st.stm32cube.ide.mcu.externaltools.gnu-tools-for-stm32.13.3.rel1.win32_1.0.0.202411081344/tools/bin/../lib/gcc/arm-none-eabi/13.3.1/../../../../arm-none-eabi/lib/thumb/v7e-m+fp/hard\libm.a(libm_a-e_sqrt.o)
 .rodata.CSWTCH.9
                0x0800aa48       0x18 D:/CODIng/Embedded C/MCU1/SETUP/STM32CubeIDE_1.16.0/STM32CubeIDE/plugins/com.st.stm32cube.ide.mcu.externaltools.gnu-tools-for-stm32.13.3.rel1.win32_1.0.0.202411081344/tools/bin/../lib/gcc/arm-none-eabi/13.3.1/../../../../arm-none-eabi/lib/thumb/v7e-m+fp/hard\libm.a(libm_a-e_atan2.o)
 .rodata.CSWTCH.8
                0x0800aa60       0x18 D:/CODIng/Embedded C/MCU1/SETUP/STM32CubeIDE_1.16.0/STM32CubeIDE/plugins/com.st.stm32cube.ide.mcu.externaltools.gnu-tools-for-stm32.13.3.rel1.win32_1.0.0.202411081344/tools/bin/../lib/gcc/arm-none-eabi/13.3.1/../../../../arm-none-eabi/lib/thumb/v7e-m+fp/hard\libm.a(libm_a-e_atan2.o)
                0x0800aa78                        . = ALIGN (0x4)

.ARM.extab      0x0800aa78        0x0
                0x0800aa78                        . = ALIGN (0x4)
 *(.ARM.extab* .gnu.linkonce.armextab.*)
                0x0800aa78                        . = ALIGN (0x4)

.ARM            0x0800aa78        0x8
                0x0800aa78                        . = ALIGN (0x4)
                0x0800aa78                        __exidx_start = .
 *(.ARM.exidx*)
 .ARM.exidx     0x0800aa78        0x8 D:/CODIng/Embedded C/MCU1/SETUP/STM32CubeIDE_1.16.0/STM32CubeIDE/plugins/com.st.stm32cube.ide.mcu.externaltools.gnu-tools-for-stm32.13.3.rel1.win32_1.0.0.202411081344/tools/bin/../lib/gcc/arm-none-eabi/13.3.1/../../../../arm-none-eabi/lib/thumb/v7e-m+fp/hard\libc_nano.a(libc_a-strlen.o)
 .ARM.exidx     0x0800aa80        0x0 D:/CODIng/Embedded C/MCU1/SETUP/STM32CubeIDE_1.16.0/STM32CubeIDE/plugins/com.st.stm32cube.ide.mcu.externaltools.gnu-tools-for-stm32.13.3.rel1.win32_1.0.0.202411081344/tools/bin/../lib/gcc/arm-none-eabi/13.3.1/../../../../arm-none-eabi/lib/thumb/v7e-m+fp/hard\libc_nano.a(libc_a-memchr.o)
                                  0x8 (size before relaxing)
 .ARM.exidx     0x0800aa80        0x0 D:/CODIng/Embedded C/MCU1/SETUP/STM32CubeIDE_1.16.0/STM32CubeIDE/plugins/com.st.stm32cube.ide.mcu.externaltools.gnu-tools-for-stm32.13.3.rel1.win32_1.0.0.202411081344/tools/bin/../lib/gcc/arm-none-eabi/13.3.1/thumb/v7e-m+fp/hard\libgcc.a(_udivmoddi4.o)
                                  0x8 (size before relaxing)
                0x0800aa80                        __exidx_end = .
                0x0800aa80                        . = ALIGN (0x4)

.preinit_array  0x0800aa80        0x0
                0x0800aa80                        . = ALIGN (0x4)
                0x0800aa80                        PROVIDE (__preinit_array_start = .)
 *(.preinit_array*)
                0x0800aa80                        PROVIDE (__preinit_array_end = .)
                0x0800aa80                        . = ALIGN (0x4)

.init_array     0x0800aa80        0x4
                0x0800aa80                        . = ALIGN (0x4)
                0x0800aa80                        PROVIDE (__init_array_start = .)
 *(SORT_BY_NAME(.init_array.*))
 *(.init_array*)
 .init_array    0x0800aa80        0x4 D:/CODIng/Embedded C/MCU1/SETUP/STM32CubeIDE_1.16.0/STM32CubeIDE/plugins/com.st.stm32cube.ide.mcu.externaltools.gnu-tools-for-stm32.13.3.rel1.win32_1.0.0.202411081344/tools/bin/../lib/gcc/arm-none-eabi/13.3.1/thumb/v7e-m+fp/hard/crtbegin.o
                0x0800aa84                        PROVIDE (__init_array_end = .)
                0x0800aa84                        . = ALIGN (0x4)

.fini_array     0x0800aa84        0x4
                0x0800aa84                        . = ALIGN (0x4)
                [!provide]                        PROVIDE (__fini_array_start = .)
 *(SORT_BY_NAME(.fini_array.*))
 *(.fini_array*)
 .fini_array    0x0800aa84        0x4 D:/CODIng/Embedded C/MCU1/SETUP/STM32CubeIDE_1.16.0/STM32CubeIDE/plugins/com.st.stm32cube.ide.mcu.externaltools.gnu-tools-for-stm32.13.3.rel1.win32_1.0.0.202411081344/tools/bin/../lib/gcc/arm-none-eabi/13.3.1/thumb/v7e-m+fp/hard/crtbegin.o
                [!provide]                        PROVIDE (__fini_array_end = .)
                0x0800aa88                        . = ALIGN (0x4)
                0x0800aa88                        _sidata = LOADADDR (.data)

.rel.dyn        0x0800aa88        0x0
 .rel.iplt      0x0800aa88        0x0 D:/CODIng/Embedded C/MCU1/SETUP/STM32CubeIDE_1.16.0/STM32CubeIDE/plugins/com.st.stm32cube.ide.mcu.externaltools.gnu-tools-for-stm32.13.3.rel1.win32_1.0.0.202411081344/tools/bin/../lib/gcc/arm-none-eabi/13.3.1/thumb/v7e-m+fp/hard/crtbegin.o

.data           0x20000000      0x1fc load address 0x0800aa88
                0x20000000                        . = ALIGN (0x4)
                0x20000000                        _sdata = .
 *(.data)
 *(.data*)
 .data.KalmanX  0x20000000       0x48 ./Core/Src/mpu6050.o
                0x20000000                KalmanX
 .data.KalmanY  0x20000048       0x48 ./Core/Src/mpu6050.o
                0x20000048                KalmanY
 .data.SystemCoreClock
                0x20000090        0x4 ./Core/Src/system_stm32f4xx.o
                0x20000090                SystemCoreClock
 .data.uwTickPrio
                0x20000094        0x4 ./Drivers/STM32F4xx_HAL_Driver/Src/stm32f4xx_hal.o
                0x20000094                uwTickPrio
 .data.uwTickFreq
                0x20000098        0x1 ./Drivers/STM32F4xx_HAL_Driver/Src/stm32f4xx_hal.o
                0x20000098                uwTickFreq
 *fill*         0x20000099        0x3 
 .data.USBD_HID
                0x2000009c       0x38 ./Middlewares/ST/STM32_USB_Device_Library/Class/HID/Src/usbd_hid.o
                0x2000009c                USBD_HID
 .data.USBD_HID_CfgDesc
                0x200000d4       0x22 ./Middlewares/ST/STM32_USB_Device_Library/Class/HID/Src/usbd_hid.o
 *fill*         0x200000f6        0x2 
 .data.USBD_HID_Desc
                0x200000f8        0x9 ./Middlewares/ST/STM32_USB_Device_Library/Class/HID/Src/usbd_hid.o
 *fill*         0x20000101        0x3 
 .data.USBD_HID_DeviceQualifierDesc
                0x20000104        0xa ./Middlewares/ST/STM32_USB_Device_Library/Class/HID/Src/usbd_hid.o
 *fill*         0x2000010e        0x2 
 .data.HID_MOUSE_ReportDesc
                0x20000110       0x4a ./Middlewares/ST/STM32_USB_Device_Library/Class/HID/Src/usbd_hid.o
 .data.HIDInEpAdd
                0x2000015a        0x1 ./Middlewares/ST/STM32_USB_Device_Library/Class/HID/Src/usbd_hid.o
 *fill*         0x2000015b        0x1 
 .data.FS_Desc  0x2000015c       0x1c ./USB_DEVICE/App/usbd_desc.o
                0x2000015c                FS_Desc
 .data.USBD_FS_DeviceDesc
                0x20000178       0x12 ./USB_DEVICE/App/usbd_desc.o
                0x20000178                USBD_FS_DeviceDesc
 *fill*         0x2000018a        0x2 
 .data.USBD_LangIDDesc
                0x2000018c        0x4 ./USB_DEVICE/App/usbd_desc.o
                0x2000018c                USBD_LangIDDesc
 .data.USBD_StringSerial
                0x20000190       0x1a ./USB_DEVICE/App/usbd_desc.o
                0x20000190                USBD_StringSerial
 *fill*         0x200001aa        0x2 
 .data._impure_ptr
                0x200001ac        0x4 D:/CODIng/Embedded C/MCU1/SETUP/STM32CubeIDE_1.16.0/STM32CubeIDE/plugins/com.st.stm32cube.ide.mcu.externaltools.gnu-tools-for-stm32.13.3.rel1.win32_1.0.0.202411081344/tools/bin/../lib/gcc/arm-none-eabi/13.3.1/../../../../arm-none-eabi/lib/thumb/v7e-m+fp/hard\libc_nano.a(libc_a-impure.o)
                0x200001ac                _impure_ptr
 .data._impure_data
                0x200001b0       0x4c D:/CODIng/Embedded C/MCU1/SETUP/STM32CubeIDE_1.16.0/STM32CubeIDE/plugins/com.st.stm32cube.ide.mcu.externaltools.gnu-tools-for-stm32.13.3.rel1.win32_1.0.0.202411081344/tools/bin/../lib/gcc/arm-none-eabi/13.3.1/../../../../arm-none-eabi/lib/thumb/v7e-m+fp/hard\libc_nano.a(libc_a-impure.o)
                0x200001b0                _impure_data
 *(.RamFunc)
 *(.RamFunc*)
                0x200001fc                        . = ALIGN (0x4)
                0x200001fc                        _edata = .
                0x0800ac84                        _siccmram = LOADADDR (.ccmram)

.igot.plt       0x200001fc        0x0 load address 0x0800ac84
 .igot.plt      0x200001fc        0x0 D:/CODIng/Embedded C/MCU1/SETUP/STM32CubeIDE_1.16.0/STM32CubeIDE/plugins/com.st.stm32cube.ide.mcu.externaltools.gnu-tools-for-stm32.13.3.rel1.win32_1.0.0.202411081344/tools/bin/../lib/gcc/arm-none-eabi/13.3.1/thumb/v7e-m+fp/hard/crtbegin.o

.ccmram         0x10000000        0x0 load address 0x0800ac84
                0x10000000                        . = ALIGN (0x4)
                0x10000000                        _sccmram = .
 *(.ccmram)
 *(.ccmram*)
                0x10000000                        . = ALIGN (0x4)
                0x10000000                        _eccmram = .
                0x10000000                        . = ALIGN (0x4)

.bss            0x20000200      0xc3c
                0x20000200                        _sbss = .
                0x20000200                        __bss_start__ = _sbss
 *(.bss)
 .bss           0x20000200       0x1c D:/CODIng/Embedded C/MCU1/SETUP/STM32CubeIDE_1.16.0/STM32CubeIDE/plugins/com.st.stm32cube.ide.mcu.externaltools.gnu-tools-for-stm32.13.3.rel1.win32_1.0.0.202411081344/tools/bin/../lib/gcc/arm-none-eabi/13.3.1/thumb/v7e-m+fp/hard/crtbegin.o
 *(.bss*)
 .bss.hi2c1     0x2000021c       0x54 ./Core/Src/i2c.o
                0x2000021c                hi2c1
 .bss.MPU6050   0x20000270       0x58 ./Core/Src/main.o
                0x20000270                MPU6050
 .bss.huart1    0x200002c8       0x48 ./Core/Src/main.o
                0x200002c8                huart1
 .bss.timer     0x20000310        0x4 ./Core/Src/mpu6050.o
                0x20000310                timer
 .bss.__sbrk_heap_end
                0x20000314        0x4 ./Core/Src/sysmem.o
 .bss.uwTick    0x20000318        0x4 ./Drivers/STM32F4xx_HAL_Driver/Src/stm32f4xx_hal.o
                0x20000318                uwTick
 .bss.cfgidx.0  0x2000031c        0x1 ./Middlewares/ST/STM32_USB_Device_Library/Core/Src/usbd_ctlreq.o
 *fill*         0x2000031d        0x3 
 .bss.hUsbDeviceFS
                0x20000320      0x2dc ./USB_DEVICE/App/usb_device.o
                0x20000320                hUsbDeviceFS
 .bss.USBD_StrDesc
                0x200005fc      0x200 ./USB_DEVICE/App/usbd_desc.o
                0x200005fc                USBD_StrDesc
 .bss.hpcd_USB_OTG_FS
                0x200007fc      0x4e4 ./USB_DEVICE/Target/usbd_conf.o
                0x200007fc                hpcd_USB_OTG_FS
 .bss.mem.0     0x20000ce0       0x14 ./USB_DEVICE/Target/usbd_conf.o
 .bss.__sf      0x20000cf4      0x138 D:/CODIng/Embedded C/MCU1/SETUP/STM32CubeIDE_1.16.0/STM32CubeIDE/plugins/com.st.stm32cube.ide.mcu.externaltools.gnu-tools-for-stm32.13.3.rel1.win32_1.0.0.202411081344/tools/bin/../lib/gcc/arm-none-eabi/13.3.1/../../../../arm-none-eabi/lib/thumb/v7e-m+fp/hard\libc_nano.a(libc_a-findfp.o)
                0x20000cf4                __sf
 .bss.errno     0x20000e2c        0x4 D:/CODIng/Embedded C/MCU1/SETUP/STM32CubeIDE_1.16.0/STM32CubeIDE/plugins/com.st.stm32cube.ide.mcu.externaltools.gnu-tools-for-stm32.13.3.rel1.win32_1.0.0.202411081344/tools/bin/../lib/gcc/arm-none-eabi/13.3.1/../../../../arm-none-eabi/lib/thumb/v7e-m+fp/hard\libc_nano.a(libc_a-reent.o)
                0x20000e2c                errno
 .bss.__lock___malloc_recursive_mutex
                0x20000e30        0x1 D:/CODIng/Embedded C/MCU1/SETUP/STM32CubeIDE_1.16.0/STM32CubeIDE/plugins/com.st.stm32cube.ide.mcu.externaltools.gnu-tools-for-stm32.13.3.rel1.win32_1.0.0.202411081344/tools/bin/../lib/gcc/arm-none-eabi/13.3.1/../../../../arm-none-eabi/lib/thumb/v7e-m+fp/hard\libc_nano.a(libc_a-lock.o)
                0x20000e30                __lock___malloc_recursive_mutex
 *fill*         0x20000e31        0x3 
 .bss.__malloc_sbrk_start
                0x20000e34        0x4 D:/CODIng/Embedded C/MCU1/SETUP/STM32CubeIDE_1.16.0/STM32CubeIDE/plugins/com.st.stm32cube.ide.mcu.externaltools.gnu-tools-for-stm32.13.3.rel1.win32_1.0.0.202411081344/tools/bin/../lib/gcc/arm-none-eabi/13.3.1/../../../../arm-none-eabi/lib/thumb/v7e-m+fp/hard\libc_nano.a(libc_a-mallocr.o)
                0x20000e34                __malloc_sbrk_start
 .bss.__malloc_free_list
                0x20000e38        0x4 D:/CODIng/Embedded C/MCU1/SETUP/STM32CubeIDE_1.16.0/STM32CubeIDE/plugins/com.st.stm32cube.ide.mcu.externaltools.gnu-tools-for-stm32.13.3.rel1.win32_1.0.0.202411081344/tools/bin/../lib/gcc/arm-none-eabi/13.3.1/../../../../arm-none-eabi/lib/thumb/v7e-m+fp/hard\libc_nano.a(libc_a-mallocr.o)
                0x20000e38                __malloc_free_list
 *(COMMON)
                0x20000e3c                        . = ALIGN (0x4)
                0x20000e3c                        _ebss = .
                0x20000e3c                        __bss_end__ = _ebss

._user_heap_stack
                0x20000e3c      0x604
                0x20000e40                        . = ALIGN (0x8)
 *fill*         0x20000e3c        0x4 
                [!provide]                        PROVIDE (end = .)
                0x20000e40                        PROVIDE (_end = .)
                0x20001040                        . = (. + _Min_Heap_Size)
 *fill*         0x20000e40      0x200 
                0x20001440                        . = (. + _Min_Stack_Size)
 *fill*         0x20001040      0x400 
                0x20001440                        . = ALIGN (0x8)

/DISCARD/
 libc.a(*)
 libm.a(*)
 libgcc.a(*)

.ARM.attributes
                0x00000000       0x30
 *(.ARM.attributes)
 .ARM.attributes
                0x00000000       0x22 D:/CODIng/Embedded C/MCU1/SETUP/STM32CubeIDE_1.16.0/STM32CubeIDE/plugins/com.st.stm32cube.ide.mcu.externaltools.gnu-tools-for-stm32.13.3.rel1.win32_1.0.0.202411081344/tools/bin/../lib/gcc/arm-none-eabi/13.3.1/thumb/v7e-m+fp/hard/crti.o
 .ARM.attributes
                0x00000022       0x34 D:/CODIng/Embedded C/MCU1/SETUP/STM32CubeIDE_1.16.0/STM32CubeIDE/plugins/com.st.stm32cube.ide.mcu.externaltools.gnu-tools-for-stm32.13.3.rel1.win32_1.0.0.202411081344/tools/bin/../lib/gcc/arm-none-eabi/13.3.1/thumb/v7e-m+fp/hard/crtbegin.o
 .ARM.attributes
                0x00000056       0x34 ./Core/Src/i2c.o
 .ARM.attributes
                0x0000008a       0x34 ./Core/Src/main.o
 .ARM.attributes
                0x000000be       0x34 ./Core/Src/mpu6050.o
 .ARM.attributes
                0x000000f2       0x34 ./Core/Src/stm32f4xx_hal_msp.o
 .ARM.attributes
                0x00000126       0x34 ./Core/Src/stm32f4xx_it.o
 .ARM.attributes
                0x0000015a       0x34 ./Core/Src/sysmem.o
 .ARM.attributes
                0x0000018e       0x34 ./Core/Src/system_stm32f4xx.o
 .ARM.attributes
                0x000001c2       0x21 ./Core/Startup/startup_stm32f429zitx.o
 .ARM.attributes
                0x000001e3       0x34 ./Drivers/STM32F4xx_HAL_Driver/Src/stm32f4xx_hal.o
 .ARM.attributes
                0x00000217       0x34 ./Drivers/STM32F4xx_HAL_Driver/Src/stm32f4xx_hal_cortex.o
 .ARM.attributes
                0x0000024b       0x34 ./Drivers/STM32F4xx_HAL_Driver/Src/stm32f4xx_hal_gpio.o
 .ARM.attributes
                0x0000027f       0x34 ./Drivers/STM32F4xx_HAL_Driver/Src/stm32f4xx_hal_i2c.o
 .ARM.attributes
                0x000002b3       0x34 ./Drivers/STM32F4xx_HAL_Driver/Src/stm32f4xx_hal_pcd.o
 .ARM.attributes
                0x000002e7       0x34 ./Drivers/STM32F4xx_HAL_Driver/Src/stm32f4xx_hal_pcd_ex.o
 .ARM.attributes
                0x0000031b       0x34 ./Drivers/STM32F4xx_HAL_Driver/Src/stm32f4xx_hal_rcc.o
 .ARM.attributes
                0x0000034f       0x34 ./Drivers/STM32F4xx_HAL_Driver/Src/stm32f4xx_hal_uart.o
 .ARM.attributes
                0x00000383       0x34 ./Drivers/STM32F4xx_HAL_Driver/Src/stm32f4xx_ll_usb.o
 .ARM.attributes
                0x000003b7       0x34 ./Middlewares/ST/STM32_USB_Device_Library/Class/HID/Src/usbd_hid.o
 .ARM.attributes
                0x000003eb       0x34 ./Middlewares/ST/STM32_USB_Device_Library/Core/Src/usbd_core.o
 .ARM.attributes
                0x0000041f       0x34 ./Middlewares/ST/STM32_USB_Device_Library/Core/Src/usbd_ctlreq.o
 .ARM.attributes
                0x00000453       0x34 ./Middlewares/ST/STM32_USB_Device_Library/Core/Src/usbd_ioreq.o
 .ARM.attributes
                0x00000487       0x34 ./USB_DEVICE/App/usb_device.o
 .ARM.attributes
                0x000004bb       0x34 ./USB_DEVICE/App/usbd_desc.o
 .ARM.attributes
                0x000004ef       0x34 ./USB_DEVICE/Target/usbd_conf.o
 .ARM.attributes
                0x00000523       0x34 D:/CODIng/Embedded C/MCU1/SETUP/STM32CubeIDE_1.16.0/STM32CubeIDE/plugins/com.st.stm32cube.ide.mcu.externaltools.gnu-tools-for-stm32.13.3.rel1.win32_1.0.0.202411081344/tools/bin/../lib/gcc/arm-none-eabi/13.3.1/../../../../arm-none-eabi/lib/thumb/v7e-m+fp/hard\libc_nano.a(libc_a-findfp.o)
 .ARM.attributes
                0x00000557       0x34 D:/CODIng/Embedded C/MCU1/SETUP/STM32CubeIDE_1.16.0/STM32CubeIDE/plugins/com.st.stm32cube.ide.mcu.externaltools.gnu-tools-for-stm32.13.3.rel1.win32_1.0.0.202411081344/tools/bin/../lib/gcc/arm-none-eabi/13.3.1/../../../../arm-none-eabi/lib/thumb/v7e-m+fp/hard\libc_nano.a(libc_a-sprintf.o)
 .ARM.attributes
                0x0000058b       0x34 D:/CODIng/Embedded C/MCU1/SETUP/STM32CubeIDE_1.16.0/STM32CubeIDE/plugins/com.st.stm32cube.ide.mcu.externaltools.gnu-tools-for-stm32.13.3.rel1.win32_1.0.0.202411081344/tools/bin/../lib/gcc/arm-none-eabi/13.3.1/../../../../arm-none-eabi/lib/thumb/v7e-m+fp/hard\libc_nano.a(libc_a-memset.o)
 .ARM.attributes
                0x000005bf       0x34 D:/CODIng/Embedded C/MCU1/SETUP/STM32CubeIDE_1.16.0/STM32CubeIDE/plugins/com.st.stm32cube.ide.mcu.externaltools.gnu-tools-for-stm32.13.3.rel1.win32_1.0.0.202411081344/tools/bin/../lib/gcc/arm-none-eabi/13.3.1/../../../../arm-none-eabi/lib/thumb/v7e-m+fp/hard\libc_nano.a(libc_a-reent.o)
 .ARM.attributes
                0x000005f3       0x34 D:/CODIng/Embedded C/MCU1/SETUP/STM32CubeIDE_1.16.0/STM32CubeIDE/plugins/com.st.stm32cube.ide.mcu.externaltools.gnu-tools-for-stm32.13.3.rel1.win32_1.0.0.202411081344/tools/bin/../lib/gcc/arm-none-eabi/13.3.1/../../../../arm-none-eabi/lib/thumb/v7e-m+fp/hard\libc_nano.a(libc_a-impure.o)
 .ARM.attributes
                0x00000627       0x34 D:/CODIng/Embedded C/MCU1/SETUP/STM32CubeIDE_1.16.0/STM32CubeIDE/plugins/com.st.stm32cube.ide.mcu.externaltools.gnu-tools-for-stm32.13.3.rel1.win32_1.0.0.202411081344/tools/bin/../lib/gcc/arm-none-eabi/13.3.1/../../../../arm-none-eabi/lib/thumb/v7e-m+fp/hard\libc_nano.a(libc_a-errno.o)
 .ARM.attributes
                0x0000065b       0x34 D:/CODIng/Embedded C/MCU1/SETUP/STM32CubeIDE_1.16.0/STM32CubeIDE/plugins/com.st.stm32cube.ide.mcu.externaltools.gnu-tools-for-stm32.13.3.rel1.win32_1.0.0.202411081344/tools/bin/../lib/gcc/arm-none-eabi/13.3.1/../../../../arm-none-eabi/lib/thumb/v7e-m+fp/hard\libc_nano.a(libc_a-init.o)
 .ARM.attributes
                0x0000068f       0x34 D:/CODIng/Embedded C/MCU1/SETUP/STM32CubeIDE_1.16.0/STM32CubeIDE/plugins/com.st.stm32cube.ide.mcu.externaltools.gnu-tools-for-stm32.13.3.rel1.win32_1.0.0.202411081344/tools/bin/../lib/gcc/arm-none-eabi/13.3.1/../../../../arm-none-eabi/lib/thumb/v7e-m+fp/hard\libc_nano.a(libc_a-lock.o)
 .ARM.attributes
                0x000006c3       0x17 D:/CODIng/Embedded C/MCU1/SETUP/STM32CubeIDE_1.16.0/STM32CubeIDE/plugins/com.st.stm32cube.ide.mcu.externaltools.gnu-tools-for-stm32.13.3.rel1.win32_1.0.0.202411081344/tools/bin/../lib/gcc/arm-none-eabi/13.3.1/../../../../arm-none-eabi/lib/thumb/v7e-m+fp/hard\libc_nano.a(libc_a-strlen.o)
 .ARM.attributes
                0x000006da       0x34 D:/CODIng/Embedded C/MCU1/SETUP/STM32CubeIDE_1.16.0/STM32CubeIDE/plugins/com.st.stm32cube.ide.mcu.externaltools.gnu-tools-for-stm32.13.3.rel1.win32_1.0.0.202411081344/tools/bin/../lib/gcc/arm-none-eabi/13.3.1/../../../../arm-none-eabi/lib/thumb/v7e-m+fp/hard\libc_nano.a(libc_a-freer.o)
 .ARM.attributes
                0x0000070e       0x34 D:/CODIng/Embedded C/MCU1/SETUP/STM32CubeIDE_1.16.0/STM32CubeIDE/plugins/com.st.stm32cube.ide.mcu.externaltools.gnu-tools-for-stm32.13.3.rel1.win32_1.0.0.202411081344/tools/bin/../lib/gcc/arm-none-eabi/13.3.1/../../../../arm-none-eabi/lib/thumb/v7e-m+fp/hard\libc_nano.a(libc_a-mallocr.o)
 .ARM.attributes
                0x00000742       0x34 D:/CODIng/Embedded C/MCU1/SETUP/STM32CubeIDE_1.16.0/STM32CubeIDE/plugins/com.st.stm32cube.ide.mcu.externaltools.gnu-tools-for-stm32.13.3.rel1.win32_1.0.0.202411081344/tools/bin/../lib/gcc/arm-none-eabi/13.3.1/../../../../arm-none-eabi/lib/thumb/v7e-m+fp/hard\libc_nano.a(libc_a-mlock.o)
 .ARM.attributes
                0x00000776       0x34 D:/CODIng/Embedded C/MCU1/SETUP/STM32CubeIDE_1.16.0/STM32CubeIDE/plugins/com.st.stm32cube.ide.mcu.externaltools.gnu-tools-for-stm32.13.3.rel1.win32_1.0.0.202411081344/tools/bin/../lib/gcc/arm-none-eabi/13.3.1/../../../../arm-none-eabi/lib/thumb/v7e-m+fp/hard\libc_nano.a(libc_a-nano-svfprintf.o)
 .ARM.attributes
                0x000007aa       0x34 D:/CODIng/Embedded C/MCU1/SETUP/STM32CubeIDE_1.16.0/STM32CubeIDE/plugins/com.st.stm32cube.ide.mcu.externaltools.gnu-tools-for-stm32.13.3.rel1.win32_1.0.0.202411081344/tools/bin/../lib/gcc/arm-none-eabi/13.3.1/../../../../arm-none-eabi/lib/thumb/v7e-m+fp/hard\libc_nano.a(libc_a-nano-vfprintf_i.o)
 .ARM.attributes
                0x000007de       0x34 D:/CODIng/Embedded C/MCU1/SETUP/STM32CubeIDE_1.16.0/STM32CubeIDE/plugins/com.st.stm32cube.ide.mcu.externaltools.gnu-tools-for-stm32.13.3.rel1.win32_1.0.0.202411081344/tools/bin/../lib/gcc/arm-none-eabi/13.3.1/../../../../arm-none-eabi/lib/thumb/v7e-m+fp/hard\libc_nano.a(libc_a-memmove.o)
 .ARM.attributes
                0x00000812       0x34 D:/CODIng/Embedded C/MCU1/SETUP/STM32CubeIDE_1.16.0/STM32CubeIDE/plugins/com.st.stm32cube.ide.mcu.externaltools.gnu-tools-for-stm32.13.3.rel1.win32_1.0.0.202411081344/tools/bin/../lib/gcc/arm-none-eabi/13.3.1/../../../../arm-none-eabi/lib/thumb/v7e-m+fp/hard\libc_nano.a(libc_a-sbrkr.o)
 .ARM.attributes
                0x00000846       0x1c D:/CODIng/Embedded C/MCU1/SETUP/STM32CubeIDE_1.16.0/STM32CubeIDE/plugins/com.st.stm32cube.ide.mcu.externaltools.gnu-tools-for-stm32.13.3.rel1.win32_1.0.0.202411081344/tools/bin/../lib/gcc/arm-none-eabi/13.3.1/../../../../arm-none-eabi/lib/thumb/v7e-m+fp/hard\libc_nano.a(libc_a-memchr.o)
 .ARM.attributes
                0x00000862       0x34 D:/CODIng/Embedded C/MCU1/SETUP/STM32CubeIDE_1.16.0/STM32CubeIDE/plugins/com.st.stm32cube.ide.mcu.externaltools.gnu-tools-for-stm32.13.3.rel1.win32_1.0.0.202411081344/tools/bin/../lib/gcc/arm-none-eabi/13.3.1/../../../../arm-none-eabi/lib/thumb/v7e-m+fp/hard\libc_nano.a(libc_a-memcpy-stub.o)
 .ARM.attributes
                0x00000896       0x34 D:/CODIng/Embedded C/MCU1/SETUP/STM32CubeIDE_1.16.0/STM32CubeIDE/plugins/com.st.stm32cube.ide.mcu.externaltools.gnu-tools-for-stm32.13.3.rel1.win32_1.0.0.202411081344/tools/bin/../lib/gcc/arm-none-eabi/13.3.1/../../../../arm-none-eabi/lib/thumb/v7e-m+fp/hard\libc_nano.a(libc_a-reallocr.o)
 .ARM.attributes
                0x000008ca       0x34 D:/CODIng/Embedded C/MCU1/SETUP/STM32CubeIDE_1.16.0/STM32CubeIDE/plugins/com.st.stm32cube.ide.mcu.externaltools.gnu-tools-for-stm32.13.3.rel1.win32_1.0.0.202411081344/tools/bin/../lib/gcc/arm-none-eabi/13.3.1/../../../../arm-none-eabi/lib/thumb/v7e-m+fp/hard\libc_nano.a(libc_a-msizer.o)
 .ARM.attributes
                0x000008fe       0x34 D:/CODIng/Embedded C/MCU1/SETUP/STM32CubeIDE_1.16.0/STM32CubeIDE/plugins/com.st.stm32cube.ide.mcu.externaltools.gnu-tools-for-stm32.13.3.rel1.win32_1.0.0.202411081344/tools/bin/../lib/gcc/arm-none-eabi/13.3.1/../../../../arm-none-eabi/lib/thumb/v7e-m+fp/hard\libm.a(libm_a-w_atan2.o)
 .ARM.attributes
                0x00000932       0x34 D:/CODIng/Embedded C/MCU1/SETUP/STM32CubeIDE_1.16.0/STM32CubeIDE/plugins/com.st.stm32cube.ide.mcu.externaltools.gnu-tools-for-stm32.13.3.rel1.win32_1.0.0.202411081344/tools/bin/../lib/gcc/arm-none-eabi/13.3.1/../../../../arm-none-eabi/lib/thumb/v7e-m+fp/hard\libm.a(libm_a-w_sqrt.o)
 .ARM.attributes
                0x00000966       0x34 D:/CODIng/Embedded C/MCU1/SETUP/STM32CubeIDE_1.16.0/STM32CubeIDE/plugins/com.st.stm32cube.ide.mcu.externaltools.gnu-tools-for-stm32.13.3.rel1.win32_1.0.0.202411081344/tools/bin/../lib/gcc/arm-none-eabi/13.3.1/../../../../arm-none-eabi/lib/thumb/v7e-m+fp/hard\libm.a(libm_a-s_atan.o)
 .ARM.attributes
                0x0000099a       0x34 D:/CODIng/Embedded C/MCU1/SETUP/STM32CubeIDE_1.16.0/STM32CubeIDE/plugins/com.st.stm32cube.ide.mcu.externaltools.gnu-tools-for-stm32.13.3.rel1.win32_1.0.0.202411081344/tools/bin/../lib/gcc/arm-none-eabi/13.3.1/../../../../arm-none-eabi/lib/thumb/v7e-m+fp/hard\libm.a(libm_a-s_fabs.o)
 .ARM.attributes
                0x000009ce       0x34 D:/CODIng/Embedded C/MCU1/SETUP/STM32CubeIDE_1.16.0/STM32CubeIDE/plugins/com.st.stm32cube.ide.mcu.externaltools.gnu-tools-for-stm32.13.3.rel1.win32_1.0.0.202411081344/tools/bin/../lib/gcc/arm-none-eabi/13.3.1/../../../../arm-none-eabi/lib/thumb/v7e-m+fp/hard\libm.a(libm_a-e_sqrt.o)
 .ARM.attributes
                0x00000a02       0x34 D:/CODIng/Embedded C/MCU1/SETUP/STM32CubeIDE_1.16.0/STM32CubeIDE/plugins/com.st.stm32cube.ide.mcu.externaltools.gnu-tools-for-stm32.13.3.rel1.win32_1.0.0.202411081344/tools/bin/../lib/gcc/arm-none-eabi/13.3.1/../../../../arm-none-eabi/lib/thumb/v7e-m+fp/hard\libm.a(libm_a-e_atan2.o)
 .ARM.attributes
                0x00000a36       0x22 D:/CODIng/Embedded C/MCU1/SETUP/STM32CubeIDE_1.16.0/STM32CubeIDE/plugins/com.st.stm32cube.ide.mcu.externaltools.gnu-tools-for-stm32.13.3.rel1.win32_1.0.0.202411081344/tools/bin/../lib/gcc/arm-none-eabi/13.3.1/thumb/v7e-m+fp/hard\libgcc.a(_arm_addsubdf3.o)
 .ARM.attributes
                0x00000a58       0x22 D:/CODIng/Embedded C/MCU1/SETUP/STM32CubeIDE_1.16.0/STM32CubeIDE/plugins/com.st.stm32cube.ide.mcu.externaltools.gnu-tools-for-stm32.13.3.rel1.win32_1.0.0.202411081344/tools/bin/../lib/gcc/arm-none-eabi/13.3.1/thumb/v7e-m+fp/hard\libgcc.a(_arm_muldivdf3.o)
 .ARM.attributes
                0x00000a7a       0x22 D:/CODIng/Embedded C/MCU1/SETUP/STM32CubeIDE_1.16.0/STM32CubeIDE/plugins/com.st.stm32cube.ide.mcu.externaltools.gnu-tools-for-stm32.13.3.rel1.win32_1.0.0.202411081344/tools/bin/../lib/gcc/arm-none-eabi/13.3.1/thumb/v7e-m+fp/hard\libgcc.a(_arm_cmpdf2.o)
 .ARM.attributes
                0x00000a9c       0x22 D:/CODIng/Embedded C/MCU1/SETUP/STM32CubeIDE_1.16.0/STM32CubeIDE/plugins/com.st.stm32cube.ide.mcu.externaltools.gnu-tools-for-stm32.13.3.rel1.win32_1.0.0.202411081344/tools/bin/../lib/gcc/arm-none-eabi/13.3.1/thumb/v7e-m+fp/hard\libgcc.a(_arm_unorddf2.o)
 .ARM.attributes
                0x00000abe       0x22 D:/CODIng/Embedded C/MCU1/SETUP/STM32CubeIDE_1.16.0/STM32CubeIDE/plugins/com.st.stm32cube.ide.mcu.externaltools.gnu-tools-for-stm32.13.3.rel1.win32_1.0.0.202411081344/tools/bin/../lib/gcc/arm-none-eabi/13.3.1/thumb/v7e-m+fp/hard\libgcc.a(_arm_fixdfsi.o)
 .ARM.attributes
                0x00000ae0       0x22 D:/CODIng/Embedded C/MCU1/SETUP/STM32CubeIDE_1.16.0/STM32CubeIDE/plugins/com.st.stm32cube.ide.mcu.externaltools.gnu-tools-for-stm32.13.3.rel1.win32_1.0.0.202411081344/tools/bin/../lib/gcc/arm-none-eabi/13.3.1/thumb/v7e-m+fp/hard\libgcc.a(_aeabi_uldivmod.o)
 .ARM.attributes
                0x00000b02       0x34 D:/CODIng/Embedded C/MCU1/SETUP/STM32CubeIDE_1.16.0/STM32CubeIDE/plugins/com.st.stm32cube.ide.mcu.externaltools.gnu-tools-for-stm32.13.3.rel1.win32_1.0.0.202411081344/tools/bin/../lib/gcc/arm-none-eabi/13.3.1/thumb/v7e-m+fp/hard\libgcc.a(_udivmoddi4.o)
 .ARM.attributes
                0x00000b36       0x22 D:/CODIng/Embedded C/MCU1/SETUP/STM32CubeIDE_1.16.0/STM32CubeIDE/plugins/com.st.stm32cube.ide.mcu.externaltools.gnu-tools-for-stm32.13.3.rel1.win32_1.0.0.202411081344/tools/bin/../lib/gcc/arm-none-eabi/13.3.1/thumb/v7e-m+fp/hard\libgcc.a(_dvmd_tls.o)
 .ARM.attributes
                0x00000b58       0x22 D:/CODIng/Embedded C/MCU1/SETUP/STM32CubeIDE_1.16.0/STM32CubeIDE/plugins/com.st.stm32cube.ide.mcu.externaltools.gnu-tools-for-stm32.13.3.rel1.win32_1.0.0.202411081344/tools/bin/../lib/gcc/arm-none-eabi/13.3.1/thumb/v7e-m+fp/hard/crtn.o
OUTPUT(airmouse4lifeF429.elf elf32-littlearm)
LOAD linker stubs
LOAD D:/CODIng/Embedded C/MCU1/SETUP/STM32CubeIDE_1.16.0/STM32CubeIDE/plugins/com.st.stm32cube.ide.mcu.externaltools.gnu-tools-for-stm32.13.3.rel1.win32_1.0.0.202411081344/tools/bin/../lib/gcc/arm-none-eabi/13.3.1/../../../../arm-none-eabi/lib/thumb/v7e-m+fp/hard\libc.a
LOAD D:/CODIng/Embedded C/MCU1/SETUP/STM32CubeIDE_1.16.0/STM32CubeIDE/plugins/com.st.stm32cube.ide.mcu.externaltools.gnu-tools-for-stm32.13.3.rel1.win32_1.0.0.202411081344/tools/bin/../lib/gcc/arm-none-eabi/13.3.1/../../../../arm-none-eabi/lib/thumb/v7e-m+fp/hard\libm.a