Archive member included to satisfy reference by file (symbol)

D:/CODIng/Embedded C/MCU1/SETUP/STM32CubeIDE_1.16.0/STM32CubeIDE/plugins/com.st.stm32cube.ide.mcu.externaltools.gnu-tools-for-stm32.13.3.rel1.win32_1.0.0.202411081344/tools/bin/../lib/gcc/arm-none-eabi/13.3.1/../../../../arm-none-eabi/lib/thumb/v7e-m+fp/hard\libc_nano.a(libc_a-exit.o)
                              D:/CODIng/Embedded C/MCU1/SETUP/STM32CubeIDE_1.16.0/STM32CubeIDE/plugins/com.st.stm32cube.ide.mcu.externaltools.gnu-tools-for-stm32.13.3.rel1.win32_1.0.0.202411081344/tools/bin/../lib/gcc/arm-none-eabi/13.3.1/../../../../arm-none-eabi/lib/thumb/v7e-m+fp/hard/crt0.o (exit)
D:/CODIng/Embedded C/MCU1/SETUP/STM32CubeIDE_1.16.0/STM32CubeIDE/plugins/com.st.stm32cube.ide.mcu.externaltools.gnu-tools-for-stm32.13.3.rel1.win32_1.0.0.202411081344/tools/bin/../lib/gcc/arm-none-eabi/13.3.1/../../../../arm-none-eabi/lib/thumb/v7e-m+fp/hard\libc_nano.a(libc_a-findfp.o)
                              D:/CODIng/Embedded C/MCU1/SETUP/STM32CubeIDE_1.16.0/STM32CubeIDE/plugins/com.st.stm32cube.ide.mcu.externaltools.gnu-tools-for-stm32.13.3.rel1.win32_1.0.0.202411081344/tools/bin/../lib/gcc/arm-none-eabi/13.3.1/../../../../arm-none-eabi/lib/thumb/v7e-m+fp/hard\libc_nano.a(libc_a-exit.o) (__stdio_exit_handler)
D:/CODIng/Embedded C/MCU1/SETUP/STM32CubeIDE_1.16.0/STM32CubeIDE/plugins/com.st.stm32cube.ide.mcu.externaltools.gnu-tools-for-stm32.13.3.rel1.win32_1.0.0.202411081344/tools/bin/../lib/gcc/arm-none-eabi/13.3.1/../../../../arm-none-eabi/lib/thumb/v7e-m+fp/hard\libc_nano.a(libc_a-fwalk.o)
                              D:/CODIng/Embedded C/MCU1/SETUP/STM32CubeIDE_1.16.0/STM32CubeIDE/plugins/com.st.stm32cube.ide.mcu.externaltools.gnu-tools-for-stm32.13.3.rel1.win32_1.0.0.202411081344/tools/bin/../lib/gcc/arm-none-eabi/13.3.1/../../../../arm-none-eabi/lib/thumb/v7e-m+fp/hard\libc_nano.a(libc_a-findfp.o) (_fwalk_sglue)
D:/CODIng/Embedded C/MCU1/SETUP/STM32CubeIDE_1.16.0/STM32CubeIDE/plugins/com.st.stm32cube.ide.mcu.externaltools.gnu-tools-for-stm32.13.3.rel1.win32_1.0.0.202411081344/tools/bin/../lib/gcc/arm-none-eabi/13.3.1/../../../../arm-none-eabi/lib/thumb/v7e-m+fp/hard\libc_nano.a(libc_a-sprintf.o)
                              ./Core/Src/main.o (sprintf)
D:/CODIng/Embedded C/MCU1/SETUP/STM32CubeIDE_1.16.0/STM32CubeIDE/plugins/com.st.stm32cube.ide.mcu.externaltools.gnu-tools-for-stm32.13.3.rel1.win32_1.0.0.202411081344/tools/bin/../lib/gcc/arm-none-eabi/13.3.1/../../../../arm-none-eabi/lib/thumb/v7e-m+fp/hard\libc_nano.a(libc_a-stdio.o)
                              D:/CODIng/Embedded C/MCU1/SETUP/STM32CubeIDE_1.16.0/STM32CubeIDE/plugins/com.st.stm32cube.ide.mcu.externaltools.gnu-tools-for-stm32.13.3.rel1.win32_1.0.0.202411081344/tools/bin/../lib/gcc/arm-none-eabi/13.3.1/../../../../arm-none-eabi/lib/thumb/v7e-m+fp/hard\libc_nano.a(libc_a-findfp.o) (__sread)
D:/CODIng/Embedded C/MCU1/SETUP/STM32CubeIDE_1.16.0/STM32CubeIDE/plugins/com.st.stm32cube.ide.mcu.externaltools.gnu-tools-for-stm32.13.3.rel1.win32_1.0.0.202411081344/tools/bin/../lib/gcc/arm-none-eabi/13.3.1/../../../../arm-none-eabi/lib/thumb/v7e-m+fp/hard\libc_nano.a(libc_a-memset.o)
                              D:/CODIng/Embedded C/MCU1/SETUP/STM32CubeIDE_1.16.0/STM32CubeIDE/plugins/com.st.stm32cube.ide.mcu.externaltools.gnu-tools-for-stm32.13.3.rel1.win32_1.0.0.202411081344/tools/bin/../lib/gcc/arm-none-eabi/13.3.1/../../../../arm-none-eabi/lib/thumb/v7e-m+fp/hard/crt0.o (memset)
D:/CODIng/Embedded C/MCU1/SETUP/STM32CubeIDE_1.16.0/STM32CubeIDE/plugins/com.st.stm32cube.ide.mcu.externaltools.gnu-tools-for-stm32.13.3.rel1.win32_1.0.0.202411081344/tools/bin/../lib/gcc/arm-none-eabi/13.3.1/../../../../arm-none-eabi/lib/thumb/v7e-m+fp/hard\libc_nano.a(libc_a-closer.o)
                              D:/CODIng/Embedded C/MCU1/SETUP/STM32CubeIDE_1.16.0/STM32CubeIDE/plugins/com.st.stm32cube.ide.mcu.externaltools.gnu-tools-for-stm32.13.3.rel1.win32_1.0.0.202411081344/tools/bin/../lib/gcc/arm-none-eabi/13.3.1/../../../../arm-none-eabi/lib/thumb/v7e-m+fp/hard\libc_nano.a(libc_a-stdio.o) (_close_r)
D:/CODIng/Embedded C/MCU1/SETUP/STM32CubeIDE_1.16.0/STM32CubeIDE/plugins/com.st.stm32cube.ide.mcu.externaltools.gnu-tools-for-stm32.13.3.rel1.win32_1.0.0.202411081344/tools/bin/../lib/gcc/arm-none-eabi/13.3.1/../../../../arm-none-eabi/lib/thumb/v7e-m+fp/hard\libc_nano.a(libc_a-reent.o)
                              D:/CODIng/Embedded C/MCU1/SETUP/STM32CubeIDE_1.16.0/STM32CubeIDE/plugins/com.st.stm32cube.ide.mcu.externaltools.gnu-tools-for-stm32.13.3.rel1.win32_1.0.0.202411081344/tools/bin/../lib/gcc/arm-none-eabi/13.3.1/../../../../arm-none-eabi/lib/thumb/v7e-m+fp/hard\libc_nano.a(libc_a-closer.o) (errno)
D:/CODIng/Embedded C/MCU1/SETUP/STM32CubeIDE_1.16.0/STM32CubeIDE/plugins/com.st.stm32cube.ide.mcu.externaltools.gnu-tools-for-stm32.13.3.rel1.win32_1.0.0.202411081344/tools/bin/../lib/gcc/arm-none-eabi/13.3.1/../../../../arm-none-eabi/lib/thumb/v7e-m+fp/hard\libc_nano.a(libc_a-impure.o)
[...]
Memory Configuration

Name             Origin             Length             Attributes
CCMRAM           0x10000000         0x00010000         xrw
RAM              0x20000000         0x00020000         xrw
FLASH            0x08000000         0x00080000         xr
*default*        0x00000000         0xffffffff

Linker script and memory map

LOAD D:/CODIng/Embedded C/MCU1/SETUP/STM32CubeIDE_1.16.0/STM32CubeIDE/plugins/com.st.stm32cube.ide.mcu.externaltools.gnu-tools-for-stm32.13.3.rel1.win32_1.0.0.202411081344/tools/bin/../lib/gcc/arm-none-eabi/13.3.1/thumb/v7e-m+fp/hard/crti.o
LOAD D:/CODIng/Embedded C/MCU1/SETUP/STM32CubeIDE_1.16.0/STM32CubeIDE/plugins/com.st.stm32cube.ide.mcu.externaltools.gnu-tools-for-stm32.13.3.rel1.win32_1.0.0.202411081344/tools/bin/../lib/gcc/arm-none-eabi/13.3.1/thumb/v7e-m+fp/hard/crtbegin.o
LOAD D:/CODIng/Embedded C/MCU1/SETUP/STM32CubeIDE_1.16.0/STM32CubeIDE/plugins/com.st.stm32cube.ide.mcu.externaltools.gnu-tools-for-stm32.13.3.rel1.win32_1.0.0.202411081344/tools/bin/../lib/gcc/arm-none-eabi/13.3.1/../../../../arm-none-eabi/lib/thumb/v7e-m+fp/hard/crt0.o
LOAD ./Core/Src/i2c.o
LOAD ./Core/Src/main.o
LOAD ./Core/Src/mpu6050.o
LOAD ./Core/Src/stm32f4xx_hal_msp.o
LOAD ./Core/Src/stm32f4xx_it.o
LOAD ./Core/Src/syscalls.o
LOAD ./Core/Src/sysmem.o
LOAD ./Core/Src/system_stm32f4xx.o
LOAD ./Core/Startup/startup_stm32f407vetx.o
LOAD ./Drivers/STM32F4xx_HAL_Driver/Src/stm32f4xx_hal.o
LOAD ./Drivers/STM32F4xx_HAL_Driver/Src/stm32f4xx_hal_cortex.o
LOAD ./Drivers/STM32F4xx_HAL_Driver/Src/stm32f4xx_hal_dma.o
LOAD ./Drivers/STM32F4xx_HAL_Driver/Src/stm32f4xx_hal_dma_ex.o
LOAD ./Drivers/STM32F4xx_HAL_Driver/Src/stm32f4xx_hal_exti.o
LOAD ./Drivers/STM32F4xx_HAL_Driver/Src/stm32f4xx_hal_flash.o
LOAD ./Drivers/STM32F4xx_HAL_Driver/Src/stm32f4xx_hal_flash_ex.o
LOAD ./Drivers/STM32F4xx_HAL_Driver/Src/stm32f4xx_hal_flash_ramfunc.o
LOAD ./Drivers/STM32F4xx_HAL_Driver/Src/stm32f4xx_hal_gpio.o
LOAD ./Drivers/STM32F4xx_HAL_Driver/Src/stm32f4xx_hal_i2c.o
LOAD ./Drivers/STM32F4xx_HAL_Driver/Src/stm32f4xx_hal_i2c_ex.o
LOAD ./Drivers/STM32F4xx_HAL_Driver/Src/stm32f4xx_hal_pcd.o
LOAD ./Drivers/STM32F4xx_HAL_Driver/Src/stm32f4xx_hal_pcd_ex.o
LOAD ./Drivers/STM32F4xx_HAL_Driver/Src/stm32f4xx_hal_pwr.o
LOAD ./Drivers/STM32F4xx_HAL_Driver/Src/stm32f4xx_hal_pwr_ex.o
LOAD ./Drivers/STM32F4xx_HAL_Driver/Src/stm32f4xx_hal_rcc.o
LOAD ./Drivers/STM32F4xx_HAL_Driver/Src/stm32f4xx_hal_rcc_ex.o
LOAD ./Drivers/STM32F4xx_HAL_Driver/Src/stm32f4xx_hal_uart.o
LOAD ./Drivers/STM32F4xx_HAL_Driver/Src/stm32f4xx_ll_usb.o
LOAD ./Middlewares/ST/STM32_USB_Device_Library/Class/HID/Src/usbd_hid.o
LOAD ./Middlewares/ST/STM32_USB_Device_Library/Core/Src/usbd_core.o
LOAD ./Middlewares/ST/STM32_USB_Device_Library/Core/Src/usbd_ctlreq.o
LOAD ./Middlewares/ST/STM32_USB_Device_Library/Core/Src/usbd_ioreq.o
LOAD ./USB_DEVICE/App/usb_device.o
LOAD ./USB_DEVICE/App/usbd_desc.o
LOAD ./USB_DEVICE/Target/usbd_conf.o
START GROUP
LOAD D:/CODIng/Embedded C/MCU1/SETUP/STM32CubeIDE_1.16.0/STM32CubeIDE/plugins/com.st.stm32cube.ide.mcu.externaltools.gnu-tools-for-stm32.13.3.rel1.win32_1.0.0.202411081344/tools/bin/../lib/gcc/arm-none-eabi/13.3.1/../../../../arm-none-eabi/lib/thumb/v7e-m+fp/hard\libc_nano.a
LOAD D:/CODIng/Embedded C/MCU1/SETUP/STM32CubeIDE_1.16.0/STM32CubeIDE/plugins/com.st.stm32cube.ide.mcu.externaltools.gnu-tools-for-stm32.13.3.rel1.win32_1.0.0.202411081344/tools/bin/../lib/gcc/arm-none-eabi/13.3.1/../../../../arm-none-eabi/lib/thumb/v7e-m+fp/hard\libm.a
END GROUP
START GROUP
LOAD D:/CODIng/Embedded C/MCU1/SETUP/STM32CubeIDE_1.16.0/STM32CubeIDE/plugins/com.st.stm32cube.ide.mcu.externaltools.gnu-tools-for-stm32.13.3.rel1.win32_1.0.0.202411081344/tools/bin/../lib/gcc/arm-none-eabi/13.3.1/thumb/v7e-m+fp/hard\libgcc.a
LOAD D:/CODIng/Embedded C/MCU1/SETUP/STM32CubeIDE_1.16.0/STM32CubeIDE/plugins/com.st.stm32cube.ide.mcu.externaltools.gnu-tools-for-stm32.13.3.rel1.win32_1.0.0.202411081344/tools/bin/../lib/gcc/arm-none-eabi/13.3.1/../../../../arm-none-eabi/lib/thumb/v7e-m+fp/hard\libc_nano.a
END GROUP
START GROUP
LOAD D:/CODIng/Embedded C/MCU1/SETUP/STM32CubeIDE_1.16.0/STM32CubeIDE/plugins/com.st.stm32cube.ide.mcu.externaltools.gnu-tools-for-stm32.13.3.rel1.win32_1.0.0.202411081344/tools/bin/../lib/gcc/arm-none-eabi/13.3.1/thumb/v7e-m+fp/hard\libgcc.a
LOAD D:/CODIng/Embedded C/MCU1/SETUP/STM32CubeIDE_1.16.0/STM32CubeIDE/plugins/com.st.stm32cube.ide.mcu.externaltools.gnu-tools-for-stm32.13.3.rel1.win32_1.0.0.202411081344/tools/bin/../lib/gcc/arm-none-eabi/13.3.1/../../../../arm-none-eabi/lib/thumb/v7e-m+fp/hard\libc_nano.a
LOAD D:/CODIng/Embedded C/MCU1/SETUP/STM32CubeIDE_1.16.0/STM32CubeIDE/plugins/com.st.stm32cube.ide.mcu.externaltools.gnu-tools-for-stm32.13.3.rel1.win32_1.0.0.202411081344/tools/bin/../lib/gcc/arm-none-eabi/13.3.1/../../../../arm-none-eabi/lib/thumb/v7e-m+fp/hard\libnosys.a
END GROUP
START GROUP
LOAD D:/CODIng/Embedded C/MCU1/SETUP/STM32CubeIDE_1.16.0/STM32CubeIDE/plugins/com.st.stm32cube.ide.mcu.externaltools.gnu-tools-for-stm32.13.3.rel1.win32_1.0.0.202411081344/tools/bin/../lib/gcc/arm-none-eabi/13.3.1/thumb/v7e-m+fp/hard\libgcc.a
LOAD D:/CODIng/Embedded C/MCU1/SETUP/STM32CubeIDE_1.16.0/STM32CubeIDE/plugins/com.st.stm32cube.ide.mcu.externaltools.gnu-tools-for-stm32.13.3.rel1.win32_1.0.0.202411081344/tools/bin/../lib/gcc/arm-none-eabi/13.3.1/../../../../arm-none-eabi/lib/thumb/v7e-m+fp/hard\libc_nano.a
LOAD D:/CODIng/Embedded C/MCU1/SETUP/STM32CubeIDE_1.16.0/STM32CubeIDE/plugins/com.st.stm32cube.ide.mcu.externaltools.gnu-tools-for-stm32.13.3.rel1.win32_1.0.0.202411081344/tools/bin/../lib/gcc/arm-none-eabi/13.3.1/../../../../arm-none-eabi/lib/thumb/v7e-m+fp/hard\libnosys.a
END GROUP
LOAD D:/CODIng/Embedded C/MCU1/SETUP/STM32CubeIDE_1.16.0/STM32CubeIDE/plugins/com.st.stm32cube.ide.mcu.externaltools.gnu-tools-for-stm32.13.3.rel1.win32_1.0.0.202411081344/tools/bin/../lib/gcc/arm-none-eabi/13.3.1/thumb/v7e-m+fp/hard/crtend.o
LOAD D:/CODIng/Embedded C/MCU1/SETUP/STM32CubeIDE_1.16.0/STM32CubeIDE/plugins/com.st.stm32cube.ide.mcu.externaltools.gnu-tools-for-stm32.13.3.rel1.win32_1.0.0.202411081344/tools/bin/../lib/gcc/arm-none-eabi/13.3.1/thumb/v7e-m+fp/hard/crtn.o
                0x20020000                        _estack = (ORIGIN (RAM) + LENGTH (RAM))
                0x00000200                        _Min_Heap_Size = 0x200
                0x00000400                        _Min_Stack_Size = 0x400

.isr_vector     0x08000000      0x188
                0x08000000                        . = ALIGN (0x4)
 *(.isr_vector)
 .isr_vector    0x08000000      0x188 ./Core/Startup/startup_stm32f407vetx.o
                0x08000000                g_pfnVectors
                0x08000188                        . = ALIGN (0x4)

.text           0x08000190     0xa6ec
                0x08000190                        . = ALIGN (0x4)
 *(.text)
 .text          0x08000190       0x40 D:/CODIng/Embedded C/MCU1/SETUP/STM32CubeIDE_1.16.0/STM32CubeIDE/plugins/com.st.stm32cube.ide.mcu.externaltools.gnu-tools-for-stm32.13.3.rel1.win32_1.0.0.202411081344/tools/bin/../lib/gcc/arm-none-eabi/13.3.1/thumb/v7e-m+fp/hard/crtbegin.o
 .text          0x080001d0       0x10 D:/CODIng/Embedded C/MCU1/SETUP/STM32CubeIDE_1.16.0/STM32CubeIDE/plugins/com.st.stm32cube.ide.mcu.externaltools.gnu-tools-for-stm32.13.3.rel1.win32_1.0.0.202411081344/tools/bin/../lib/gcc/arm-none-eabi/13.3.1/../../../../arm-none-eabi/lib/thumb/v7e-m+fp/hard\libc_nano.a(libc_a-strlen.o)
                0x080001d0                strlen
 .text          0x080001e0       0xa0 D:/CODIng/Embedded C/MCU1/SETUP/STM32CubeIDE_1.16.0/STM32CubeIDE/plugins/com.st.stm32cube.ide.mcu.externaltools.gnu-tools-for-stm32.13.3.rel1.win32_1.0.0.202411081344/tools/bin/../lib/gcc/arm-none-eabi/13.3.1/../../../../arm-none-eabi/lib/thumb/v7e-m+fp/hard\libc_nano.a(libc_a-memchr.o)
                0x080001e0                memchr
 .text          0x08000280      0x378 D:/CODIng/Embedded C/MCU1/SETUP/STM32CubeIDE_1.16.0/STM32CubeIDE/plugins/com.st.stm32cube.ide.mcu.externaltools.gnu-tools-for-stm32.13.3.rel1.win32_1.0.0.202411081344/tools/bin/../lib/gcc/arm-none-eabi/13.3.1/thumb/v7e-m+fp/hard\libgcc.a(_arm_addsubdf3.o)
                0x08000280                __aeabi_drsub
                0x08000288                __aeabi_dsub
                0x08000288                __subdf3
                0x0800028c                __aeabi_dadd
                0x0800028c                __adddf3
                0x08000504                __floatunsidf
                0x08000504                __aeabi_ui2d
                0x08000524                __floatsidf
                0x08000524                __aeabi_i2d
                0x08000548                __aeabi_f2d
                0x08000548                __extendsfdf2
                0x0800058c                __floatundidf
                0x0800058c                __aeabi_ul2d
                0x0800059c                __floatdidf
                0x0800059c                __aeabi_l2d
 .text          0x080005f8      0x424 D:/CODIng/Embedded C/MCU1/SETUP/STM32CubeIDE_1.16.0/STM32CubeIDE/plugins/com.st.stm32cube.ide.mcu.externaltools.gnu-tools-for-stm32.13.3.rel1.win32_1.0.0.202411081344/tools/bin/../lib/gcc/arm-none-eabi/13.3.1/thumb/v7e-m+fp/hard\libgcc.a(_arm_muldivdf3.o)
                0x080005f8                __aeabi_dmul
                0x080005f8                __muldf3
                0x0800084c                __divdf3
                0x0800084c                __aeabi_ddiv
 .text          0x08000a1c      0x110 D:/CODIng/Embedded C/MCU1/SETUP/STM32CubeIDE_1.16.0/STM32CubeIDE/plugins/com.st.stm32cube.ide.mcu.externaltools.gnu-tools-for-stm32.13.3.rel1.win32_1.0.0.202411081344/tools/bin/../lib/gcc/arm-none-eabi/13.3.1/thumb/v7e-m+fp/hard\libgcc.a(_arm_cmpdf2.o)
                0x08000a1c                __gtdf2
                0x08000a1c                __gedf2
                0x08000a24                __ltdf2
                0x08000a24                __ledf2
                0x08000a2c                __nedf2
                0x08000a2c                __eqdf2
                0x08000a2c                __cmpdf2
                0x08000aa8                __aeabi_cdrcmple
                0x08000ab8                __aeabi_cdcmpeq
                0x08000ab8                __aeabi_cdcmple
                0x08000ac8                __aeabi_dcmpeq
                0x08000adc                __aeabi_dcmplt
                0x08000af0                __aeabi_dcmple
                0x08000b04                __aeabi_dcmpge
                0x08000b18                __aeabi_dcmpgt
 .text          0x08000b2c       0x2c D:/CODIng/Embedded C/MCU1/SETUP/STM32CubeIDE_1.16.0/STM32CubeIDE/plugins/com.st.stm32cube.ide.mcu.externaltools.gnu-tools-for-stm32.13.3.rel1.win32_1.0.0.202411081344/tools/bin/../lib/gcc/arm-none-eabi/13.3.1/thumb/v7e-m+fp/hard\libgcc.a(_arm_unorddf2.o)
                0x08000b2c                __unorddf2
                0x08000b2c                __aeabi_dcmpun
 .text          0x08000b58       0x50 D:/CODIng/Embedded C/MCU1/SETUP/STM32CubeIDE_1.16.0/STM32CubeIDE/plugins/com.st.stm32cube.ide.mcu.externaltools.gnu-tools-for-stm32.13.3.rel1.win32_1.0.0.202411081344/tools/bin/../lib/gcc/arm-none-eabi/13.3.1/thumb/v7e-m+fp/hard\libgcc.a(_arm_fixdfsi.o)
                0x08000b58                __aeabi_d2iz
                0x08000b58                __fixdfsi
 .text          0x08000ba8       0x30 D:/CODIng/Embedded C/MCU1/SETUP/STM32CubeIDE_1.16.0/STM32CubeIDE/plugins/com.st.stm32cube.ide.mcu.externaltools.gnu-tools-for-stm32.13.3.rel1.win32_1.0.0.202411081344/tools/bin/../lib/gcc/arm-none-eabi/13.3.1/thumb/v7e-m+fp/hard\libgcc.a(_aeabi_uldivmod.o)
                0x08000ba8                __aeabi_uldivmod
 .text          0x08000bd8      0x2f8 D:/CODIng/Embedded C/MCU1/SETUP/STM32CubeIDE_1.16.0/STM32CubeIDE/plugins/com.st.stm32cube.ide.mcu.externaltools.gnu-tools-for-stm32.13.3.rel1.win32_1.0.0.202411081344/tools/bin/../lib/gcc/arm-none-eabi/13.3.1/thumb/v7e-m+fp/hard\libgcc.a(_udivmoddi4.o)
                0x08000bd8                __udivmoddi4
 .text          0x08000ed0        0x4 D:/CODIng/Embedded C/MCU1/SETUP/STM32CubeIDE_1.16.0/STM32CubeIDE/plugins/com.st.stm32cube.ide.mcu.externaltools.gnu-tools-for-stm32.13.3.rel1.win32_1.0.0.202411081344/tools/bin/../lib/gcc/arm-none-eabi/13.3.1/thumb/v7e-m+fp/hard\libgcc.a(_dvmd_tls.o)
                0x08000ed0                __aeabi_idiv0
                0x08000ed0                __aeabi_ldiv0
 *(.text*)
 .text.MX_I2C1_Init
                0x08000ed4       0x5c ./Core/Src/i2c.o
                0x08000ed4                MX_I2C1_Init
 .text.SendDataOverUART
                0x08000f30      0x144 ./Core/Src/main.o
                0x08000f30                SendDataOverUART
 .text.Scan_I2C_Addresses
                0x08001074       0xd8 ./Core/Src/main.o
                0x08001074                Scan_I2C_Addresses
 .text.main     0x0800114c      0x1b0 ./Core/Src/main.o
                0x0800114c                main
 .text.SystemClock_Config
                0x080012fc       0xd0 ./Core/Src/main.o
                0x080012fc                SystemClock_Config
 .text.MX_USART1_UART_Init
                0x080013cc       0x54 ./Core/Src/main.o
 .text.MX_GPIO_Init
                0x08001420       0xdc ./Core/Src/main.o
 .text.Error_Handler
                0x080014fc        0xc ./Core/Src/main.o
                0x080014fc                Error_Handler
 .text.MPU6050_Init
                0x08001508       0xb8 ./Core/Src/mpu6050.o
                0x08001508                MPU6050_Init
 .text.MPU6050_Read_All
                0x080015c0      0x3fc ./Core/Src/mpu6050.o
                0x080015c0                MPU6050_Read_All
 .text.Kalman_getAngle
                0x080019bc      0x2b6 ./Core/Src/mpu6050.o
                0x080019bc                Kalman_getAngle
 *fill*         0x08001c72        0x2 
 .text.HAL_MspInit
                0x08001c74       0x50 ./Core/Src/stm32f4xx_hal_msp.o
                0x08001c74                HAL_MspInit
 .text.HAL_I2C_MspInit
                0x08001cc4       0x90 ./Core/Src/stm32f4xx_hal_msp.o
                0x08001cc4                HAL_I2C_MspInit
 .text.HAL_UART_MspInit
                0x08001d54       0x90 ./Core/Src/stm32f4xx_hal_msp.o
                0x08001d54                HAL_UART_MspInit
 .text.NMI_Handler
                0x08001de4        0x8 ./Core/Src/stm32f4xx_it.o
                0x08001de4                NMI_Handler
 .text.HardFault_Handler
                0x08001dec        0x8 ./Core/Src/stm32f4xx_it.o
                0x08001dec                HardFault_Handler
 .text.MemManage_Handler
                0x08001df4        0x8 ./Core/Src/stm32f4xx_it.o
                0x08001df4                MemManage_Handler
 .text.BusFault_Handler
                0x08001dfc        0x8 ./Core/Src/stm32f4xx_it.o
                0x08001dfc                BusFault_Handler
 .text.UsageFault_Handler
                0x08001e04        0x8 ./Core/Src/stm32f4xx_it.o
                0x08001e04                UsageFault_Handler
 .text.SVC_Handler
                0x08001e0c        0xe ./Core/Src/stm32f4xx_it.o
                0x08001e0c                SVC_Handler
 .text.DebugMon_Handler
                0x08001e1a        0xe ./Core/Src/stm32f4xx_it.o
                0x08001e1a                DebugMon_Handler
 .text.PendSV_Handler
                0x08001e28        0xe ./Core/Src/stm32f4xx_it.o
                0x08001e28                PendSV_Handler
 .text.SysTick_Handler
                0x08001e36        0xc ./Core/Src/stm32f4xx_it.o
                0x08001e36                SysTick_Handler
 *fill*         0x08001e42        0x2 
 .text.OTG_FS_IRQHandler
                0x08001e44       0x14 ./Core/Src/stm32f4xx_it.o
                0x08001e44                OTG_FS_IRQHandler
 .text._sbrk    0x08001e58       0x6c ./Core/Src/sysmem.o
                0x08001e58                _sbrk
 .text.SystemInit
                0x08001ec4       0x24 ./Core/Src/system_stm32f4xx.o
                0x08001ec4                SystemInit
 .text.Reset_Handler
                0x08001ee8       0x50 ./Core/Startup/startup_stm32f407vetx.o
                0x08001ee8                Reset_Handler
 .text.Default_Handler
                0x08001f38        0x2 ./Core/Startup/startup_stm32f407vetx.o
                0x08001f38                RTC_Alarm_IRQHandler
                0x08001f38                HASH_RNG_IRQHandler
                0x08001f38                EXTI2_IRQHandler
                0x08001f38                TIM8_CC_IRQHandler
                0x08001f38                TIM1_CC_IRQHandler
                0x08001f38                DMA2_Stream5_IRQHandler
                0x08001f38                DMA1_Stream5_IRQHandler
                0x08001f38                PVD_IRQHandler
                0x08001f38                SDIO_IRQHandler
                0x08001f38                TAMP_STAMP_IRQHandler
                0x08001f38                CAN2_RX1_IRQHandler
                0x08001f38                EXTI3_IRQHandler
                0x08001f38                TIM8_TRG_COM_TIM14_IRQHandler
                0x08001f38                TIM1_UP_TIM10_IRQHandler
                0x08001f38                TIM8_UP_TIM13_IRQHandler
                0x08001f38                I2C3_ER_IRQHandler
                0x08001f38                EXTI0_IRQHandler
                0x08001f38                I2C2_EV_IRQHandler
                0x08001f38                DMA1_Stream2_IRQHandler
                0x08001f38                CAN1_RX0_IRQHandler
                0x08001f38                FPU_IRQHandler
                0x08001f38                OTG_HS_WKUP_IRQHandler
                0x08001f38                CAN2_SCE_IRQHandler
                0x08001f38                DMA2_Stream2_IRQHandler
                0x08001f38                SPI1_IRQHandler
                0x08001f38                TIM6_DAC_IRQHandler
                0x08001f38                TIM1_BRK_TIM9_IRQHandler
                0x08001f38                DCMI_IRQHandler
                0x08001f38                CAN2_RX0_IRQHandler
                0x08001f38                DMA2_Stream3_IRQHandler
                0x08001f38                USART6_IRQHandler
                0x08001f38                USART3_IRQHandler
                0x08001f38                CAN1_RX1_IRQHandler
                0x08001f38                UART5_IRQHandler
                0x08001f38                DMA2_Stream0_IRQHandler
                0x08001f38                TIM4_IRQHandler
                0x08001f38                I2C1_EV_IRQHandler
                0x08001f38                DMA1_Stream6_IRQHandler
                0x08001f38                DMA1_Stream1_IRQHandler
                0x08001f38                UART4_IRQHandler
                0x08001f38                TIM3_IRQHandler
                0x08001f38                RCC_IRQHandler
                0x08001f38                TIM8_BRK_TIM12_IRQHandler
                0x08001f38                Default_Handler
                0x08001f38                EXTI15_10_IRQHandler
                0x08001f38                ADC_IRQHandler
                0x08001f38                DMA1_Stream7_IRQHandler
                0x08001f38                TIM7_IRQHandler
                0x08001f38                CAN2_TX_IRQHandler
                0x08001f38                TIM5_IRQHandler
                0x08001f38                DMA2_Stream7_IRQHandler
                0x08001f38                I2C3_EV_IRQHandler
                0x08001f38                EXTI9_5_IRQHandler
                0x08001f38                RTC_WKUP_IRQHandler
                0x08001f38                ETH_WKUP_IRQHandler
                0x08001f38                SPI2_IRQHandler
                0x08001f38                OTG_HS_EP1_IN_IRQHandler
                0x08001f38                DMA1_Stream0_IRQHandler
                0x08001f38                CAN1_TX_IRQHandler
                0x08001f38                EXTI4_IRQHandler
                0x08001f38                FSMC_IRQHandler
                0x08001f38                ETH_IRQHandler
                0x08001f38                OTG_HS_EP1_OUT_IRQHandler
                0x08001f38                WWDG_IRQHandler
                0x08001f38                TIM2_IRQHandler
                0x08001f38                OTG_FS_WKUP_IRQHandler
                0x08001f38                TIM1_TRG_COM_TIM11_IRQHandler
                0x08001f38                OTG_HS_IRQHandler
                0x08001f38                EXTI1_IRQHandler
                0x08001f38                USART2_IRQHandler
                0x08001f38                I2C2_ER_IRQHandler
                0x08001f38                DMA2_Stream1_IRQHandler
                0x08001f38                CAN1_SCE_IRQHandler
                0x08001f38                FLASH_IRQHandler
                0x08001f38                DMA2_Stream4_IRQHandler
                0x08001f38                USART1_IRQHandler
                0x08001f38                SPI3_IRQHandler
                0x08001f38                DMA1_Stream4_IRQHandler
                0x08001f38                I2C1_ER_IRQHandler
                0x08001f38                DMA2_Stream6_IRQHandler
                0x08001f38                DMA1_Stream3_IRQHandler
 *fill*         0x08001f3a        0x2 
 .text.HAL_Init
                0x08001f3c       0x44 ./Drivers/STM32F4xx_HAL_Driver/Src/stm32f4xx_hal.o
                0x08001f3c                HAL_Init
 .text.HAL_InitTick
                0x08001f80       0x60 ./Drivers/STM32F4xx_HAL_Driver/Src/stm32f4xx_hal.o
                0x08001f80                HAL_InitTick
 .text.HAL_IncTick
                0x08001fe0       0x28 ./Drivers/STM32F4xx_HAL_Driver/Src/stm32f4xx_hal.o
                0x08001fe0                HAL_IncTick
 .text.HAL_GetTick
                0x08002008       0x18 ./Drivers/STM32F4xx_HAL_Driver/Src/stm32f4xx_hal.o
                0x08002008                HAL_GetTick
 .text.HAL_Delay
                0x08002020       0x48 ./Drivers/STM32F4xx_HAL_Driver/Src/stm32f4xx_hal.o
                0x08002020                HAL_Delay
 .text.__NVIC_SetPriorityGrouping
                0x08002068       0x48 ./Drivers/STM32F4xx_HAL_Driver/Src/stm32f4xx_hal_cortex.o
 .text.__NVIC_GetPriorityGrouping
                0x080020b0       0x1c ./Drivers/STM32F4xx_HAL_Driver/Src/stm32f4xx_hal_cortex.o
 .text.__NVIC_EnableIRQ
                0x080020cc       0x3c ./Drivers/STM32F4xx_HAL_Driver/Src/stm32f4xx_hal_cortex.o
 .text.__NVIC_SetPriority
                0x08002108       0x54 ./Drivers/STM32F4xx_HAL_Driver/Src/stm32f4xx_hal_cortex.o
 .text.NVIC_EncodePriority
                0x0800215c       0x66 ./Drivers/STM32F4xx_HAL_Driver/Src/stm32f4xx_hal_cortex.o
 *fill*         0x080021c2        0x2 
 .text.SysTick_Config
                0x080021c4       0x44 ./Drivers/STM32F4xx_HAL_Driver/Src/stm32f4xx_hal_cortex.o
 .text.HAL_NVIC_SetPriorityGrouping
                0x08002208       0x16 ./Drivers/STM32F4xx_HAL_Driver/Src/stm32f4xx_hal_cortex.o
                0x08002208                HAL_NVIC_SetPriorityGrouping
 .text.HAL_NVIC_SetPriority
                0x0800221e       0x38 ./Drivers/STM32F4xx_HAL_Driver/Src/stm32f4xx_hal_cortex.o
                0x0800221e                HAL_NVIC_SetPriority
 .text.HAL_NVIC_EnableIRQ
                0x08002256       0x1c ./Drivers/STM32F4xx_HAL_Driver/Src/stm32f4xx_hal_cortex.o
                0x08002256                HAL_NVIC_EnableIRQ
 .text.HAL_SYSTICK_Config
                0x08002272       0x18 ./Drivers/STM32F4xx_HAL_Driver/Src/stm32f4xx_hal_cortex.o
                0x08002272                HAL_SYSTICK_Config
 *fill*         0x0800228a        0x2 
 .text.HAL_GPIO_Init
                0x0800228c      0x338 ./Drivers/STM32F4xx_HAL_Driver/Src/stm32f4xx_hal_gpio.o
                0x0800228c                HAL_GPIO_Init
 .text.HAL_GPIO_WritePin
                0x080025c4       0x32 ./Drivers/STM32F4xx_HAL_Driver/Src/stm32f4xx_hal_gpio.o
                0x080025c4                HAL_GPIO_WritePin
 .text.HAL_GPIO_TogglePin
                0x080025f6       0x34 ./Drivers/STM32F4xx_HAL_Driver/Src/stm32f4xx_hal_gpio.o
                0x080025f6                HAL_GPIO_TogglePin
 *fill*         0x0800262a        0x2 
 .text.HAL_I2C_Init
                0x0800262c      0x288 ./Drivers/STM32F4xx_HAL_Driver/Src/stm32f4xx_hal_i2c.o
                0x0800262c                HAL_I2C_Init
 .text.HAL_I2C_Mem_Write
                0x080028b4      0x1f4 ./Drivers/STM32F4xx_HAL_Driver/Src/stm32f4xx_hal_i2c.o
                0x080028b4                HAL_I2C_Mem_Write
 .text.HAL_I2C_Mem_Read
                0x08002aa8      0x464 ./Drivers/STM32F4xx_HAL_Driver/Src/stm32f4xx_hal_i2c.o
                0x08002aa8                HAL_I2C_Mem_Read
 .text.HAL_I2C_IsDeviceReady
                0x08002f0c      0x25c ./Drivers/STM32F4xx_HAL_Driver/Src/stm32f4xx_hal_i2c.o
                0x08002f0c                HAL_I2C_IsDeviceReady
 .text.I2C_RequestMemoryWrite
                0x08003168      0x12c ./Drivers/STM32F4xx_HAL_Driver/Src/stm32f4xx_hal_i2c.o
 .text.I2C_RequestMemoryRead
                0x08003294      0x1d0 ./Drivers/STM32F4xx_HAL_Driver/Src/stm32f4xx_hal_i2c.o
 .text.I2C_WaitOnFlagUntilTimeout
                0x08003464       0xf4 ./Drivers/STM32F4xx_HAL_Driver/Src/stm32f4xx_hal_i2c.o
 .text.I2C_WaitOnMasterAddressFlagUntilTimeout
                0x08003558      0x140 ./Drivers/STM32F4xx_HAL_Driver/Src/stm32f4xx_hal_i2c.o
 .text.I2C_WaitOnTXEFlagUntilTimeout
                0x08003698       0x90 ./Drivers/STM32F4xx_HAL_Driver/Src/stm32f4xx_hal_i2c.o
 .text.I2C_WaitOnBTFFlagUntilTimeout
                0x08003728       0x90 ./Drivers/STM32F4xx_HAL_Driver/Src/stm32f4xx_hal_i2c.o
 .text.I2C_WaitOnRXNEFlagUntilTimeout
                0x080037b8       0xba ./Drivers/STM32F4xx_HAL_Driver/Src/stm32f4xx_hal_i2c.o
 .text.I2C_IsAcknowledgeFailed
                0x08003872       0x5e ./Drivers/STM32F4xx_HAL_Driver/Src/stm32f4xx_hal_i2c.o
 .text.HAL_PCD_Init
                0x080038d0      0x21e ./Drivers/STM32F4xx_HAL_Driver/Src/stm32f4xx_hal_pcd.o
                0x080038d0                HAL_PCD_Init
 .text.HAL_PCD_Start
                0x08003aee       0x6a ./Drivers/STM32F4xx_HAL_Driver/Src/stm32f4xx_hal_pcd.o
                0x08003aee                HAL_PCD_Start
 .text.HAL_PCD_IRQHandler
                0x08003b58      0x942 ./Drivers/STM32F4xx_HAL_Driver/Src/stm32f4xx_hal_pcd.o
                0x08003b58                HAL_PCD_IRQHandler
 .text.HAL_PCD_SetAddress
                0x0800449a       0x48 ./Drivers/STM32F4xx_HAL_Driver/Src/stm32f4xx_hal_pcd.o
                0x0800449a                HAL_PCD_SetAddress
 .text.HAL_PCD_EP_Open
                0x080044e2       0xd4 ./Drivers/STM32F4xx_HAL_Driver/Src/stm32f4xx_hal_pcd.o
                0x080044e2                HAL_PCD_EP_Open
 .text.HAL_PCD_EP_Close
                0x080045b6       0x94 ./Drivers/STM32F4xx_HAL_Driver/Src/stm32f4xx_hal_pcd.o
                0x080045b6                HAL_PCD_EP_Close
 .text.HAL_PCD_EP_Receive
                0x0800464a       0x76 ./Drivers/STM32F4xx_HAL_Driver/Src/stm32f4xx_hal_pcd.o
                0x0800464a                HAL_PCD_EP_Receive
 .text.HAL_PCD_EP_Transmit
                0x080046c0       0x74 ./Drivers/STM32F4xx_HAL_Driver/Src/stm32f4xx_hal_pcd.o
                0x080046c0                HAL_PCD_EP_Transmit
 .text.HAL_PCD_EP_SetStall
                0x08004734       0xc6 ./Drivers/STM32F4xx_HAL_Driver/Src/stm32f4xx_hal_pcd.o
                0x08004734                HAL_PCD_EP_SetStall
 .text.HAL_PCD_EP_ClrStall
                0x080047fa       0xac ./Drivers/STM32F4xx_HAL_Driver/Src/stm32f4xx_hal_pcd.o
                0x080047fa                HAL_PCD_EP_ClrStall
 .text.HAL_PCD_EP_Abort
                0x080048a6       0x62 ./Drivers/STM32F4xx_HAL_Driver/Src/stm32f4xx_hal_pcd.o
                0x080048a6                HAL_PCD_EP_Abort
 .text.PCD_WriteEmptyTxFifo
                0x08004908      0x118 ./Drivers/STM32F4xx_HAL_Driver/Src/stm32f4xx_hal_pcd.o
 .text.PCD_EP_OutXfrComplete_int
                0x08004a20      0x1d0 ./Drivers/STM32F4xx_HAL_Driver/Src/stm32f4xx_hal_pcd.o
 .text.PCD_EP_OutSetupPacket_int
                0x08004bf0       0x8c ./Drivers/STM32F4xx_HAL_Driver/Src/stm32f4xx_hal_pcd.o
 .text.HAL_PCDEx_SetTxFiFo
                0x08004c7c       0x8e ./Drivers/STM32F4xx_HAL_Driver/Src/stm32f4xx_hal_pcd_ex.o
                0x08004c7c                HAL_PCDEx_SetTxFiFo
 .text.HAL_PCDEx_SetRxFiFo
                0x08004d0a       0x22 ./Drivers/STM32F4xx_HAL_Driver/Src/stm32f4xx_hal_pcd_ex.o
                0x08004d0a                HAL_PCDEx_SetRxFiFo
 .text.HAL_PCDEx_LPM_Callback
                0x08004d2c       0x18 ./Drivers/STM32F4xx_HAL_Driver/Src/stm32f4xx_hal_pcd_ex.o
                0x08004d2c                HAL_PCDEx_LPM_Callback
 .text.HAL_RCC_OscConfig
                0x08004d44      0x4f0 ./Drivers/STM32F4xx_HAL_Driver/Src/stm32f4xx_hal_rcc.o
                0x08004d44                HAL_RCC_OscConfig
 .text.HAL_RCC_ClockConfig
                0x08005234      0x1cc ./Drivers/STM32F4xx_HAL_Driver/Src/stm32f4xx_hal_rcc.o
                0x08005234                HAL_RCC_ClockConfig
 .text.HAL_RCC_GetSysClockFreq
                0x08005400      0x20c ./Drivers/STM32F4xx_HAL_Driver/Src/stm32f4xx_hal_rcc.o
                0x08005400                HAL_RCC_GetSysClockFreq
 .text.HAL_RCC_GetHCLKFreq
                0x0800560c       0x18 ./Drivers/STM32F4xx_HAL_Driver/Src/stm32f4xx_hal_rcc.o
                0x0800560c                HAL_RCC_GetHCLKFreq
 .text.HAL_RCC_GetPCLK1Freq
                0x08005624       0x28 ./Drivers/STM32F4xx_HAL_Driver/Src/stm32f4xx_hal_rcc.o
                0x08005624                HAL_RCC_GetPCLK1Freq
 .text.HAL_RCC_GetPCLK2Freq
                0x0800564c       0x28 ./Drivers/STM32F4xx_HAL_Driver/Src/stm32f4xx_hal_rcc.o
                0x0800564c                HAL_RCC_GetPCLK2Freq
 .text.HAL_UART_Init
                0x08005674       0xa0 ./Drivers/STM32F4xx_HAL_Driver/Src/stm32f4xx_hal_uart.o
                0x08005674                HAL_UART_Init
 .text.HAL_UART_Transmit
                0x08005714      0x116 ./Drivers/STM32F4xx_HAL_Driver/Src/stm32f4xx_hal_uart.o
                0x08005714                HAL_UART_Transmit
 .text.UART_WaitOnFlagUntilTimeout
                0x0800582a       0xb2 ./Drivers/STM32F4xx_HAL_Driver/Src/stm32f4xx_hal_uart.o
 .text.UART_EndRxTransfer
                0x080058dc       0xc6 ./Drivers/STM32F4xx_HAL_Driver/Src/stm32f4xx_hal_uart.o
 *fill*         0x080059a2        0x2 
 .text.UART_SetConfig
                0x080059a4      0x4e8 ./Drivers/STM32F4xx_HAL_Driver/Src/stm32f4xx_hal_uart.o
 .text.USB_CoreInit
                0x08005e8c       0xc8 ./Drivers/STM32F4xx_HAL_Driver/Src/stm32f4xx_ll_usb.o
                0x08005e8c                USB_CoreInit
 .text.USB_SetTurnaroundTime
                0x08005f54      0x144 ./Drivers/STM32F4xx_HAL_Driver/Src/stm32f4xx_ll_usb.o
                0x08005f54                USB_SetTurnaroundTime
 .text.USB_EnableGlobalInt
                0x08006098       0x22 ./Drivers/STM32F4xx_HAL_Driver/Src/stm32f4xx_ll_usb.o
                0x08006098                USB_EnableGlobalInt
 .text.USB_DisableGlobalInt
                0x080060ba       0x22 ./Drivers/STM32F4xx_HAL_Driver/Src/stm32f4xx_ll_usb.o
                0x080060ba                USB_DisableGlobalInt
 .text.USB_SetCurrentMode
                0x080060dc       0x98 ./Drivers/STM32F4xx_HAL_Driver/Src/stm32f4xx_ll_usb.o
                0x080060dc                USB_SetCurrentMode
 .text.USB_DevInit
                0x08006174      0x2c8 ./Drivers/STM32F4xx_HAL_Driver/Src/stm32f4xx_ll_usb.o
                0x08006174                USB_DevInit
 .text.USB_FlushTxFifo
                0x0800643c       0x64 ./Drivers/STM32F4xx_HAL_Driver/Src/stm32f4xx_ll_usb.o
                0x0800643c                USB_FlushTxFifo
 .text.USB_FlushRxFifo
                0x080064a0       0x5c ./Drivers/STM32F4xx_HAL_Driver/Src/stm32f4xx_ll_usb.o
                0x080064a0                USB_FlushRxFifo
 .text.USB_SetDevSpeed
                0x080064fc       0x32 ./Drivers/STM32F4xx_HAL_Driver/Src/stm32f4xx_ll_usb.o
                0x080064fc                USB_SetDevSpeed
 .text.USB_GetDevSpeed
                0x0800652e       0x4a ./Drivers/STM32F4xx_HAL_Driver/Src/stm32f4xx_ll_usb.o
                0x0800652e                USB_GetDevSpeed
 .text.USB_ActivateEndpoint
                0x08006578      0x10e ./Drivers/STM32F4xx_HAL_Driver/Src/stm32f4xx_ll_usb.o
                0x08006578                USB_ActivateEndpoint
 *fill*         0x08006686        0x2 
 .text.USB_DeactivateEndpoint
                0x08006688      0x1b8 ./Drivers/STM32F4xx_HAL_Driver/Src/stm32f4xx_ll_usb.o
                0x08006688                USB_DeactivateEndpoint
 .text.USB_EPStartXfer
                0x08006840      0x53c ./Drivers/STM32F4xx_HAL_Driver/Src/stm32f4xx_ll_usb.o
                0x08006840                USB_EPStartXfer
 .text.USB_EPStopXfer
                0x08006d7c      0x154 ./Drivers/STM32F4xx_HAL_Driver/Src/stm32f4xx_ll_usb.o
                0x08006d7c                USB_EPStopXfer
 .text.USB_WritePacket
                0x08006ed0       0x7c ./Drivers/STM32F4xx_HAL_Driver/Src/stm32f4xx_ll_usb.o
                0x08006ed0                USB_WritePacket
 .text.USB_ReadPacket
                0x08006f4c       0xb0 ./Drivers/STM32F4xx_HAL_Driver/Src/stm32f4xx_ll_usb.o
                0x08006f4c                USB_ReadPacket
 .text.USB_EPSetStall
                0x08006ffc       0xdc ./Drivers/STM32F4xx_HAL_Driver/Src/stm32f4xx_ll_usb.o
                0x08006ffc                USB_EPSetStall
 .text.USB_EPClearStall
                0x080070d8       0xcc ./Drivers/STM32F4xx_HAL_Driver/Src/stm32f4xx_ll_usb.o
                0x080070d8                USB_EPClearStall
 .text.USB_SetDevAddress
                0x080071a4       0x4c ./Drivers/STM32F4xx_HAL_Driver/Src/stm32f4xx_ll_usb.o
                0x080071a4                USB_SetDevAddress
 .text.USB_DevConnect
                0x080071f0       0x42 ./Drivers/STM32F4xx_HAL_Driver/Src/stm32f4xx_ll_usb.o
                0x080071f0                USB_DevConnect
 .text.USB_DevDisconnect
                0x08007232       0x42 ./Drivers/STM32F4xx_HAL_Driver/Src/stm32f4xx_ll_usb.o
                0x08007232                USB_DevDisconnect
 .text.USB_ReadInterrupts
                0x08007274       0x26 ./Drivers/STM32F4xx_HAL_Driver/Src/stm32f4xx_ll_usb.o
                0x08007274                USB_ReadInterrupts
 .text.USB_ReadDevAllOutEpInterrupt
                0x0800729a       0x34 ./Drivers/STM32F4xx_HAL_Driver/Src/stm32f4xx_ll_usb.o
                0x0800729a                USB_ReadDevAllOutEpInterrupt
 .text.USB_ReadDevAllInEpInterrupt
                0x080072ce       0x34 ./Drivers/STM32F4xx_HAL_Driver/Src/stm32f4xx_ll_usb.o
                0x080072ce                USB_ReadDevAllInEpInterrupt
 .text.USB_ReadDevOutEPInterrupt
                0x08007302       0x3c ./Drivers/STM32F4xx_HAL_Driver/Src/stm32f4xx_ll_usb.o
                0x08007302                USB_ReadDevOutEPInterrupt
 .text.USB_ReadDevInEPInterrupt
                0x0800733e       0x5c ./Drivers/STM32F4xx_HAL_Driver/Src/stm32f4xx_ll_usb.o
                0x0800733e                USB_ReadDevInEPInterrupt
 .text.USB_GetMode
                0x0800739a       0x1c ./Drivers/STM32F4xx_HAL_Driver/Src/stm32f4xx_ll_usb.o
                0x0800739a                USB_GetMode
 .text.USB_ActivateSetup
                0x080073b6       0x46 ./Drivers/STM32F4xx_HAL_Driver/Src/stm32f4xx_ll_usb.o
                0x080073b6                USB_ActivateSetup
 .text.USB_EP0_OutStart
                0x080073fc       0xbc ./Drivers/STM32F4xx_HAL_Driver/Src/stm32f4xx_ll_usb.o
                0x080073fc                USB_EP0_OutStart
 .text.USB_CoreReset
                0x080074b8       0x70 ./Drivers/STM32F4xx_HAL_Driver/Src/stm32f4xx_ll_usb.o
 .text.USBD_HID_Init
                0x08007528       0xcc ./Middlewares/ST/STM32_USB_Device_Library/Class/HID/Src/usbd_hid.o
 .text.USBD_HID_DeInit
                0x080075f4       0x90 ./Middlewares/ST/STM32_USB_Device_Library/Class/HID/Src/usbd_hid.o
 .text.USBD_HID_Setup
                0x08007684      0x210 ./Middlewares/ST/STM32_USB_Device_Library/Class/HID/Src/usbd_hid.o
 .text.USBD_HID_SendReport
                0x08007894       0x60 ./Middlewares/ST/STM32_USB_Device_Library/Class/HID/Src/usbd_hid.o
                0x08007894                USBD_HID_SendReport
 .text.USBD_HID_GetFSCfgDesc
                0x080078f4       0x34 ./Middlewares/ST/STM32_USB_Device_Library/Class/HID/Src/usbd_hid.o
 .text.USBD_HID_GetHSCfgDesc
                0x08007928       0x34 ./Middlewares/ST/STM32_USB_Device_Library/Class/HID/Src/usbd_hid.o
 .text.USBD_HID_GetOtherSpeedCfgDesc
                0x0800795c       0x34 ./Middlewares/ST/STM32_USB_Device_Library/Class/HID/Src/usbd_hid.o
 .text.USBD_HID_DataIn
                0x08007990       0x2c ./Middlewares/ST/STM32_USB_Device_Library/Class/HID/Src/usbd_hid.o
 .text.USBD_HID_GetDeviceQualifierDesc
                0x080079bc       0x20 ./Middlewares/ST/STM32_USB_Device_Library/Class/HID/Src/usbd_hid.o
 .text.USBD_Init
                0x080079dc       0x60 ./Middlewares/ST/STM32_USB_Device_Library/Core/Src/usbd_core.o
                0x080079dc                USBD_Init
 .text.USBD_RegisterClass
                0x08007a3c       0x6c ./Middlewares/ST/STM32_USB_Device_Library/Core/Src/usbd_core.o
                0x08007a3c                USBD_RegisterClass
 .text.USBD_Start
                0x08007aa8       0x18 ./Middlewares/ST/STM32_USB_Device_Library/Core/Src/usbd_core.o
                0x08007aa8                USBD_Start
 .text.USBD_RunTestMode
                0x08007ac0       0x16 ./Middlewares/ST/STM32_USB_Device_Library/Core/Src/usbd_core.o
                0x08007ac0                USBD_RunTestMode
 .text.USBD_SetClassConfig
                0x08007ad6       0x38 ./Middlewares/ST/STM32_USB_Device_Library/Core/Src/usbd_core.o
                0x08007ad6                USBD_SetClassConfig
 .text.USBD_ClrClassConfig
                0x08007b0e       0x34 ./Middlewares/ST/STM32_USB_Device_Library/Core/Src/usbd_core.o
                0x08007b0e                USBD_ClrClassConfig
 .text.USBD_LL_SetupStage
                0x08007b42       0xaa ./Middlewares/ST/STM32_USB_Device_Library/Core/Src/usbd_core.o
                0x08007b42                USBD_LL_SetupStage
 .text.USBD_LL_DataOutStage
                0x08007bec      0x178 ./Middlewares/ST/STM32_USB_Device_Library/Core/Src/usbd_core.o
                0x08007bec                USBD_LL_DataOutStage
 .text.USBD_LL_DataInStage
                0x08007d64      0x176 ./Middlewares/ST/STM32_USB_Device_Library/Core/Src/usbd_core.o
                0x08007d64                USBD_LL_DataInStage
 .text.USBD_LL_Reset
                0x08007eda       0xa6 ./Middlewares/ST/STM32_USB_Device_Library/Core/Src/usbd_core.o
                0x08007eda                USBD_LL_Reset
 .text.USBD_LL_SetSpeed
                0x08007f80       0x20 ./Middlewares/ST/STM32_USB_Device_Library/Core/Src/usbd_core.o
                0x08007f80                USBD_LL_SetSpeed
 .text.USBD_LL_Suspend
                0x08007fa0       0x38 ./Middlewares/ST/STM32_USB_Device_Library/Core/Src/usbd_core.o
                0x08007fa0                USBD_LL_Suspend
 .text.USBD_LL_Resume
                0x08007fd8       0x30 ./Middlewares/ST/STM32_USB_Device_Library/Core/Src/usbd_core.o
                0x08007fd8                USBD_LL_Resume
 .text.USBD_LL_SOF
                0x08008008       0x40 ./Middlewares/ST/STM32_USB_Device_Library/Core/Src/usbd_core.o
                0x08008008                USBD_LL_SOF
 .text.USBD_LL_IsoINIncomplete
                0x08008048       0x64 ./Middlewares/ST/STM32_USB_Device_Library/Core/Src/usbd_core.o
                0x08008048                USBD_LL_IsoINIncomplete
 .text.USBD_LL_IsoOUTIncomplete
                0x080080ac       0x64 ./Middlewares/ST/STM32_USB_Device_Library/Core/Src/usbd_core.o
                0x080080ac                USBD_LL_IsoOUTIncomplete
 .text.USBD_LL_DevConnected
                0x08008110       0x16 ./Middlewares/ST/STM32_USB_Device_Library/Core/Src/usbd_core.o
                0x08008110                USBD_LL_DevConnected
 .text.USBD_LL_DevDisconnected
                0x08008126       0x46 ./Middlewares/ST/STM32_USB_Device_Library/Core/Src/usbd_core.o
                0x08008126                USBD_LL_DevDisconnected
 .text.USBD_CoreFindIF
                0x0800816c       0x1a ./Middlewares/ST/STM32_USB_Device_Library/Core/Src/usbd_core.o
                0x0800816c                USBD_CoreFindIF
 .text.USBD_CoreFindEP
                0x08008186       0x1a ./Middlewares/ST/STM32_USB_Device_Library/Core/Src/usbd_core.o
                0x08008186                USBD_CoreFindEP
 .text.USBD_GetEpDesc
                0x080081a0       0x70 ./Middlewares/ST/STM32_USB_Device_Library/Core/Src/usbd_core.o
                0x080081a0                USBD_GetEpDesc
 .text.USBD_GetNextDesc
                0x08008210       0x38 ./Middlewares/ST/STM32_USB_Device_Library/Core/Src/usbd_core.o
                0x08008210                USBD_GetNextDesc
 .text.SWAPBYTE
                0x08008248       0x3e ./Middlewares/ST/STM32_USB_Device_Library/Core/Src/usbd_ctlreq.o
 *fill*         0x08008286        0x2 
 .text.USBD_StdDevReq
                0x08008288       0xe4 ./Middlewares/ST/STM32_USB_Device_Library/Core/Src/usbd_ctlreq.o
                0x08008288                USBD_StdDevReq
 .text.USBD_StdItfReq
                0x0800836c       0xd8 ./Middlewares/ST/STM32_USB_Device_Library/Core/Src/usbd_ctlreq.o
                0x0800836c                USBD_StdItfReq
 .text.USBD_StdEPReq
                0x08008444      0x33e ./Middlewares/ST/STM32_USB_Device_Library/Core/Src/usbd_ctlreq.o
                0x08008444                USBD_StdEPReq
 *fill*         0x08008782        0x2 
 .text.USBD_GetDescriptor
                0x08008784      0x2d4 ./Middlewares/ST/STM32_USB_Device_Library/Core/Src/usbd_ctlreq.o
 .text.USBD_SetAddress
                0x08008a58       0x88 ./Middlewares/ST/STM32_USB_Device_Library/Core/Src/usbd_ctlreq.o
 .text.USBD_SetConfig
                0x08008ae0      0x154 ./Middlewares/ST/STM32_USB_Device_Library/Core/Src/usbd_ctlreq.o
 .text.USBD_GetConfig
                0x08008c34       0x6c ./Middlewares/ST/STM32_USB_Device_Library/Core/Src/usbd_ctlreq.o
 .text.USBD_GetStatus
                0x08008ca0       0x68 ./Middlewares/ST/STM32_USB_Device_Library/Core/Src/usbd_ctlreq.o
 .text.USBD_SetFeature
                0x08008d08       0x52 ./Middlewares/ST/STM32_USB_Device_Library/Core/Src/usbd_ctlreq.o
 .text.USBD_ClrFeature
                0x08008d5a       0x44 ./Middlewares/ST/STM32_USB_Device_Library/Core/Src/usbd_ctlreq.o
 .text.USBD_ParseSetupRequest
                0x08008d9e       0x74 ./Middlewares/ST/STM32_USB_Device_Library/Core/Src/usbd_ctlreq.o
                0x08008d9e                USBD_ParseSetupRequest
 .text.USBD_CtlError
                0x08008e12       0x22 ./Middlewares/ST/STM32_USB_Device_Library/Core/Src/usbd_ctlreq.o
                0x08008e12                USBD_CtlError
 .text.USBD_GetString
                0x08008e34       0xa4 ./Middlewares/ST/STM32_USB_Device_Library/Core/Src/usbd_ctlreq.o
                0x08008e34                USBD_GetString
 .text.USBD_GetLen
                0x08008ed8       0x34 ./Middlewares/ST/STM32_USB_Device_Library/Core/Src/usbd_ctlreq.o
 .text.USBD_CtlSendData
                0x08008f0c       0x3c ./Middlewares/ST/STM32_USB_Device_Library/Core/Src/usbd_ioreq.o
                0x08008f0c                USBD_CtlSendData
 .text.USBD_CtlContinueSendData
                0x08008f48       0x22 ./Middlewares/ST/STM32_USB_Device_Library/Core/Src/usbd_ioreq.o
                0x08008f48                USBD_CtlContinueSendData
 .text.USBD_CtlContinueRx
                0x08008f6a       0x22 ./Middlewares/ST/STM32_USB_Device_Library/Core/Src/usbd_ioreq.o
                0x08008f6a                USBD_CtlContinueRx
 .text.USBD_CtlSendStatus
                0x08008f8c       0x26 ./Middlewares/ST/STM32_USB_Device_Library/Core/Src/usbd_ioreq.o
                0x08008f8c                USBD_CtlSendStatus
 .text.USBD_CtlReceiveStatus
                0x08008fb2       0x26 ./Middlewares/ST/STM32_USB_Device_Library/Core/Src/usbd_ioreq.o
                0x08008fb2                USBD_CtlReceiveStatus
 .text.MX_USB_DEVICE_Init
                0x08008fd8       0x4c ./USB_DEVICE/App/usb_device.o
                0x08008fd8                MX_USB_DEVICE_Init
 .text.USBD_FS_DeviceDescriptor
                0x08009024       0x24 ./USB_DEVICE/App/usbd_desc.o
                0x08009024                USBD_FS_DeviceDescriptor
 .text.USBD_FS_LangIDStrDescriptor
                0x08009048       0x24 ./USB_DEVICE/App/usbd_desc.o
                0x08009048                USBD_FS_LangIDStrDescriptor
 .text.USBD_FS_ProductStrDescriptor
                0x0800906c       0x3c ./USB_DEVICE/App/usbd_desc.o
                0x0800906c                USBD_FS_ProductStrDescriptor
 .text.USBD_FS_ManufacturerStrDescriptor
                0x080090a8       0x28 ./USB_DEVICE/App/usbd_desc.o
                0x080090a8                USBD_FS_ManufacturerStrDescriptor
 .text.USBD_FS_SerialStrDescriptor
                0x080090d0       0x24 ./USB_DEVICE/App/usbd_desc.o
                0x080090d0                USBD_FS_SerialStrDescriptor
 .text.USBD_FS_ConfigStrDescriptor
                0x080090f4       0x3c ./USB_DEVICE/App/usbd_desc.o
                0x080090f4                USBD_FS_ConfigStrDescriptor
 .text.USBD_FS_InterfaceStrDescriptor
                0x08009130       0x3c ./USB_DEVICE/App/usbd_desc.o
                0x08009130                USBD_FS_InterfaceStrDescriptor
 .text.Get_SerialNum
                0x0800916c       0x58 ./USB_DEVICE/App/usbd_desc.o
 .text.IntToUnicode
                0x080091c4       0x7e ./USB_DEVICE/App/usbd_desc.o
 *fill*         0x08009242        0x2 
 .text.HAL_PCD_MspInit
                0x08009244       0xa8 ./USB_DEVICE/Target/usbd_conf.o
                0x08009244                HAL_PCD_MspInit
 .text.HAL_PCD_SetupStageCallback
                0x080092ec       0x24 ./USB_DEVICE/Target/usbd_conf.o
                0x080092ec                HAL_PCD_SetupStageCallback
 .text.HAL_PCD_DataOutStageCallback
                0x08009310       0x36 ./USB_DEVICE/Target/usbd_conf.o
                0x08009310                HAL_PCD_DataOutStageCallback
 .text.HAL_PCD_DataInStageCallback
                0x08009346       0x34 ./USB_DEVICE/Target/usbd_conf.o
                0x08009346                HAL_PCD_DataInStageCallback
 .text.HAL_PCD_SOFCallback
                0x0800937a       0x1c ./USB_DEVICE/Target/usbd_conf.o
                0x0800937a                HAL_PCD_SOFCallback
 .text.HAL_PCD_ResetCallback
                0x08009396       0x50 ./USB_DEVICE/Target/usbd_conf.o
                0x08009396                HAL_PCD_ResetCallback
 *fill*         0x080093e6        0x2 
 .text.HAL_PCD_SuspendCallback
                0x080093e8       0x4c ./USB_DEVICE/Target/usbd_conf.o
                0x080093e8                HAL_PCD_SuspendCallback
 .text.HAL_PCD_ResumeCallback
                0x08009434       0x1c ./USB_DEVICE/Target/usbd_conf.o
                0x08009434                HAL_PCD_ResumeCallback
 .text.HAL_PCD_ISOOUTIncompleteCallback
                0x08009450       0x24 ./USB_DEVICE/Target/usbd_conf.o
                0x08009450                HAL_PCD_ISOOUTIncompleteCallback
 .text.HAL_PCD_ISOINIncompleteCallback
                0x08009474       0x24 ./USB_DEVICE/Target/usbd_conf.o
                0x08009474                HAL_PCD_ISOINIncompleteCallback
 .text.HAL_PCD_ConnectCallback
                0x08009498       0x1c ./USB_DEVICE/Target/usbd_conf.o
                0x08009498                HAL_PCD_ConnectCallback
 .text.HAL_PCD_DisconnectCallback
                0x080094b4       0x1c ./USB_DEVICE/Target/usbd_conf.o
                0x080094b4                HAL_PCD_DisconnectCallback
 .text.USBD_LL_Init
                0x080094d0       0x98 ./USB_DEVICE/Target/usbd_conf.o
                0x080094d0                USBD_LL_Init
 .text.USBD_LL_Start
                0x08009568       0x36 ./USB_DEVICE/Target/usbd_conf.o
                0x08009568                USBD_LL_Start
 .text.USBD_LL_OpenEP
                0x0800959e       0x4c ./USB_DEVICE/Target/usbd_conf.o
                0x0800959e                USBD_LL_OpenEP
 .text.USBD_LL_CloseEP
                0x080095ea       0x3e ./USB_DEVICE/Target/usbd_conf.o
                0x080095ea                USBD_LL_CloseEP
 .text.USBD_LL_StallEP
                0x08009628       0x3e ./USB_DEVICE/Target/usbd_conf.o
                0x08009628                USBD_LL_StallEP
 .text.USBD_LL_ClearStallEP
                0x08009666       0x3e ./USB_DEVICE/Target/usbd_conf.o
                0x08009666                USBD_LL_ClearStallEP
 .text.USBD_LL_IsStallEP
                0x080096a4       0x58 ./USB_DEVICE/Target/usbd_conf.o
                0x080096a4                USBD_LL_IsStallEP
 .text.USBD_LL_SetUSBAddress
                0x080096fc       0x3e ./USB_DEVICE/Target/usbd_conf.o
                0x080096fc                USBD_LL_SetUSBAddress
 .text.USBD_LL_Transmit
                0x0800973a       0x42 ./USB_DEVICE/Target/usbd_conf.o
                0x0800973a                USBD_LL_Transmit
 .text.USBD_LL_PrepareReceive
                0x0800977c       0x42 ./USB_DEVICE/Target/usbd_conf.o
                0x0800977c                USBD_LL_PrepareReceive
 *fill*         0x080097be        0x2 
 .text.USBD_static_malloc
                0x080097c0       0x1c ./USB_DEVICE/Target/usbd_conf.o
                0x080097c0                USBD_static_malloc
 .text.USBD_static_free
                0x080097dc       0x14 ./USB_DEVICE/Target/usbd_conf.o
                0x080097dc                USBD_static_free
 .text.USBD_Get_USB_Status
                0x080097f0       0x58 ./USB_DEVICE/Target/usbd_conf.o
                0x080097f0                USBD_Get_USB_Status
 .text.sprintf  0x08009848       0x44 D:/CODIng/Embedded C/MCU1/SETUP/STM32CubeIDE_1.16.0/STM32CubeIDE/plugins/com.st.stm32cube.ide.mcu.externaltools.gnu-tools-for-stm32.13.3.rel1.win32_1.0.0.202411081344/tools/bin/../lib/gcc/arm-none-eabi/13.3.1/../../../../arm-none-eabi/lib/thumb/v7e-m+fp/hard\libc_nano.a(libc_a-sprintf.o)
                0x08009848                siprintf
                0x08009848                sprintf
 .text.memset   0x0800988c       0x10 D:/CODIng/Embedded C/MCU1/SETUP/STM32CubeIDE_1.16.0/STM32CubeIDE/plugins/com.st.stm32cube.ide.mcu.externaltools.gnu-tools-for-stm32.13.3.rel1.win32_1.0.0.202411081344/tools/bin/../lib/gcc/arm-none-eabi/13.3.1/../../../../arm-none-eabi/lib/thumb/v7e-m+fp/hard\libc_nano.a(libc_a-memset.o)
                0x0800988c                memset
 .text.__errno  0x0800989c        0xc D:/CODIng/Embedded C/MCU1/SETUP/STM32CubeIDE_1.16.0/STM32CubeIDE/plugins/com.st.stm32cube.ide.mcu.externaltools.gnu-tools-for-stm32.13.3.rel1.win32_1.0.0.202411081344/tools/bin/../lib/gcc/arm-none-eabi/13.3.1/../../../../arm-none-eabi/lib/thumb/v7e-m+fp/hard\libc_nano.a(libc_a-errno.o)
                0x0800989c                __errno
 .text.__libc_init_array
                0x080098a8       0x48 D:/CODIng/Embedded C/MCU1/SETUP/STM32CubeIDE_1.16.0/STM32CubeIDE/plugins/com.st.stm32cube.ide.mcu.externaltools.gnu-tools-for-stm32.13.3.rel1.win32_1.0.0.202411081344/tools/bin/../lib/gcc/arm-none-eabi/13.3.1/../../../../arm-none-eabi/lib/thumb/v7e-m+fp/hard\libc_nano.a(libc_a-init.o)
                0x080098a8                __libc_init_array
 .text.__retarget_lock_acquire_recursive
                0x080098f0        0x2 D:/CODIng/Embedded C/MCU1/SETUP/STM32CubeIDE_1.16.0/STM32CubeIDE/plugins/com.st.stm32cube.ide.mcu.externaltools.gnu-tools-for-stm32.13.3.rel1.win32_1.0.0.202411081344/tools/bin/../lib/gcc/arm-none-eabi/13.3.1/../../../../arm-none-eabi/lib/thumb/v7e-m+fp/hard\libc_nano.a(libc_a-lock.o)
                0x080098f0                __retarget_lock_acquire_recursive
 .text.__retarget_lock_release_recursive
                0x080098f2        0x2 D:/CODIng/Embedded C/MCU1/SETUP/STM32CubeIDE_1.16.0/STM32CubeIDE/plugins/com.st.stm32cube.ide.mcu.externaltools.gnu-tools-for-stm32.13.3.rel1.win32_1.0.0.202411081344/tools/bin/../lib/gcc/arm-none-eabi/13.3.1/../../../../arm-none-eabi/lib/thumb/v7e-m+fp/hard\libc_nano.a(libc_a-lock.o)
                0x080098f2                __retarget_lock_release_recursive
 .text._free_r  0x080098f4       0x94 D:/CODIng/Embedded C/MCU1/SETUP/STM32CubeIDE_1.16.0/STM32CubeIDE/plugins/com.st.stm32cube.ide.mcu.externaltools.gnu-tools-for-stm32.13.3.rel1.win32_1.0.0.202411081344/tools/bin/../lib/gcc/arm-none-eabi/13.3.1/../../../../arm-none-eabi/lib/thumb/v7e-m+fp/hard\libc_nano.a(libc_a-freer.o)
                0x080098f4                _free_r
 .text.sbrk_aligned
                0x08009988       0x44 D:/CODIng/Embedded C/MCU1/SETUP/STM32CubeIDE_1.16.0/STM32CubeIDE/plugins/com.st.stm32cube.ide.mcu.externaltools.gnu-tools-for-stm32.13.3.rel1.win32_1.0.0.202411081344/tools/bin/../lib/gcc/arm-none-eabi/13.3.1/../../../../arm-none-eabi/lib/thumb/v7e-m+fp/hard\libc_nano.a(libc_a-mallocr.o)
 .text._malloc_r
                0x080099cc      0x100 D:/CODIng/Embedded C/MCU1/SETUP/STM32CubeIDE_1.16.0/STM32CubeIDE/plugins/com.st.stm32cube.ide.mcu.externaltools.gnu-tools-for-stm32.13.3.rel1.win32_1.0.0.202411081344/tools/bin/../lib/gcc/arm-none-eabi/13.3.1/../../../../arm-none-eabi/lib/thumb/v7e-m+fp/hard\libc_nano.a(libc_a-mallocr.o)
                0x080099cc                _malloc_r
 .text.__malloc_lock
                0x08009acc        0xc D:/CODIng/Embedded C/MCU1/SETUP/STM32CubeIDE_1.16.0/STM32CubeIDE/plugins/com.st.stm32cube.ide.mcu.externaltools.gnu-tools-for-stm32.13.3.rel1.win32_1.0.0.202411081344/tools/bin/../lib/gcc/arm-none-eabi/13.3.1/../../../../arm-none-eabi/lib/thumb/v7e-m+fp/hard\libc_nano.a(libc_a-mlock.o)
                0x08009acc                __malloc_lock
 .text.__malloc_unlock
                0x08009ad8        0xc D:/CODIng/Embedded C/MCU1/SETUP/STM32CubeIDE_1.16.0/STM32CubeIDE/plugins/com.st.stm32cube.ide.mcu.externaltools.gnu-tools-for-stm32.13.3.rel1.win32_1.0.0.202411081344/tools/bin/../lib/gcc/arm-none-eabi/13.3.1/../../../../arm-none-eabi/lib/thumb/v7e-m+fp/hard\libc_nano.a(libc_a-mlock.o)
                0x08009ad8                __malloc_unlock
 .text.__ssputs_r
                0x08009ae4       0xb6 D:/CODIng/Embedded C/MCU1/SETUP/STM32CubeIDE_1.16.0/STM32CubeIDE/plugins/com.st.stm32cube.ide.mcu.externaltools.gnu-tools-for-stm32.13.3.rel1.win32_1.0.0.202411081344/tools/bin/../lib/gcc/arm-none-eabi/13.3.1/../../../../arm-none-eabi/lib/thumb/v7e-m+fp/hard\libc_nano.a(libc_a-nano-svfprintf.o)
                0x08009ae4                __ssputs_r
 *fill*         0x08009b9a        0x2 
 .text._svfprintf_r
                0x08009b9c      0x1f8 D:/CODIng/Embedded C/MCU1/SETUP/STM32CubeIDE_1.16.0/STM32CubeIDE/plugins/com.st.stm32cube.ide.mcu.externaltools.gnu-tools-for-stm32.13.3.rel1.win32_1.0.0.202411081344/tools/bin/../lib/gcc/arm-none-eabi/13.3.1/../../../../arm-none-eabi/lib/thumb/v7e-m+fp/hard\libc_nano.a(libc_a-nano-svfprintf.o)
                0x08009b9c                _svfiprintf_r
                0x08009b9c                _svfprintf_r
 .text._printf_common
                0x08009d94       0xda D:/CODIng/Embedded C/MCU1/SETUP/STM32CubeIDE_1.16.0/STM32CubeIDE/plugins/com.st.stm32cube.ide.mcu.externaltools.gnu-tools-for-stm32.13.3.rel1.win32_1.0.0.202411081344/tools/bin/../lib/gcc/arm-none-eabi/13.3.1/../../../../arm-none-eabi/lib/thumb/v7e-m+fp/hard\libc_nano.a(libc_a-nano-vfprintf_i.o)
                0x08009d94                _printf_common
 *fill*         0x08009e6e        0x2 
 .text._printf_i
                0x08009e70      0x23c D:/CODIng/Embedded C/MCU1/SETUP/STM32CubeIDE_1.16.0/STM32CubeIDE/plugins/com.st.stm32cube.ide.mcu.externaltools.gnu-tools-for-stm32.13.3.rel1.win32_1.0.0.202411081344/tools/bin/../lib/gcc/arm-none-eabi/13.3.1/../../../../arm-none-eabi/lib/thumb/v7e-m+fp/hard\libc_nano.a(libc_a-nano-vfprintf_i.o)
                0x08009e70                _printf_i
 .text.memmove  0x0800a0ac       0x34 D:/CODIng/Embedded C/MCU1/SETUP/STM32CubeIDE_1.16.0/STM32CubeIDE/plugins/com.st.stm32cube.ide.mcu.externaltools.gnu-tools-for-stm32.13.3.rel1.win32_1.0.0.202411081344/tools/bin/../lib/gcc/arm-none-eabi/13.3.1/../../../../arm-none-eabi/lib/thumb/v7e-m+fp/hard\libc_nano.a(libc_a-memmove.o)
                0x0800a0ac                memmove
 .text._sbrk_r  0x0800a0e0       0x20 D:/CODIng/Embedded C/MCU1/SETUP/STM32CubeIDE_1.16.0/STM32CubeIDE/plugins/com.st.stm32cube.ide.mcu.externaltools.gnu-tools-for-stm32.13.3.rel1.win32_1.0.0.202411081344/tools/bin/../lib/gcc/arm-none-eabi/13.3.1/../../../../arm-none-eabi/lib/thumb/v7e-m+fp/hard\libc_nano.a(libc_a-sbrkr.o)
                0x0800a0e0                _sbrk_r
 .text.memcpy   0x0800a100       0x1c D:/CODIng/Embedded C/MCU1/SETUP/STM32CubeIDE_1.16.0/STM32CubeIDE/plugins/com.st.stm32cube.ide.mcu.externaltools.gnu-tools-for-stm32.13.3.rel1.win32_1.0.0.202411081344/tools/bin/../lib/gcc/arm-none-eabi/13.3.1/../../../../arm-none-eabi/lib/thumb/v7e-m+fp/hard\libc_nano.a(libc_a-memcpy-stub.o)
                0x0800a100                memcpy
 .text._realloc_r
                0x0800a11c       0x5c D:/CODIng/Embedded C/MCU1/SETUP/STM32CubeIDE_1.16.0/STM32CubeIDE/plugins/com.st.stm32cube.ide.mcu.externaltools.gnu-tools-for-stm32.13.3.rel1.win32_1.0.0.202411081344/tools/bin/../lib/gcc/arm-none-eabi/13.3.1/../../../../arm-none-eabi/lib/thumb/v7e-m+fp/hard\libc_nano.a(libc_a-reallocr.o)
                0x0800a11c                _realloc_r
 .text._malloc_usable_size_r
                0x0800a178       0x10 D:/CODIng/Embedded C/MCU1/SETUP/STM32CubeIDE_1.16.0/STM32CubeIDE/plugins/com.st.stm32cube.ide.mcu.externaltools.gnu-tools-for-stm32.13.3.rel1.win32_1.0.0.202411081344/tools/bin/../lib/gcc/arm-none-eabi/13.3.1/../../../../arm-none-eabi/lib/thumb/v7e-m+fp/hard\libc_nano.a(libc_a-msizer.o)
                0x0800a178                _malloc_usable_size_r
 .text.atan2    0x0800a188        0x4 D:/CODIng/Embedded C/MCU1/SETUP/STM32CubeIDE_1.16.0/STM32CubeIDE/plugins/com.st.stm32cube.ide.mcu.externaltools.gnu-tools-for-stm32.13.3.rel1.win32_1.0.0.202411081344/tools/bin/../lib/gcc/arm-none-eabi/13.3.1/../../../../arm-none-eabi/lib/thumb/v7e-m+fp/hard\libm.a(libm_a-w_atan2.o)
                0x0800a188                atan2
 .text.sqrt     0x0800a18c       0x58 D:/CODIng/Embedded C/MCU1/SETUP/STM32CubeIDE_1.16.0/STM32CubeIDE/plugins/com.st.stm32cube.ide.mcu.externaltools.gnu-tools-for-stm32.13.3.rel1.win32_1.0.0.202411081344/tools/bin/../lib/gcc/arm-none-eabi/13.3.1/../../../../arm-none-eabi/lib/thumb/v7e-m+fp/hard\libm.a(libm_a-w_sqrt.o)
                0x0800a18c                sqrt
 *fill*         0x0800a1e4        0x4 
 .text.atan     0x0800a1e8      0x330 D:/CODIng/Embedded C/MCU1/SETUP/STM32CubeIDE_1.16.0/STM32CubeIDE/plugins/com.st.stm32cube.ide.mcu.externaltools.gnu-tools-for-stm32.13.3.rel1.win32_1.0.0.202411081344/tools/bin/../lib/gcc/arm-none-eabi/13.3.1/../../../../arm-none-eabi/lib/thumb/v7e-m+fp/hard\libm.a(libm_a-s_atan.o)
                0x0800a1e8                atan
 .text.fabs     0x0800a518       0x10 D:/CODIng/Embedded C/MCU1/SETUP/STM32CubeIDE_1.16.0/STM32CubeIDE/plugins/com.st.stm32cube.ide.mcu.externaltools.gnu-tools-for-stm32.13.3.rel1.win32_1.0.0.202411081344/tools/bin/../lib/gcc/arm-none-eabi/13.3.1/../../../../arm-none-eabi/lib/thumb/v7e-m+fp/hard\libm.a(libm_a-s_fabs.o)
                0x0800a518                fabs
 .text.__ieee754_sqrt
                0x0800a528      0x1ac D:/CODIng/Embedded C/MCU1/SETUP/STM32CubeIDE_1.16.0/STM32CubeIDE/plugins/com.st.stm32cube.ide.mcu.externaltools.gnu-tools-for-stm32.13.3.rel1.win32_1.0.0.202411081344/tools/bin/../lib/gcc/arm-none-eabi/13.3.1/../../../../arm-none-eabi/lib/thumb/v7e-m+fp/hard\libm.a(libm_a-e_sqrt.o)
                0x0800a528                __ieee754_sqrt
 *fill*         0x0800a6d4        0x4 
 .text.__ieee754_atan2
                0x0800a6d8      0x18c D:/CODIng/Embedded C/MCU1/SETUP/STM32CubeIDE_1.16.0/STM32CubeIDE/plugins/com.st.stm32cube.ide.mcu.externaltools.gnu-tools-for-stm32.13.3.rel1.win32_1.0.0.202411081344/tools/bin/../lib/gcc/arm-none-eabi/13.3.1/../../../../arm-none-eabi/lib/thumb/v7e-m+fp/hard\libm.a(libm_a-e_atan2.o)
                0x0800a6d8                __ieee754_atan2
 *(.glue_7)
 .glue_7        0x0800a864        0x0 linker stubs
 *(.glue_7t)
 .glue_7t       0x0800a864        0x0 linker stubs
 *(.eh_frame)
 .eh_frame      0x0800a864        0x0 D:/CODIng/Embedded C/MCU1/SETUP/STM32CubeIDE_1.16.0/STM32CubeIDE/plugins/com.st.stm32cube.ide.mcu.externaltools.gnu-tools-for-stm32.13.3.rel1.win32_1.0.0.202411081344/tools/bin/../lib/gcc/arm-none-eabi/13.3.1/thumb/v7e-m+fp/hard/crtbegin.o
 *(.init)
 .init          0x0800a864        0x4 D:/CODIng/Embedded C/MCU1/SETUP/STM32CubeIDE_1.16.0/STM32CubeIDE/plugins/com.st.stm32cube.ide.mcu.externaltools.gnu-tools-for-stm32.13.3.rel1.win32_1.0.0.202411081344/tools/bin/../lib/gcc/arm-none-eabi/13.3.1/thumb/v7e-m+fp/hard/crti.o
                0x0800a864                _init
 .init          0x0800a868        0x8 D:/CODIng/Embedded C/MCU1/SETUP/STM32CubeIDE_1.16.0/STM32CubeIDE/plugins/com.st.stm32cube.ide.mcu.externaltools.gnu-tools-for-stm32.13.3.rel1.win32_1.0.0.202411081344/tools/bin/../lib/gcc/arm-none-eabi/13.3.1/thumb/v7e-m+fp/hard/crtn.o
 *(.fini)
 .fini          0x0800a870        0x4 D:/CODIng/Embedded C/MCU1/SETUP/STM32CubeIDE_1.16.0/STM32CubeIDE/plugins/com.st.stm32cube.ide.mcu.externaltools.gnu-tools-for-stm32.13.3.rel1.win32_1.0.0.202411081344/tools/bin/../lib/gcc/arm-none-eabi/13.3.1/thumb/v7e-m+fp/hard/crti.o
                0x0800a870                _fini
 .fini          0x0800a874        0x8 D:/CODIng/Embedded C/MCU1/SETUP/STM32CubeIDE_1.16.0/STM32CubeIDE/plugins/com.st.stm32cube.ide.mcu.externaltools.gnu-tools-for-stm32.13.3.rel1.win32_1.0.0.202411081344/tools/bin/../lib/gcc/arm-none-eabi/13.3.1/thumb/v7e-m+fp/hard/crtn.o
                0x0800a87c                        . = ALIGN (0x4)
                0x0800a87c                        _etext = .

.vfp11_veneer   0x0800a87c        0x0
 .vfp11_veneer  0x0800a87c        0x0 linker stubs

.v4_bx          0x0800a87c        0x0
 .v4_bx         0x0800a87c        0x0 linker stubs

.iplt           0x0800a87c        0x0
 .iplt          0x0800a87c        0x0 D:/CODIng/Embedded C/MCU1/SETUP/STM32CubeIDE_1.16.0/STM32CubeIDE/plugins/com.st.stm32cube.ide.mcu.externaltools.gnu-tools-for-stm32.13.3.rel1.win32_1.0.0.202411081344/tools/bin/../lib/gcc/arm-none-eabi/13.3.1/thumb/v7e-m+fp/hard/crtbegin.o

.rodata         0x0800a880      0x210
                0x0800a880                        . = ALIGN (0x4)
 *(.rodata)
 .rodata        0x0800a880      0x102 ./Core/Src/main.o
 *fill*         0x0800a982        0x2 
 .rodata        0x0800a984       0x3e ./USB_DEVICE/App/usbd_desc.o
 *(.rodata*)
 *fill*         0x0800a9c2        0x2 
 .rodata.AHBPrescTable
                0x0800a9c4       0x10 ./Core/Src/system_stm32f4xx.o
                0x0800a9c4                AHBPrescTable
 .rodata.APBPrescTable
                0x0800a9d4        0x8 ./Core/Src/system_stm32f4xx.o
                0x0800a9d4                APBPrescTable
 .rodata._svfprintf_r.str1.1
                0x0800a9dc       0x33 D:/CODIng/Embedded C/MCU1/SETUP/STM32CubeIDE_1.16.0/STM32CubeIDE/plugins/com.st.stm32cube.ide.mcu.externaltools.gnu-tools-for-stm32.13.3.rel1.win32_1.0.0.202411081344/tools/bin/../lib/gcc/arm-none-eabi/13.3.1/../../../../arm-none-eabi/lib/thumb/v7e-m+fp/hard\libc_nano.a(libc_a-nano-svfprintf.o)
                                 0x11 (size before relaxing)
 .rodata._printf_i.str1.1
                0x0800aa0f       0x22 D:/CODIng/Embedded C/MCU1/SETUP/STM32CubeIDE_1.16.0/STM32CubeIDE/plugins/com.st.stm32cube.ide.mcu.externaltools.gnu-tools-for-stm32.13.3.rel1.win32_1.0.0.202411081344/tools/bin/../lib/gcc/arm-none-eabi/13.3.1/../../../../arm-none-eabi/lib/thumb/v7e-m+fp/hard\libc_nano.a(libc_a-nano-vfprintf_i.o)
 *fill*         0x0800aa0f        0x1 
 .rodata.atanlo
                0x0800aa10       0x20 D:/CODIng/Embedded C/MCU1/SETUP/STM32CubeIDE_1.16.0/STM32CubeIDE/plugins/com.st.stm32cube.ide.mcu.externaltools.gnu-tools-for-stm32.13.3.rel1.win32_1.0.0.202411081344/tools/bin/../lib/gcc/arm-none-eabi/13.3.1/../../../../arm-none-eabi/lib/thumb/v7e-m+fp/hard\libm.a(libm_a-s_atan.o)
 .rodata.atanhi
                0x0800aa30       0x20 D:/CODIng/Embedded C/MCU1/SETUP/STM32CubeIDE_1.16.0/STM32CubeIDE/plugins/com.st.stm32cube.ide.mcu.externaltools.gnu-tools-for-stm32.13.3.rel1.win32_1.0.0.202411081344/tools/bin/../lib/gcc/arm-none-eabi/13.3.1/../../../../arm-none-eabi/lib/thumb/v7e-m+fp/hard\libm.a(libm_a-s_atan.o)
 .rodata.tiny   0x0800aa50        0x8 D:/CODIng/Embedded C/MCU1/SETUP/STM32CubeIDE_1.16.0/STM32CubeIDE/plugins/com.st.stm32cube.ide.mcu.externaltools.gnu-tools-for-stm32.13.3.rel1.win32_1.0.0.202411081344/tools/bin/../lib/gcc/arm-none-eabi/13.3.1/../../../../arm-none-eabi/lib/thumb/v7e-m+fp/hard\libm.a(libm_a-e_sqrt.o)
 .rodata.one    0x0800aa58        0x8 D:/CODIng/Embedded C/MCU1/SETUP/STM32CubeIDE_1.16.0/STM32CubeIDE/plugins/com.st.stm32cube.ide.mcu.externaltools.gnu-tools-for-stm32.13.3.rel1.win32_1.0.0.202411081344/tools/bin/../lib/gcc/arm-none-eabi/13.3.1/../../../../arm-none-eabi/lib/thumb/v7e-m+fp/hard\libm.a(libm_a-e_sqrt.o)
 .rodata.CSWTCH.9
                0x0800aa60       0x18 D:/CODIng/Embedded C/MCU1/SETUP/STM32CubeIDE_1.16.0/STM32CubeIDE/plugins/com.st.stm32cube.ide.mcu.externaltools.gnu-tools-for-stm32.13.3.rel1.win32_1.0.0.202411081344/tools/bin/../lib/gcc/arm-none-eabi/13.3.1/../../../../arm-none-eabi/lib/thumb/v7e-m+fp/hard\libm.a(libm_a-e_atan2.o)
 .rodata.CSWTCH.8
                0x0800aa78       0x18 D:/CODIng/Embedded C/MCU1/SETUP/STM32CubeIDE_1.16.0/STM32CubeIDE/plugins/com.st.stm32cube.ide.mcu.externaltools.gnu-tools-for-stm32.13.3.rel1.win32_1.0.0.202411081344/tools/bin/../lib/gcc/arm-none-eabi/13.3.1/../../../../arm-none-eabi/lib/thumb/v7e-m+fp/hard\libm.a(libm_a-e_atan2.o)
                0x0800aa90                        . = ALIGN (0x4)

.ARM.extab      0x0800aa90        0x0
                0x0800aa90                        . = ALIGN (0x4)
 *(.ARM.extab* .gnu.linkonce.armextab.*)
                0x0800aa90                        . = ALIGN (0x4)

.ARM            0x0800aa90        0x8
                0x0800aa90                        . = ALIGN (0x4)
                0x0800aa90                        __exidx_start = .
 *(.ARM.exidx*)
 .ARM.exidx     0x0800aa90        0x8 D:/CODIng/Embedded C/MCU1/SETUP/STM32CubeIDE_1.16.0/STM32CubeIDE/plugins/com.st.stm32cube.ide.mcu.externaltools.gnu-tools-for-stm32.13.3.rel1.win32_1.0.0.202411081344/tools/bin/../lib/gcc/arm-none-eabi/13.3.1/../../../../arm-none-eabi/lib/thumb/v7e-m+fp/hard\libc_nano.a(libc_a-strlen.o)
 .ARM.exidx     0x0800aa98        0x0 D:/CODIng/Embedded C/MCU1/SETUP/STM32CubeIDE_1.16.0/STM32CubeIDE/plugins/com.st.stm32cube.ide.mcu.externaltools.gnu-tools-for-stm32.13.3.rel1.win32_1.0.0.202411081344/tools/bin/../lib/gcc/arm-none-eabi/13.3.1/../../../../arm-none-eabi/lib/thumb/v7e-m+fp/hard\libc_nano.a(libc_a-memchr.o)
                                  0x8 (size before relaxing)
 .ARM.exidx     0x0800aa98        0x0 D:/CODIng/Embedded C/MCU1/SETUP/STM32CubeIDE_1.16.0/STM32CubeIDE/plugins/com.st.stm32cube.ide.mcu.externaltools.gnu-tools-for-stm32.13.3.rel1.win32_1.0.0.202411081344/tools/bin/../lib/gcc/arm-none-eabi/13.3.1/thumb/v7e-m+fp/hard\libgcc.a(_udivmoddi4.o)
                                  0x8 (size before relaxing)
                0x0800aa98                        __exidx_end = .
                0x0800aa98                        . = ALIGN (0x4)

.preinit_array  0x0800aa98        0x0
                0x0800aa98                        . = ALIGN (0x4)
                0x0800aa98                        PROVIDE (__preinit_array_start = .)
 *(.preinit_array*)
                0x0800aa98                        PROVIDE (__preinit_array_end = .)
                0x0800aa98                        . = ALIGN (0x4)

.init_array     0x0800aa98        0x4
                0x0800aa98                        . = ALIGN (0x4)
                0x0800aa98                        PROVIDE (__init_array_start = .)
 *(SORT_BY_NAME(.init_array.*))
 *(.init_array*)
 .init_array    0x0800aa98        0x4 D:/CODIng/Embedded C/MCU1/SETUP/STM32CubeIDE_1.16.0/STM32CubeIDE/plugins/com.st.stm32cube.ide.mcu.externaltools.gnu-tools-for-stm32.13.3.rel1.win32_1.0.0.202411081344/tools/bin/../lib/gcc/arm-none-eabi/13.3.1/thumb/v7e-m+fp/hard/crtbegin.o
                0x0800aa9c                        PROVIDE (__init_array_end = .)
                0x0800aa9c                        . = ALIGN (0x4)

.fini_array     0x0800aa9c        0x4
                0x0800aa9c                        . = ALIGN (0x4)
                [!provide]                        PROVIDE (__fini_array_start = .)
 *(SORT_BY_NAME(.fini_array.*))
 *(.fini_array*)
 .fini_array    0x0800aa9c        0x4 D:/CODIng/Embedded C/MCU1/SETUP/STM32CubeIDE_1.16.0/STM32CubeIDE/plugins/com.st.stm32cube.ide.mcu.externaltools.gnu-tools-for-stm32.13.3.rel1.win32_1.0.0.202411081344/tools/bin/../lib/gcc/arm-none-eabi/13.3.1/thumb/v7e-m+fp/hard/crtbegin.o
                [!provide]                        PROVIDE (__fini_array_end = .)
                0x0800aaa0                        . = ALIGN (0x4)
                0x0800aaa0                        _sidata = LOADADDR (.data)

.rel.dyn        0x0800aaa0        0x0
 .rel.iplt      0x0800aaa0        0x0 D:/CODIng/Embedded C/MCU1/SETUP/STM32CubeIDE_1.16.0/STM32CubeIDE/plugins/com.st.stm32cube.ide.mcu.externaltools.gnu-tools-for-stm32.13.3.rel1.win32_1.0.0.202411081344/tools/bin/../lib/gcc/arm-none-eabi/13.3.1/thumb/v7e-m+fp/hard/crtbegin.o

.data           0x20000000      0x1fc load address 0x0800aaa0
                0x20000000                        . = ALIGN (0x4)
                0x20000000                        _sdata = .
 *(.data)
 *(.data*)
 .data.KalmanX  0x20000000       0x48 ./Core/Src/mpu6050.o
                0x20000000                KalmanX
 .data.KalmanY  0x20000048       0x48 ./Core/Src/mpu6050.o
                0x20000048                KalmanY
 .data.SystemCoreClock
                0x20000090        0x4 ./Core/Src/system_stm32f4xx.o
                0x20000090                SystemCoreClock
 .data.uwTickPrio
                0x20000094        0x4 ./Drivers/STM32F4xx_HAL_Driver/Src/stm32f4xx_hal.o
                0x20000094                uwTickPrio
 .data.uwTickFreq
                0x20000098        0x1 ./Drivers/STM32F4xx_HAL_Driver/Src/stm32f4xx_hal.o
                0x20000098                uwTickFreq
 *fill*         0x20000099        0x3 
 .data.USBD_HID
                0x2000009c       0x38 ./Middlewares/ST/STM32_USB_Device_Library/Class/HID/Src/usbd_hid.o
                0x2000009c                USBD_HID
 .data.USBD_HID_CfgDesc
                0x200000d4       0x22 ./Middlewares/ST/STM32_USB_Device_Library/Class/HID/Src/usbd_hid.o
 *fill*         0x200000f6        0x2 
 .data.USBD_HID_Desc
                0x200000f8        0x9 ./Middlewares/ST/STM32_USB_Device_Library/Class/HID/Src/usbd_hid.o
 *fill*         0x20000101        0x3 
 .data.USBD_HID_DeviceQualifierDesc
                0x20000104        0xa ./Middlewares/ST/STM32_USB_Device_Library/Class/HID/Src/usbd_hid.o
 *fill*         0x2000010e        0x2 
 .data.HID_MOUSE_ReportDesc
                0x20000110       0x4a ./Middlewares/ST/STM32_USB_Device_Library/Class/HID/Src/usbd_hid.o
 .data.HIDInEpAdd
                0x2000015a        0x1 ./Middlewares/ST/STM32_USB_Device_Library/Class/HID/Src/usbd_hid.o
 *fill*         0x2000015b        0x1 
 .data.FS_Desc  0x2000015c       0x1c ./USB_DEVICE/App/usbd_desc.o
                0x2000015c                FS_Desc
 .data.USBD_FS_DeviceDesc
                0x20000178       0x12 ./USB_DEVICE/App/usbd_desc.o
                0x20000178                USBD_FS_DeviceDesc
 *fill*         0x2000018a        0x2 
 .data.USBD_LangIDDesc
                0x2000018c        0x4 ./USB_DEVICE/App/usbd_desc.o
                0x2000018c                USBD_LangIDDesc
 .data.USBD_StringSerial
                0x20000190       0x1a ./USB_DEVICE/App/usbd_desc.o
                0x20000190                USBD_StringSerial
 *fill*         0x200001aa        0x2 
 .data._impure_ptr
                0x200001ac        0x4 D:/CODIng/Embedded C/MCU1/SETUP/STM32CubeIDE_1.16.0/STM32CubeIDE/plugins/com.st.stm32cube.ide.mcu.externaltools.gnu-tools-for-stm32.13.3.rel1.win32_1.0.0.202411081344/tools/bin/../lib/gcc/arm-none-eabi/13.3.1/../../../../arm-none-eabi/lib/thumb/v7e-m+fp/hard\libc_nano.a(libc_a-impure.o)
                0x200001ac                _impure_ptr
 .data._impure_data
                0x200001b0       0x4c D:/CODIng/Embedded C/MCU1/SETUP/STM32CubeIDE_1.16.0/STM32CubeIDE/plugins/com.st.stm32cube.ide.mcu.externaltools.gnu-tools-for-stm32.13.3.rel1.win32_1.0.0.202411081344/tools/bin/../lib/gcc/arm-none-eabi/13.3.1/../../../../arm-none-eabi/lib/thumb/v7e-m+fp/hard\libc_nano.a(libc_a-impure.o)
                0x200001b0                _impure_data
 *(.RamFunc)
 *(.RamFunc*)
                0x200001fc                        . = ALIGN (0x4)
                0x200001fc                        _edata = .
                0x0800ac9c                        _siccmram = LOADADDR (.ccmram)

.igot.plt       0x200001fc        0x0 load address 0x0800ac9c
 .igot.plt      0x200001fc        0x0 D:/CODIng/Embedded C/MCU1/SETUP/STM32CubeIDE_1.16.0/STM32CubeIDE/plugins/com.st.stm32cube.ide.mcu.externaltools.gnu-tools-for-stm32.13.3.rel1.win32_1.0.0.202411081344/tools/bin/../lib/gcc/arm-none-eabi/13.3.1/thumb/v7e-m+fp/hard/crtbegin.o

.ccmram         0x10000000        0x0 load address 0x0800ac9c
                0x10000000                        . = ALIGN (0x4)
                0x10000000                        _sccmram = .
 *(.ccmram)
 *(.ccmram*)
                0x10000000                        . = ALIGN (0x4)
                0x10000000                        _eccmram = .
                0x10000000                        . = ALIGN (0x4)

.bss            0x20000200      0xc3c
                0x20000200                        _sbss = .
                0x20000200                        __bss_start__ = _sbss
 *(.bss)
 .bss           0x20000200       0x1c D:/CODIng/Embedded C/MCU1/SETUP/STM32CubeIDE_1.16.0/STM32CubeIDE/plugins/com.st.stm32cube.ide.mcu.externaltools.gnu-tools-for-stm32.13.3.rel1.win32_1.0.0.202411081344/tools/bin/../lib/gcc/arm-none-eabi/13.3.1/thumb/v7e-m+fp/hard/crtbegin.o
 *(.bss*)
 .bss.hi2c1     0x2000021c       0x54 ./Core/Src/i2c.o
                0x2000021c                hi2c1
 .bss.MPU6050   0x20000270       0x58 ./Core/Src/main.o
                0x20000270                MPU6050
 .bss.huart1    0x200002c8       0x48 ./Core/Src/main.o
                0x200002c8                huart1
 .bss.timer     0x20000310        0x4 ./Core/Src/mpu6050.o
                0x20000310                timer
 .bss.__sbrk_heap_end
                0x20000314        0x4 ./Core/Src/sysmem.o
 .bss.uwTick    0x20000318        0x4 ./Drivers/STM32F4xx_HAL_Driver/Src/stm32f4xx_hal.o
                0x20000318                uwTick
 .bss.cfgidx.0  0x2000031c        0x1 ./Middlewares/ST/STM32_USB_Device_Library/Core/Src/usbd_ctlreq.o
 *fill*         0x2000031d        0x3 
 .bss.hUsbDeviceFS
                0x20000320      0x2dc ./USB_DEVICE/App/usb_device.o
                0x20000320                hUsbDeviceFS
 .bss.USBD_StrDesc
                0x200005fc      0x200 ./USB_DEVICE/App/usbd_desc.o
                0x200005fc                USBD_StrDesc
 .bss.hpcd_USB_OTG_FS
                0x200007fc      0x4e4 ./USB_DEVICE/Target/usbd_conf.o
                0x200007fc                hpcd_USB_OTG_FS
 .bss.mem.0     0x20000ce0       0x14 ./USB_DEVICE/Target/usbd_conf.o
 .bss.__sf      0x20000cf4      0x138 D:/CODIng/Embedded C/MCU1/SETUP/STM32CubeIDE_1.16.0/STM32CubeIDE/plugins/com.st.stm32cube.ide.mcu.externaltools.gnu-tools-for-stm32.13.3.rel1.win32_1.0.0.202411081344/tools/bin/../lib/gcc/arm-none-eabi/13.3.1/../../../../arm-none-eabi/lib/thumb/v7e-m+fp/hard\libc_nano.a(libc_a-findfp.o)
                0x20000cf4                __sf
 .bss.errno     0x20000e2c        0x4 D:/CODIng/Embedded C/MCU1/SETUP/STM32CubeIDE_1.16.0/STM32CubeIDE/plugins/com.st.stm32cube.ide.mcu.externaltools.gnu-tools-for-stm32.13.3.rel1.win32_1.0.0.202411081344/tools/bin/../lib/gcc/arm-none-eabi/13.3.1/../../../../arm-none-eabi/lib/thumb/v7e-m+fp/hard\libc_nano.a(libc_a-reent.o)
                0x20000e2c                errno
 .bss.__lock___malloc_recursive_mutex
                0x20000e30        0x1 D:/CODIng/Embedded C/MCU1/SETUP/STM32CubeIDE_1.16.0/STM32CubeIDE/plugins/com.st.stm32cube.ide.mcu.externaltools.gnu-tools-for-stm32.13.3.rel1.win32_1.0.0.202411081344/tools/bin/../lib/gcc/arm-none-eabi/13.3.1/../../../../arm-none-eabi/lib/thumb/v7e-m+fp/hard\libc_nano.a(libc_a-lock.o)
                0x20000e30                __lock___malloc_recursive_mutex
 *fill*         0x20000e31        0x3 
 .bss.__malloc_sbrk_start
                0x20000e34        0x4 D:/CODIng/Embedded C/MCU1/SETUP/STM32CubeIDE_1.16.0/STM32CubeIDE/plugins/com.st.stm32cube.ide.mcu.externaltools.gnu-tools-for-stm32.13.3.rel1.win32_1.0.0.202411081344/tools/bin/../lib/gcc/arm-none-eabi/13.3.1/../../../../arm-none-eabi/lib/thumb/v7e-m+fp/hard\libc_nano.a(libc_a-mallocr.o)
                0x20000e34                __malloc_sbrk_start
 .bss.__malloc_free_list
                0x20000e38        0x4 D:/CODIng/Embedded C/MCU1/SETUP/STM32CubeIDE_1.16.0/STM32CubeIDE/plugins/com.st.stm32cube.ide.mcu.externaltools.gnu-tools-for-stm32.13.3.rel1.win32_1.0.0.202411081344/tools/bin/../lib/gcc/arm-none-eabi/13.3.1/../../../../arm-none-eabi/lib/thumb/v7e-m+fp/hard\libc_nano.a(libc_a-mallocr.o)
                0x20000e38                __malloc_free_list
 *(COMMON)
                0x20000e3c                        . = ALIGN (0x4)
                0x20000e3c                        _ebss = .
                0x20000e3c                        __bss_end__ = _ebss

._user_heap_stack
                0x20000e3c      0x604
                0x20000e40                        . = ALIGN (0x8)
 *fill*         0x20000e3c        0x4 
                [!provide]                        PROVIDE (end = .)
                0x20000e40                        PROVIDE (_end = .)
                0x20001040                        . = (. + _Min_Heap_Size)
 *fill*         0x20000e40      0x200 
                0x20001440                        . = (. + _Min_Stack_Size)
 *fill*         0x20001040      0x400 
                0x20001440                        . = ALIGN (0x8)

/DISCARD/
 libc.a(*)
 libm.a(*)
 libgcc.a(*)

.ARM.attributes
                0x00000000       0x30
 *(.ARM.attributes)
 .ARM.attributes
                0x00000000       0x22 D:/CODIng/Embedded C/MCU1/SETUP/STM32CubeIDE_1.16.0/STM32CubeIDE/plugins/com.st.stm32cube.ide.mcu.externaltools.gnu-tools-for-stm32.13.3.rel1.win32_1.0.0.202411081344/tools/bin/../lib/gcc/arm-none-eabi/13.3.1/thumb/v7e-m+fp/hard/crti.o
 .ARM.attributes
                0x00000022       0x34 D:/CODIng/Embedded C/MCU1/SETUP/STM32CubeIDE_1.16.0/STM32CubeIDE/plugins/com.st.stm32cube.ide.mcu.externaltools.gnu-tools-for-stm32.13.3.rel1.win32_1.0.0.202411081344/tools/bin/../lib/gcc/arm-none-eabi/13.3.1/thumb/v7e-m+fp/hard/crtbegin.o
 .ARM.attributes
                0x00000056       0x34 ./Core/Src/i2c.o
 .ARM.attributes
                0x0000008a       0x34 ./Core/Src/main.o
 .ARM.attributes
                0x000000be       0x34 ./Core/Src/mpu6050.o
 .ARM.attributes
                0x000000f2       0x34 ./Core/Src/stm32f4xx_hal_msp.o
 .ARM.attributes
                0x00000126       0x34 ./Core/Src/stm32f4xx_it.o
 .ARM.attributes
                0x0000015a       0x34 ./Core/Src/sysmem.o
 .ARM.attributes
                0x0000018e       0x34 ./Core/Src/system_stm32f4xx.o
 .ARM.attributes
                0x000001c2       0x21 ./Core/Startup/startup_stm32f407vetx.o
 .ARM.attributes
                0x000001e3       0x34 ./Drivers/STM32F4xx_HAL_Driver/Src/stm32f4xx_hal.o
 .ARM.attributes
                0x00000217       0x34 ./Drivers/STM32F4xx_HAL_Driver/Src/stm32f4xx_hal_cortex.o
 .ARM.attributes
                0x0000024b       0x34 ./Drivers/STM32F4xx_HAL_Driver/Src/stm32f4xx_hal_gpio.o
 .ARM.attributes
                0x0000027f       0x34 ./Drivers/STM32F4xx_HAL_Driver/Src/stm32f4xx_hal_i2c.o
 .ARM.attributes
                0x000002b3       0x34 ./Drivers/STM32F4xx_HAL_Driver/Src/stm32f4xx_hal_pcd.o
 .ARM.attributes
                0x000002e7       0x34 ./Drivers/STM32F4xx_HAL_Driver/Src/stm32f4xx_hal_pcd_ex.o
 .ARM.attributes
                0x0000031b       0x34 ./Drivers/STM32F4xx_HAL_Driver/Src/stm32f4xx_hal_rcc.o
 .ARM.attributes
                0x0000034f       0x34 ./Drivers/STM32F4xx_HAL_Driver/Src/stm32f4xx_hal_uart.o
 .ARM.attributes
                0x00000383       0x34 ./Drivers/STM32F4xx_HAL_Driver/Src/stm32f4xx_ll_usb.o
 .ARM.attributes
                0x000003b7       0x34 ./Middlewares/ST/STM32_USB_Device_Library/Class/HID/Src/usbd_hid.o
 .ARM.attributes
                0x000003eb       0x34 ./Middlewares/ST/STM32_USB_Device_Library/Core/Src/usbd_core.o
 .ARM.attributes
                0x0000041f       0x34 ./Middlewares/ST/STM32_USB_Device_Library/Core/Src/usbd_ctlreq.o
 .ARM.attributes
                0x00000453       0x34 ./Middlewares/ST/STM32_USB_Device_Library/Core/Src/usbd_ioreq.o
 .ARM.attributes
                0x00000487       0x34 ./USB_DEVICE/App/usb_device.o
 .ARM.attributes
                0x000004bb       0x34 ./USB_DEVICE/App/usbd_desc.o
 .ARM.attributes
                0x000004ef       0x34 ./USB_DEVICE/Target/usbd_conf.o
 .ARM.attributes
                0x00000523       0x34 D:/CODIng/Embedded C/MCU1/SETUP/STM32CubeIDE_1.16.0/STM32CubeIDE/plugins/com.st.stm32cube.ide.mcu.externaltools.gnu-tools-for-stm32.13.3.rel1.win32_1.0.0.202411081344/tools/bin/../lib/gcc/arm-none-eabi/13.3.1/../../../../arm-none-eabi/lib/thumb/v7e-m+fp/hard\libc_nano.a(libc_a-findfp.o)
 .ARM.attributes
                0x00000557       0x34 D:/CODIng/Embedded C/MCU1/SETUP/STM32CubeIDE_1.16.0/STM32CubeIDE/plugins/com.st.stm32cube.ide.mcu.externaltools.gnu-tools-for-stm32.13.3.rel1.win32_1.0.0.202411081344/tools/bin/../lib/gcc/arm-none-eabi/13.3.1/../../../../arm-none-eabi/lib/thumb/v7e-m+fp/hard\libc_nano.a(libc_a-sprintf.o)
 .ARM.attributes
                0x0000058b       0x34 D:/CODIng/Embedded C/MCU1/SETUP/STM32CubeIDE_1.16.0/STM32CubeIDE/plugins/com.st.stm32cube.ide.mcu.externaltools.gnu-tools-for-stm32.13.3.rel1.win32_1.0.0.202411081344/tools/bin/../lib/gcc/arm-none-eabi/13.3.1/../../../../arm-none-eabi/lib/thumb/v7e-m+fp/hard\libc_nano.a(libc_a-memset.o)
 .ARM.attributes
                0x000005bf       0x34 D:/CODIng/Embedded C/MCU1/SETUP/STM32CubeIDE_1.16.0/STM32CubeIDE/plugins/com.st.stm32cube.ide.mcu.externaltools.gnu-tools-for-stm32.13.3.rel1.win32_1.0.0.202411081344/tools/bin/../lib/gcc/arm-none-eabi/13.3.1/../../../../arm-none-eabi/lib/thumb/v7e-m+fp/hard\libc_nano.a(libc_a-reent.o)
 .ARM.attributes
                0x000005f3       0x34 D:/CODIng/Embedded C/MCU1/SETUP/STM32CubeIDE_1.16.0/STM32CubeIDE/plugins/com.st.stm32cube.ide.mcu.externaltools.gnu-tools-for-stm32.13.3.rel1.win32_1.0.0.202411081344/tools/bin/../lib/gcc/arm-none-eabi/13.3.1/../../../../arm-none-eabi/lib/thumb/v7e-m+fp/hard\libc_nano.a(libc_a-impure.o)
 .ARM.attributes
                0x00000627       0x34 D:/CODIng/Embedded C/MCU1/SETUP/STM32CubeIDE_1.16.0/STM32CubeIDE/plugins/com.st.stm32cube.ide.mcu.externaltools.gnu-tools-for-stm32.13.3.rel1.win32_1.0.0.202411081344/tools/bin/../lib/gcc/arm-none-eabi/13.3.1/../../../../arm-none-eabi/lib/thumb/v7e-m+fp/hard\libc_nano.a(libc_a-errno.o)
 .ARM.attributes
                0x0000065b       0x34 D:/CODIng/Embedded C/MCU1/SETUP/STM32CubeIDE_1.16.0/STM32CubeIDE/plugins/com.st.stm32cube.ide.mcu.externaltools.gnu-tools-for-stm32.13.3.rel1.win32_1.0.0.202411081344/tools/bin/../lib/gcc/arm-none-eabi/13.3.1/../../../../arm-none-eabi/lib/thumb/v7e-m+fp/hard\libc_nano.a(libc_a-init.o)
 .ARM.attributes
                0x0000068f       0x34 D:/CODIng/Embedded C/MCU1/SETUP/STM32CubeIDE_1.16.0/STM32CubeIDE/plugins/com.st.stm32cube.ide.mcu.externaltools.gnu-tools-for-stm32.13.3.rel1.win32_1.0.0.202411081344/tools/bin/../lib/gcc/arm-none-eabi/13.3.1/../../../../arm-none-eabi/lib/thumb/v7e-m+fp/hard\libc_nano.a(libc_a-lock.o)
 .ARM.attributes
                0x000006c3       0x17 D:/CODIng/Embedded C/MCU1/SETUP/STM32CubeIDE_1.16.0/STM32CubeIDE/plugins/com.st.stm32cube.ide.mcu.externaltools.gnu-tools-for-stm32.13.3.rel1.win32_1.0.0.202411081344/tools/bin/../lib/gcc/arm-none-eabi/13.3.1/../../../../arm-none-eabi/lib/thumb/v7e-m+fp/hard\libc_nano.a(libc_a-strlen.o)
 .ARM.attributes
                0x000006da       0x34 D:/CODIng/Embedded C/MCU1/SETUP/STM32CubeIDE_1.16.0/STM32CubeIDE/plugins/com.st.stm32cube.ide.mcu.externaltools.gnu-tools-for-stm32.13.3.rel1.win32_1.0.0.202411081344/tools/bin/../lib/gcc/arm-none-eabi/13.3.1/../../../../arm-none-eabi/lib/thumb/v7e-m+fp/hard\libc_nano.a(libc_a-freer.o)
 .ARM.attributes
                0x0000070e       0x34 D:/CODIng/Embedded C/MCU1/SETUP/STM32CubeIDE_1.16.0/STM32CubeIDE/plugins/com.st.stm32cube.ide.mcu.externaltools.gnu-tools-for-stm32.13.3.rel1.win32_1.0.0.202411081344/tools/bin/../lib/gcc/arm-none-eabi/13.3.1/../../../../arm-none-eabi/lib/thumb/v7e-m+fp/hard\libc_nano.a(libc_a-mallocr.o)
 .ARM.attributes
                0x00000742       0x34 D:/CODIng/Embedded C/MCU1/SETUP/STM32CubeIDE_1.16.0/STM32CubeIDE/plugins/com.st.stm32cube.ide.mcu.externaltools.gnu-tools-for-stm32.13.3.rel1.win32_1.0.0.202411081344/tools/bin/../lib/gcc/arm-none-eabi/13.3.1/../../../../arm-none-eabi/lib/thumb/v7e-m+fp/hard\libc_nano.a(libc_a-mlock.o)
 .ARM.attributes
                0x00000776       0x34 D:/CODIng/Embedded C/MCU1/SETUP/STM32CubeIDE_1.16.0/STM32CubeIDE/plugins/com.st.stm32cube.ide.mcu.externaltools.gnu-tools-for-stm32.13.3.rel1.win32_1.0.0.202411081344/tools/bin/../lib/gcc/arm-none-eabi/13.3.1/../../../../arm-none-eabi/lib/thumb/v7e-m+fp/hard\libc_nano.a(libc_a-nano-svfprintf.o)
 .ARM.attributes
                0x000007aa       0x34 D:/CODIng/Embedded C/MCU1/SETUP/STM32CubeIDE_1.16.0/STM32CubeIDE/plugins/com.st.stm32cube.ide.mcu.externaltools.gnu-tools-for-stm32.13.3.rel1.win32_1.0.0.202411081344/tools/bin/../lib/gcc/arm-none-eabi/13.3.1/../../../../arm-none-eabi/lib/thumb/v7e-m+fp/hard\libc_nano.a(libc_a-nano-vfprintf_i.o)
 .ARM.attributes
                0x000007de       0x34 D:/CODIng/Embedded C/MCU1/SETUP/STM32CubeIDE_1.16.0/STM32CubeIDE/plugins/com.st.stm32cube.ide.mcu.externaltools.gnu-tools-for-stm32.13.3.rel1.win32_1.0.0.202411081344/tools/bin/../lib/gcc/arm-none-eabi/13.3.1/../../../../arm-none-eabi/lib/thumb/v7e-m+fp/hard\libc_nano.a(libc_a-memmove.o)
 .ARM.attributes
                0x00000812       0x34 D:/CODIng/Embedded C/MCU1/SETUP/STM32CubeIDE_1.16.0/STM32CubeIDE/plugins/com.st.stm32cube.ide.mcu.externaltools.gnu-tools-for-stm32.13.3.rel1.win32_1.0.0.202411081344/tools/bin/../lib/gcc/arm-none-eabi/13.3.1/../../../../arm-none-eabi/lib/thumb/v7e-m+fp/hard\libc_nano.a(libc_a-sbrkr.o)
 .ARM.attributes
                0x00000846       0x1c D:/CODIng/Embedded C/MCU1/SETUP/STM32CubeIDE_1.16.0/STM32CubeIDE/plugins/com.st.stm32cube.ide.mcu.externaltools.gnu-tools-for-stm32.13.3.rel1.win32_1.0.0.202411081344/tools/bin/../lib/gcc/arm-none-eabi/13.3.1/../../../../arm-none-eabi/lib/thumb/v7e-m+fp/hard\libc_nano.a(libc_a-memchr.o)
 .ARM.attributes
                0x00000862       0x34 D:/CODIng/Embedded C/MCU1/SETUP/STM32CubeIDE_1.16.0/STM32CubeIDE/plugins/com.st.stm32cube.ide.mcu.externaltools.gnu-tools-for-stm32.13.3.rel1.win32_1.0.0.202411081344/tools/bin/../lib/gcc/arm-none-eabi/13.3.1/../../../../arm-none-eabi/lib/thumb/v7e-m+fp/hard\libc_nano.a(libc_a-memcpy-stub.o)
 .ARM.attributes
                0x00000896       0x34 D:/CODIng/Embedded C/MCU1/SETUP/STM32CubeIDE_1.16.0/STM32CubeIDE/plugins/com.st.stm32cube.ide.mcu.externaltools.gnu-tools-for-stm32.13.3.rel1.win32_1.0.0.202411081344/tools/bin/../lib/gcc/arm-none-eabi/13.3.1/../../../../arm-none-eabi/lib/thumb/v7e-m+fp/hard\libc_nano.a(libc_a-reallocr.o)
 .ARM.attributes
                0x000008ca       0x34 D:/CODIng/Embedded C/MCU1/SETUP/STM32CubeIDE_1.16.0/STM32CubeIDE/plugins/com.st.stm32cube.ide.mcu.externaltools.gnu-tools-for-stm32.13.3.rel1.win32_1.0.0.202411081344/tools/bin/../lib/gcc/arm-none-eabi/13.3.1/../../../../arm-none-eabi/lib/thumb/v7e-m+fp/hard\libc_nano.a(libc_a-msizer.o)
 .ARM.attributes
                0x000008fe       0x34 D:/CODIng/Embedded C/MCU1/SETUP/STM32CubeIDE_1.16.0/STM32CubeIDE/plugins/com.st.stm32cube.ide.mcu.externaltools.gnu-tools-for-stm32.13.3.rel1.win32_1.0.0.202411081344/tools/bin/../lib/gcc/arm-none-eabi/13.3.1/../../../../arm-none-eabi/lib/thumb/v7e-m+fp/hard\libm.a(libm_a-w_atan2.o)
 .ARM.attributes
                0x00000932       0x34 D:/CODIng/Embedded C/MCU1/SETUP/STM32CubeIDE_1.16.0/STM32CubeIDE/plugins/com.st.stm32cube.ide.mcu.externaltools.gnu-tools-for-stm32.13.3.rel1.win32_1.0.0.202411081344/tools/bin/../lib/gcc/arm-none-eabi/13.3.1/../../../../arm-none-eabi/lib/thumb/v7e-m+fp/hard\libm.a(libm_a-w_sqrt.o)
 .ARM.attributes
                0x00000966       0x34 D:/CODIng/Embedded C/MCU1/SETUP/STM32CubeIDE_1.16.0/STM32CubeIDE/plugins/com.st.stm32cube.ide.mcu.externaltools.gnu-tools-for-stm32.13.3.rel1.win32_1.0.0.202411081344/tools/bin/../lib/gcc/arm-none-eabi/13.3.1/../../../../arm-none-eabi/lib/thumb/v7e-m+fp/hard\libm.a(libm_a-s_atan.o)
 .ARM.attributes
                0x0000099a       0x34 D:/CODIng/Embedded C/MCU1/SETUP/STM32CubeIDE_1.16.0/STM32CubeIDE/plugins/com.st.stm32cube.ide.mcu.externaltools.gnu-tools-for-stm32.13.3.rel1.win32_1.0.0.202411081344/tools/bin/../lib/gcc/arm-none-eabi/13.3.1/../../../../arm-none-eabi/lib/thumb/v7e-m+fp/hard\libm.a(libm_a-s_fabs.o)
 .ARM.attributes
                0x000009ce       0x34 D:/CODIng/Embedded C/MCU1/SETUP/STM32CubeIDE_1.16.0/STM32CubeIDE/plugins/com.st.stm32cube.ide.mcu.externaltools.gnu-tools-for-stm32.13.3.rel1.win32_1.0.0.202411081344/tools/bin/../lib/gcc/arm-none-eabi/13.3.1/../../../../arm-none-eabi/lib/thumb/v7e-m+fp/hard\libm.a(libm_a-e_sqrt.o)
 .ARM.attributes
                0x00000a02       0x34 D:/CODIng/Embedded C/MCU1/SETUP/STM32CubeIDE_1.16.0/STM32CubeIDE/plugins/com.st.stm32cube.ide.mcu.externaltools.gnu-tools-for-stm32.13.3.rel1.win32_1.0.0.202411081344/tools/bin/../lib/gcc/arm-none-eabi/13.3.1/../../../../arm-none-eabi/lib/thumb/v7e-m+fp/hard\libm.a(libm_a-e_atan2.o)
 .ARM.attributes
                0x00000a36       0x22 D:/CODIng/Embedded C/MCU1/SETUP/STM32CubeIDE_1.16.0/STM32CubeIDE/plugins/com.st.stm32cube.ide.mcu.externaltools.gnu-tools-for-stm32.13.3.rel1.win32_1.0.0.202411081344/tools/bin/../lib/gcc/arm-none-eabi/13.3.1/thumb/v7e-m+fp/hard\libgcc.a(_arm_addsubdf3.o)
 .ARM.attributes
                0x00000a58       0x22 D:/CODIng/Embedded C/MCU1/SETUP/STM32CubeIDE_1.16.0/STM32CubeIDE/plugins/com.st.stm32cube.ide.mcu.externaltools.gnu-tools-for-stm32.13.3.rel1.win32_1.0.0.202411081344/tools/bin/../lib/gcc/arm-none-eabi/13.3.1/thumb/v7e-m+fp/hard\libgcc.a(_arm_muldivdf3.o)
 .ARM.attributes
                0x00000a7a       0x22 D:/CODIng/Embedded C/MCU1/SETUP/STM32CubeIDE_1.16.0/STM32CubeIDE/plugins/com.st.stm32cube.ide.mcu.externaltools.gnu-tools-for-stm32.13.3.rel1.win32_1.0.0.202411081344/tools/bin/../lib/gcc/arm-none-eabi/13.3.1/thumb/v7e-m+fp/hard\libgcc.a(_arm_cmpdf2.o)
 .ARM.attributes
                0x00000a9c       0x22 D:/CODIng/Embedded C/MCU1/SETUP/STM32CubeIDE_1.16.0/STM32CubeIDE/plugins/com.st.stm32cube.ide.mcu.externaltools.gnu-tools-for-stm32.13.3.rel1.win32_1.0.0.202411081344/tools/bin/../lib/gcc/arm-none-eabi/13.3.1/thumb/v7e-m+fp/hard\libgcc.a(_arm_unorddf2.o)
 .ARM.attributes
                0x00000abe       0x22 D:/CODIng/Embedded C/MCU1/SETUP/STM32CubeIDE_1.16.0/STM32CubeIDE/plugins/com.st.stm32cube.ide.mcu.externaltools.gnu-tools-for-stm32.13.3.rel1.win32_1.0.0.202411081344/tools/bin/../lib/gcc/arm-none-eabi/13.3.1/thumb/v7e-m+fp/hard\libgcc.a(_arm_fixdfsi.o)
 .ARM.attributes
                0x00000ae0       0x22 D:/CODIng/Embedded C/MCU1/SETUP/STM32CubeIDE_1.16.0/STM32CubeIDE/plugins/com.st.stm32cube.ide.mcu.externaltools.gnu-tools-for-stm32.13.3.rel1.win32_1.0.0.202411081344/tools/bin/../lib/gcc/arm-none-eabi/13.3.1/thumb/v7e-m+fp/hard\libgcc.a(_aeabi_uldivmod.o)
 .ARM.attributes
                0x00000b02       0x34 D:/CODIng/Embedded C/MCU1/SETUP/STM32CubeIDE_1.16.0/STM32CubeIDE/plugins/com.st.stm32cube.ide.mcu.externaltools.gnu-tools-for-stm32.13.3.rel1.win32_1.0.0.202411081344/tools/bin/../lib/gcc/arm-none-eabi/13.3.1/thumb/v7e-m+fp/hard\libgcc.a(_udivmoddi4.o)
 .ARM.attributes
                0x00000b36       0x22 D:/CODIng/Embedded C/MCU1/SETUP/STM32CubeIDE_1.16.0/STM32CubeIDE/plugins/com.st.stm32cube.ide.mcu.externaltools.gnu-tools-for-stm32.13.3.rel1.win32_1.0.0.202411081344/tools/bin/../lib/gcc/arm-none-eabi/13.3.1/thumb/v7e-m+fp/hard\libgcc.a(_dvmd_tls.o)
 .ARM.attributes
                0x00000b58       0x22 D:/CODIng/Embedded C/MCU1/SETUP/STM32CubeIDE_1.16.0/STM32CubeIDE/plugins/com.st.stm32cube.ide.mcu.externaltools.gnu-tools-for-stm32.13.3.rel1.win32_1.0.0.202411081344/tools/bin/../lib/gcc/arm-none-eabi/13.3.1/thumb/v7e-m+fp/hard/crtn.o
OUTPUT(airmouseforlife.elf elf32-littlearm)
LOAD linker stubs
LOAD D:/CODIng/Embedded C/MCU1/SETUP/STM32CubeIDE_1.16.0/STM32CubeIDE/plugins/com.st.stm32cube.ide.mcu.externaltools.gnu-tools-for-stm32.13.3.rel1.win32_1.0.0.202411081344/tools/bin/../lib/gcc/arm-none-eabi/13.3.1/../../../../arm-none-eabi/lib/thumb/v7e-m+fp/hard\libc.a
LOAD D:/CODIng/Embedded C/MCU1/SETUP/STM32CubeIDE_1.16.0/STM32CubeIDE/plugins/com.st.stm32cube.ide.mcu.externaltools.gnu-tools-for-stm32.13.3.rel1.win32_1.0.0.202411081344/tools/bin/../lib/gcc/arm-none-eabi/13.3.1/../../../../arm-none-eabi/lib/thumb/v7e-m+fp/hard\libm.a
LOAD D:/CODIng/Embedded C/MCU1/SETUP/STM32CubeIDE_1.16.0/STM32CubeIDE/plugins/com.st.stm32cube.ide.mcu.externaltools.gnu-tools-for-stm32.13.3.rel1.win32_1.0.0.202411081344/tools/bin/../lib/gcc/arm-none-eabi/13.3.1/thumb/v7e-m+fp/hard\libgcc.a

.debug_info     0x00000000    0x1422f
 .debug_info    0x00000000      0x638 ./Core/Src/i2c.o